Archive member included to satisfy reference by file (symbol)

C:/Users/takre_9xkzqg1/Downloads/Apps/STM32CubeIDE_1.16.1/STM32CubeIDE/plugins/com.st.stm32cube.ide.mcu.externaltools.gnu-tools-for-stm32.12.3.rel1.win32_1.0.200.202406191623/tools/bin/../lib/gcc/arm-none-eabi/12.3.1/../../../../arm-none-eabi/lib/thumb/v7e-m+fp/hard\libc_nano.a(libc_a-exit.o)
                              C:/Users/takre_9xkzqg1/Downloads/Apps/STM32CubeIDE_1.16.1/STM32CubeIDE/plugins/com.st.stm32cube.ide.mcu.externaltools.gnu-tools-for-stm32.12.3.rel1.win32_1.0.200.202406191623/tools/bin/../lib/gcc/arm-none-eabi/12.3.1/../../../../arm-none-eabi/lib/thumb/v7e-m+fp/hard/crt0.o (exit)
C:/Users/takre_9xkzqg1/Downloads/Apps/STM32CubeIDE_1.16.1/STM32CubeIDE/plugins/com.st.stm32cube.ide.mcu.externaltools.gnu-tools-for-stm32.12.3.rel1.win32_1.0.200.202406191623/tools/bin/../lib/gcc/arm-none-eabi/12.3.1/../../../../arm-none-eabi/lib/thumb/v7e-m+fp/hard\libc_nano.a(libc_a-findfp.o)
                              C:/Users/takre_9xkzqg1/Downloads/Apps/STM32CubeIDE_1.16.1/STM32CubeIDE/plugins/com.st.stm32cube.ide.mcu.externaltools.gnu-tools-for-stm32.12.3.rel1.win32_1.0.200.202406191623/tools/bin/../lib/gcc/arm-none-eabi/12.3.1/../../../../arm-none-eabi/lib/thumb/v7e-m+fp/hard\libc_nano.a(libc_a-exit.o) (__stdio_exit_handler)
C:/Users/takre_9xkzqg1/Downloads/Apps/STM32CubeIDE_1.16.1/STM32CubeIDE/plugins/com.st.stm32cube.ide.mcu.externaltools.gnu-tools-for-stm32.12.3.rel1.win32_1.0.200.202406191623/tools/bin/../lib/gcc/arm-none-eabi/12.3.1/../../../../arm-none-eabi/lib/thumb/v7e-m+fp/hard\libc_nano.a(libc_a-fwalk.o)
                              C:/Users/takre_9xkzqg1/Downloads/Apps/STM32CubeIDE_1.16.1/STM32CubeIDE/plugins/com.st.stm32cube.ide.mcu.externaltools.gnu-tools-for-stm32.12.3.rel1.win32_1.0.200.202406191623/tools/bin/../lib/gcc/arm-none-eabi/12.3.1/../../../../arm-none-eabi/lib/thumb/v7e-m+fp/hard\libc_nano.a(libc_a-findfp.o) (_fwalk_sglue)
C:/Users/takre_9xkzqg1/Downloads/Apps/STM32CubeIDE_1.16.1/STM32CubeIDE/plugins/com.st.stm32cube.ide.mcu.externaltools.gnu-tools-for-stm32.12.3.rel1.win32_1.0.200.202406191623/tools/bin/../lib/gcc/arm-none-eabi/12.3.1/../../../../arm-none-eabi/lib/thumb/v7e-m+fp/hard\libc_nano.a(libc_a-sprintf.o)
                              ./Core/Src/liquidcrystal_i2c.o (sprintf)
C:/Users/takre_9xkzqg1/Downloads/Apps/STM32CubeIDE_1.16.1/STM32CubeIDE/plugins/com.st.stm32cube.ide.mcu.externaltools.gnu-tools-for-stm32.12.3.rel1.win32_1.0.200.202406191623/tools/bin/../lib/gcc/arm-none-eabi/12.3.1/../../../../arm-none-eabi/lib/thumb/v7e-m+fp/hard\libc_nano.a(libc_a-stdio.o)
                              C:/Users/takre_9xkzqg1/Downloads/Apps/STM32CubeIDE_1.16.1/STM32CubeIDE/plugins/com.st.stm32cube.ide.mcu.externaltools.gnu-tools-for-stm32.12.3.rel1.win32_1.0.200.202406191623/tools/bin/../lib/gcc/arm-none-eabi/12.3.1/../../../../arm-none-eabi/lib/thumb/v7e-m+fp/hard\libc_nano.a(libc_a-findfp.o) (__sread)
C:/Users/takre_9xkzqg1/Downloads/Apps/STM32CubeIDE_1.16.1/STM32CubeIDE/plugins/com.st.stm32cube.ide.mcu.externaltools.gnu-tools-for-stm32.12.3.rel1.win32_1.0.200.202406191623/tools/bin/../lib/gcc/arm-none-eabi/12.3.1/../../../../arm-none-eabi/lib/thumb/v7e-m+fp/hard\libc_nano.a(libc_a-memset.o)
                              C:/Users/takre_9xkzqg1/Downloads/Apps/STM32CubeIDE_1.16.1/STM32CubeIDE/plugins/com.st.stm32cube.ide.mcu.externaltools.gnu-tools-for-stm32.12.3.rel1.win32_1.0.200.202406191623/tools/bin/../lib/gcc/arm-none-eabi/12.3.1/../../../../arm-none-eabi/lib/thumb/v7e-m+fp/hard/crt0.o (memset)
C:/Users/takre_9xkzqg1/Downloads/Apps/STM32CubeIDE_1.16.1/STM32CubeIDE/plugins/com.st.stm32cube.ide.mcu.externaltools.gnu-tools-for-stm32.12.3.rel1.win32_1.0.200.202406191623/tools/bin/../lib/gcc/arm-none-eabi/12.3.1/../../../../arm-none-eabi/lib/thumb/v7e-m+fp/hard\libc_nano.a(libc_a-closer.o)
                              C:/Users/takre_9xkzqg1/Downloads/Apps/STM32CubeIDE_1.16.1/STM32CubeIDE/plugins/com.st.stm32cube.ide.mcu.externaltools.gnu-tools-for-stm32.12.3.rel1.win32_1.0.200.202406191623/tools/bin/../lib/gcc/arm-none-eabi/12.3.1/../../../../arm-none-eabi/lib/thumb/v7e-m+fp/hard\libc_nano.a(libc_a-stdio.o) (_close_r)
C:/Users/takre_9xkzqg1/Downloads/Apps/STM32CubeIDE_1.16.1/STM32CubeIDE/plugins/com.st.stm32cube.ide.mcu.externaltools.gnu-tools-for-stm32.12.3.rel1.win32_1.0.200.202406191623/tools/bin/../lib/gcc/arm-none-eabi/12.3.1/../../../../arm-none-eabi/lib/thumb/v7e-m+fp/hard\libc_nano.a(libc_a-reent.o)
                              C:/Users/takre_9xkzqg1/Downloads/Apps/STM32CubeIDE_1.16.1/STM32CubeIDE/plugins/com.st.stm32cube.ide.mcu.externaltools.gnu-tools-for-stm32.12.3.rel1.win32_1.0.200.202406191623/tools/bin/../lib/gcc/arm-none-eabi/12.3.1/../../../../arm-none-eabi/lib/thumb/v7e-m+fp/hard\libc_nano.a(libc_a-closer.o) (errno)
[...]
Memory Configuration

Name             Origin             Length             Attributes
RAM              0x20000000         0x00020000         xrw
RAM2             0x10000000         0x00008000         xrw
FLASH            0x08000000         0x00040000         xr
*default*        0x00000000         0xffffffff

Linker script and memory map

LOAD C:/Users/takre_9xkzqg1/Downloads/Apps/STM32CubeIDE_1.16.1/STM32CubeIDE/plugins/com.st.stm32cube.ide.mcu.externaltools.gnu-tools-for-stm32.12.3.rel1.win32_1.0.200.202406191623/tools/bin/../lib/gcc/arm-none-eabi/12.3.1/thumb/v7e-m+fp/hard/crti.o
LOAD C:/Users/takre_9xkzqg1/Downloads/Apps/STM32CubeIDE_1.16.1/STM32CubeIDE/plugins/com.st.stm32cube.ide.mcu.externaltools.gnu-tools-for-stm32.12.3.rel1.win32_1.0.200.202406191623/tools/bin/../lib/gcc/arm-none-eabi/12.3.1/thumb/v7e-m+fp/hard/crtbegin.o
LOAD C:/Users/takre_9xkzqg1/Downloads/Apps/STM32CubeIDE_1.16.1/STM32CubeIDE/plugins/com.st.stm32cube.ide.mcu.externaltools.gnu-tools-for-stm32.12.3.rel1.win32_1.0.200.202406191623/tools/bin/../lib/gcc/arm-none-eabi/12.3.1/../../../../arm-none-eabi/lib/thumb/v7e-m+fp/hard/crt0.o
LOAD ./Core/Src/adc.o
LOAD ./Core/Src/dht.o
LOAD ./Core/Src/light_sensor.o
LOAD ./Core/Src/liquidcrystal_i2c.o
LOAD ./Core/Src/main.o
LOAD ./Core/Src/moisture_sensor.o
LOAD ./Core/Src/plant_database.o
LOAD ./Core/Src/setup.o
LOAD ./Core/Src/stm32l4xx_hal_msp.o
LOAD ./Core/Src/stm32l4xx_it.o
LOAD ./Core/Src/syscalls.o
LOAD ./Core/Src/sysmem.o
LOAD ./Core/Src/system_stm32l4xx.o
LOAD ./Core/Src/temp_rh_sensor.o
LOAD ./Core/Src/user_interaction.o
LOAD ./Core/Src/veml7700.o
LOAD ./Core/Startup/startup_stm32l452rctx.o
LOAD ./Drivers/STM32L4xx_HAL_Driver/Src/stm32l4xx_hal.o
LOAD ./Drivers/STM32L4xx_HAL_Driver/Src/stm32l4xx_hal_adc.o
LOAD ./Drivers/STM32L4xx_HAL_Driver/Src/stm32l4xx_hal_adc_ex.o
LOAD ./Drivers/STM32L4xx_HAL_Driver/Src/stm32l4xx_hal_cortex.o
LOAD ./Drivers/STM32L4xx_HAL_Driver/Src/stm32l4xx_hal_dma.o
LOAD ./Drivers/STM32L4xx_HAL_Driver/Src/stm32l4xx_hal_dma_ex.o
LOAD ./Drivers/STM32L4xx_HAL_Driver/Src/stm32l4xx_hal_exti.o
LOAD ./Drivers/STM32L4xx_HAL_Driver/Src/stm32l4xx_hal_flash.o
LOAD ./Drivers/STM32L4xx_HAL_Driver/Src/stm32l4xx_hal_flash_ex.o
LOAD ./Drivers/STM32L4xx_HAL_Driver/Src/stm32l4xx_hal_flash_ramfunc.o
LOAD ./Drivers/STM32L4xx_HAL_Driver/Src/stm32l4xx_hal_gpio.o
LOAD ./Drivers/STM32L4xx_HAL_Driver/Src/stm32l4xx_hal_i2c.o
LOAD ./Drivers/STM32L4xx_HAL_Driver/Src/stm32l4xx_hal_i2c_ex.o
LOAD ./Drivers/STM32L4xx_HAL_Driver/Src/stm32l4xx_hal_pwr.o
LOAD ./Drivers/STM32L4xx_HAL_Driver/Src/stm32l4xx_hal_pwr_ex.o
LOAD ./Drivers/STM32L4xx_HAL_Driver/Src/stm32l4xx_hal_rcc.o
LOAD ./Drivers/STM32L4xx_HAL_Driver/Src/stm32l4xx_hal_rcc_ex.o
LOAD ./Drivers/STM32L4xx_HAL_Driver/Src/stm32l4xx_hal_rtc.o
LOAD ./Drivers/STM32L4xx_HAL_Driver/Src/stm32l4xx_hal_rtc_ex.o
LOAD ./Drivers/STM32L4xx_HAL_Driver/Src/stm32l4xx_hal_tim.o
LOAD ./Drivers/STM32L4xx_HAL_Driver/Src/stm32l4xx_hal_tim_ex.o
START GROUP
LOAD C:/Users/takre_9xkzqg1/Downloads/Apps/STM32CubeIDE_1.16.1/STM32CubeIDE/plugins/com.st.stm32cube.ide.mcu.externaltools.gnu-tools-for-stm32.12.3.rel1.win32_1.0.200.202406191623/tools/bin/../lib/gcc/arm-none-eabi/12.3.1/../../../../arm-none-eabi/lib/thumb/v7e-m+fp/hard\libc_nano.a
LOAD C:/Users/takre_9xkzqg1/Downloads/Apps/STM32CubeIDE_1.16.1/STM32CubeIDE/plugins/com.st.stm32cube.ide.mcu.externaltools.gnu-tools-for-stm32.12.3.rel1.win32_1.0.200.202406191623/tools/bin/../lib/gcc/arm-none-eabi/12.3.1/../../../../arm-none-eabi/lib/thumb/v7e-m+fp/hard\libm.a
END GROUP
START GROUP
LOAD C:/Users/takre_9xkzqg1/Downloads/Apps/STM32CubeIDE_1.16.1/STM32CubeIDE/plugins/com.st.stm32cube.ide.mcu.externaltools.gnu-tools-for-stm32.12.3.rel1.win32_1.0.200.202406191623/tools/bin/../lib/gcc/arm-none-eabi/12.3.1/thumb/v7e-m+fp/hard\libgcc.a
LOAD C:/Users/takre_9xkzqg1/Downloads/Apps/STM32CubeIDE_1.16.1/STM32CubeIDE/plugins/com.st.stm32cube.ide.mcu.externaltools.gnu-tools-for-stm32.12.3.rel1.win32_1.0.200.202406191623/tools/bin/../lib/gcc/arm-none-eabi/12.3.1/../../../../arm-none-eabi/lib/thumb/v7e-m+fp/hard\libc_nano.a
END GROUP
START GROUP
LOAD C:/Users/takre_9xkzqg1/Downloads/Apps/STM32CubeIDE_1.16.1/STM32CubeIDE/plugins/com.st.stm32cube.ide.mcu.externaltools.gnu-tools-for-stm32.12.3.rel1.win32_1.0.200.202406191623/tools/bin/../lib/gcc/arm-none-eabi/12.3.1/thumb/v7e-m+fp/hard\libgcc.a
LOAD C:/Users/takre_9xkzqg1/Downloads/Apps/STM32CubeIDE_1.16.1/STM32CubeIDE/plugins/com.st.stm32cube.ide.mcu.externaltools.gnu-tools-for-stm32.12.3.rel1.win32_1.0.200.202406191623/tools/bin/../lib/gcc/arm-none-eabi/12.3.1/../../../../arm-none-eabi/lib/thumb/v7e-m+fp/hard\libc_nano.a
LOAD C:/Users/takre_9xkzqg1/Downloads/Apps/STM32CubeIDE_1.16.1/STM32CubeIDE/plugins/com.st.stm32cube.ide.mcu.externaltools.gnu-tools-for-stm32.12.3.rel1.win32_1.0.200.202406191623/tools/bin/../lib/gcc/arm-none-eabi/12.3.1/../../../../arm-none-eabi/lib/thumb/v7e-m+fp/hard\libnosys.a
END GROUP
START GROUP
LOAD C:/Users/takre_9xkzqg1/Downloads/Apps/STM32CubeIDE_1.16.1/STM32CubeIDE/plugins/com.st.stm32cube.ide.mcu.externaltools.gnu-tools-for-stm32.12.3.rel1.win32_1.0.200.202406191623/tools/bin/../lib/gcc/arm-none-eabi/12.3.1/thumb/v7e-m+fp/hard\libgcc.a
LOAD C:/Users/takre_9xkzqg1/Downloads/Apps/STM32CubeIDE_1.16.1/STM32CubeIDE/plugins/com.st.stm32cube.ide.mcu.externaltools.gnu-tools-for-stm32.12.3.rel1.win32_1.0.200.202406191623/tools/bin/../lib/gcc/arm-none-eabi/12.3.1/../../../../arm-none-eabi/lib/thumb/v7e-m+fp/hard\libc_nano.a
LOAD C:/Users/takre_9xkzqg1/Downloads/Apps/STM32CubeIDE_1.16.1/STM32CubeIDE/plugins/com.st.stm32cube.ide.mcu.externaltools.gnu-tools-for-stm32.12.3.rel1.win32_1.0.200.202406191623/tools/bin/../lib/gcc/arm-none-eabi/12.3.1/../../../../arm-none-eabi/lib/thumb/v7e-m+fp/hard\libnosys.a
END GROUP
LOAD C:/Users/takre_9xkzqg1/Downloads/Apps/STM32CubeIDE_1.16.1/STM32CubeIDE/plugins/com.st.stm32cube.ide.mcu.externaltools.gnu-tools-for-stm32.12.3.rel1.win32_1.0.200.202406191623/tools/bin/../lib/gcc/arm-none-eabi/12.3.1/thumb/v7e-m+fp/hard/crtend.o
LOAD C:/Users/takre_9xkzqg1/Downloads/Apps/STM32CubeIDE_1.16.1/STM32CubeIDE/plugins/com.st.stm32cube.ide.mcu.externaltools.gnu-tools-for-stm32.12.3.rel1.win32_1.0.200.202406191623/tools/bin/../lib/gcc/arm-none-eabi/12.3.1/thumb/v7e-m+fp/hard/crtn.o
                0x20020000                        _estack = (ORIGIN (RAM) + LENGTH (RAM))
                0x00000200                        _Min_Heap_Size = 0x200
                0x00000400                        _Min_Stack_Size = 0x400

.isr_vector     0x08000000      0x194
                0x08000000                        . = ALIGN (0x4)
 *(.isr_vector)
 .isr_vector    0x08000000      0x194 ./Core/Startup/startup_stm32l452rctx.o
                0x08000000                g_pfnVectors
                0x08000194                        . = ALIGN (0x4)

.text           0x080001a0     0x5e64
                0x080001a0                        . = ALIGN (0x4)
 *(.text)
 .text          0x080001a0       0x40 C:/Users/takre_9xkzqg1/Downloads/Apps/STM32CubeIDE_1.16.1/STM32CubeIDE/plugins/com.st.stm32cube.ide.mcu.externaltools.gnu-tools-for-stm32.12.3.rel1.win32_1.0.200.202406191623/tools/bin/../lib/gcc/arm-none-eabi/12.3.1/thumb/v7e-m+fp/hard/crtbegin.o
 .text          0x080001e0       0xa0 C:/Users/takre_9xkzqg1/Downloads/Apps/STM32CubeIDE_1.16.1/STM32CubeIDE/plugins/com.st.stm32cube.ide.mcu.externaltools.gnu-tools-for-stm32.12.3.rel1.win32_1.0.200.202406191623/tools/bin/../lib/gcc/arm-none-eabi/12.3.1/../../../../arm-none-eabi/lib/thumb/v7e-m+fp/hard\libc_nano.a(libc_a-memchr.o)
                0x080001e0                memchr
 *(.text*)
 .text.adc_channel_conv
                0x08000280       0x78 ./Core/Src/adc.o
                0x08000280                adc_channel_conv
 .text.HD44780_Init
                0x080002f8      0x114 ./Core/Src/liquidcrystal_i2c.o
                0x080002f8                HD44780_Init
 .text.HD44780_Clear
                0x0800040c       0x16 ./Core/Src/liquidcrystal_i2c.o
                0x0800040c                HD44780_Clear
 .text.HD44780_Home
                0x08000422       0x16 ./Core/Src/liquidcrystal_i2c.o
                0x08000422                HD44780_Home
 .text.HD44780_SetCursor
                0x08000438       0x64 ./Core/Src/liquidcrystal_i2c.o
                0x08000438                HD44780_SetCursor
 .text.HD44780_Display
                0x0800049c       0x2c ./Core/Src/liquidcrystal_i2c.o
                0x0800049c                HD44780_Display
 .text.HD44780_CreateSpecialChar
                0x080004c8       0x52 ./Core/Src/liquidcrystal_i2c.o
                0x080004c8                HD44780_CreateSpecialChar
 .text.HD44780_PrintStr
                0x0800051a       0x2a ./Core/Src/liquidcrystal_i2c.o
                0x0800051a                HD44780_PrintStr
 .text.HD44780_Backlight
                0x08000544       0x18 ./Core/Src/liquidcrystal_i2c.o
                0x08000544                HD44780_Backlight
 .text.SendCommand
                0x0800055c       0x1c ./Core/Src/liquidcrystal_i2c.o
 .text.SendChar
                0x08000578       0x1c ./Core/Src/liquidcrystal_i2c.o
 .text.Send     0x08000594       0x42 ./Core/Src/liquidcrystal_i2c.o
 .text.Write4Bits
                0x080005d6       0x22 ./Core/Src/liquidcrystal_i2c.o
 .text.ExpanderWrite
                0x080005f8       0x38 ./Core/Src/liquidcrystal_i2c.o
 .text.PulseEnable
                0x08000630       0x3a ./Core/Src/liquidcrystal_i2c.o
 *fill*         0x0800066a        0x2 
 .text.DelayInit
                0x0800066c       0x54 ./Core/Src/liquidcrystal_i2c.o
 .text.DelayUS  0x080006c0       0x50 ./Core/Src/liquidcrystal_i2c.o
 .text.display_message_left
                0x08000710       0x36 ./Core/Src/liquidcrystal_i2c.o
                0x08000710                display_message_left
 *fill*         0x08000746        0x2 
 .text.main     0x08000748       0xb4 ./Core/Src/main.o
                0x08000748                main
 .text.SystemClock_Config
                0x080007fc       0xa8 ./Core/Src/main.o
                0x080007fc                SystemClock_Config
 .text.MX_ADC1_Init
                0x080008a4       0xc8 ./Core/Src/main.o
 .text.MX_I2C3_Init
                0x0800096c       0x80 ./Core/Src/main.o
 .text.MX_I2C4_Init
                0x080009ec       0x80 ./Core/Src/main.o
 .text.MX_RTC_Init
                0x08000a6c      0x120 ./Core/Src/main.o
 .text.MX_GPIO_Init
                0x08000b8c      0x210 ./Core/Src/main.o
 .text.HAL_GPIO_EXTI_Callback
                0x08000d9c       0x6c ./Core/Src/main.o
                0x08000d9c                HAL_GPIO_EXTI_Callback
 .text.HAL_RTC_AlarmAEventCallback
                0x08000e08       0x50 ./Core/Src/main.o
                0x08000e08                HAL_RTC_AlarmAEventCallback
 .text.Error_Handler
                0x08000e58        0xc ./Core/Src/main.o
                0x08000e58                Error_Handler
 .text.get_moisture_value
                0x08000e64       0xb8 ./Core/Src/moisture_sensor.o
                0x08000e64                get_moisture_value
 .text.toggle_flag
                0x08000f1c       0x50 ./Core/Src/setup.o
                0x08000f1c                toggle_flag
 .text.clear_flags
                0x08000f6c       0x3c ./Core/Src/setup.o
                0x08000f6c                clear_flags
 .text.scroll_plant
                0x08000fa8       0xa4 ./Core/Src/setup.o
 .text.select_plant
                0x0800104c       0x70 ./Core/Src/setup.o
                0x0800104c                select_plant
 .text.calibrate_moisture
                0x080010bc       0xc4 ./Core/Src/setup.o
                0x080010bc                calibrate_moisture
 .text.scroll_depth
                0x08001180       0xb0 ./Core/Src/setup.o
 .text.select_pot_depth
                0x08001230       0x74 ./Core/Src/setup.o
                0x08001230                select_pot_depth
 .text.change_setup
                0x080012a4      0x10c ./Core/Src/setup.o
                0x080012a4                change_setup
 .text.HAL_MspInit
                0x080013b0       0x48 ./Core/Src/stm32l4xx_hal_msp.o
                0x080013b0                HAL_MspInit
 .text.HAL_ADC_MspInit
                0x080013f8       0xd0 ./Core/Src/stm32l4xx_hal_msp.o
                0x080013f8                HAL_ADC_MspInit
 .text.HAL_I2C_MspInit
                0x080014c8      0x18c ./Core/Src/stm32l4xx_hal_msp.o
                0x080014c8                HAL_I2C_MspInit
 .text.HAL_RTC_MspInit
                0x08001654       0x70 ./Core/Src/stm32l4xx_hal_msp.o
                0x08001654                HAL_RTC_MspInit
 .text.NMI_Handler
                0x080016c4        0x8 ./Core/Src/stm32l4xx_it.o
                0x080016c4                NMI_Handler
 .text.HardFault_Handler
                0x080016cc        0x8 ./Core/Src/stm32l4xx_it.o
                0x080016cc                HardFault_Handler
 .text.MemManage_Handler
                0x080016d4        0x8 ./Core/Src/stm32l4xx_it.o
                0x080016d4                MemManage_Handler
 .text.BusFault_Handler
                0x080016dc        0x8 ./Core/Src/stm32l4xx_it.o
                0x080016dc                BusFault_Handler
 .text.UsageFault_Handler
                0x080016e4        0x8 ./Core/Src/stm32l4xx_it.o
                0x080016e4                UsageFault_Handler
 .text.SVC_Handler
                0x080016ec        0xe ./Core/Src/stm32l4xx_it.o
                0x080016ec                SVC_Handler
 .text.DebugMon_Handler
                0x080016fa        0xe ./Core/Src/stm32l4xx_it.o
                0x080016fa                DebugMon_Handler
 .text.PendSV_Handler
                0x08001708        0xe ./Core/Src/stm32l4xx_it.o
                0x08001708                PendSV_Handler
 .text.SysTick_Handler
                0x08001716        0xc ./Core/Src/stm32l4xx_it.o
                0x08001716                SysTick_Handler
 .text.EXTI1_IRQHandler
                0x08001722        0xe ./Core/Src/stm32l4xx_it.o
                0x08001722                EXTI1_IRQHandler
 .text.EXTI2_IRQHandler
                0x08001730        0xe ./Core/Src/stm32l4xx_it.o
                0x08001730                EXTI2_IRQHandler
 .text.EXTI9_5_IRQHandler
                0x0800173e        0xe ./Core/Src/stm32l4xx_it.o
                0x0800173e                EXTI9_5_IRQHandler
 .text.EXTI15_10_IRQHandler
                0x0800174c       0x10 ./Core/Src/stm32l4xx_it.o
                0x0800174c                EXTI15_10_IRQHandler
 .text.RTC_Alarm_IRQHandler
                0x0800175c       0x14 ./Core/Src/stm32l4xx_it.o
                0x0800175c                RTC_Alarm_IRQHandler
 .text._sbrk    0x08001770       0x6c ./Core/Src/sysmem.o
                0x08001770                _sbrk
 .text.SystemInit
                0x080017dc       0x24 ./Core/Src/system_stm32l4xx.o
                0x080017dc                SystemInit
 .text._write_register
                0x08001800       0x48 ./Core/Src/veml7700.o
 .text.veml7700_init
                0x08001848       0x44 ./Core/Src/veml7700.o
                0x08001848                veml7700_init
 .text.Reset_Handler
                0x0800188c       0x50 ./Core/Startup/startup_stm32l452rctx.o
                0x0800188c                Reset_Handler
 .text.Default_Handler
                0x080018dc        0x2 ./Core/Startup/startup_stm32l452rctx.o
                0x080018dc                TIM1_CC_IRQHandler
                0x080018dc                TSC_IRQHandler
                0x080018dc                TAMP_STAMP_IRQHandler
                0x080018dc                EXTI3_IRQHandler
                0x080018dc                LPTIM2_IRQHandler
                0x080018dc                DFSDM1_FLT1_IRQHandler
                0x080018dc                I2C3_ER_IRQHandler
                0x080018dc                EXTI0_IRQHandler
                0x080018dc                I2C2_EV_IRQHandler
                0x080018dc                CAN1_RX0_IRQHandler
                0x080018dc                FPU_IRQHandler
                0x080018dc                TIM1_UP_TIM16_IRQHandler
                0x080018dc                SPI1_IRQHandler
                0x080018dc                TIM6_DAC_IRQHandler
                0x080018dc                DMA2_Channel2_IRQHandler
                0x080018dc                DMA1_Channel4_IRQHandler
                0x080018dc                ADC1_IRQHandler
                0x080018dc                USART3_IRQHandler
                0x080018dc                DMA1_Channel7_IRQHandler
                0x080018dc                CAN1_RX1_IRQHandler
                0x080018dc                DMA2_Channel1_IRQHandler
                0x080018dc                QUADSPI_IRQHandler
                0x080018dc                I2C1_EV_IRQHandler
                0x080018dc                DMA1_Channel6_IRQHandler
                0x080018dc                UART4_IRQHandler
                0x080018dc                DMA2_Channel4_IRQHandler
                0x080018dc                TIM3_IRQHandler
                0x080018dc                RCC_IRQHandler
                0x080018dc                TIM1_TRG_COM_IRQHandler
                0x080018dc                DMA1_Channel1_IRQHandler
                0x080018dc                Default_Handler
                0x080018dc                DMA2_Channel7_IRQHandler
                0x080018dc                SDMMC1_IRQHandler
                0x080018dc                I2C3_EV_IRQHandler
                0x080018dc                USB_IRQHandler
                0x080018dc                RTC_WKUP_IRQHandler
                0x080018dc                PVD_PVM_IRQHandler
                0x080018dc                SPI2_IRQHandler
                0x080018dc                CAN1_TX_IRQHandler
                0x080018dc                DMA2_Channel5_IRQHandler
                0x080018dc                CRS_IRQHandler
                0x080018dc                DMA1_Channel5_IRQHandler
                0x080018dc                EXTI4_IRQHandler
                0x080018dc                RNG_IRQHandler
                0x080018dc                DMA1_Channel3_IRQHandler
                0x080018dc                COMP_IRQHandler
                0x080018dc                WWDG_IRQHandler
                0x080018dc                I2C4_EV_IRQHandler
                0x080018dc                LPUART1_IRQHandler
                0x080018dc                DMA2_Channel6_IRQHandler
                0x080018dc                TIM2_IRQHandler
                0x080018dc                USART2_IRQHandler
                0x080018dc                DFSDM1_FLT0_IRQHandler
                0x080018dc                I2C2_ER_IRQHandler
                0x080018dc                DMA1_Channel2_IRQHandler
                0x080018dc                CAN1_SCE_IRQHandler
                0x080018dc                FLASH_IRQHandler
                0x080018dc                USART1_IRQHandler
                0x080018dc                SPI3_IRQHandler
                0x080018dc                I2C1_ER_IRQHandler
                0x080018dc                LPTIM1_IRQHandler
                0x080018dc                I2C4_ER_IRQHandler
                0x080018dc                SAI1_IRQHandler
                0x080018dc                DMA2_Channel3_IRQHandler
                0x080018dc                TIM1_BRK_TIM15_IRQHandler
 .text.HAL_Init
                0x080018de       0x30 ./Drivers/STM32L4xx_HAL_Driver/Src/stm32l4xx_hal.o
                0x080018de                HAL_Init
 *fill*         0x0800190e        0x2 
 .text.HAL_InitTick
                0x08001910       0x78 ./Drivers/STM32L4xx_HAL_Driver/Src/stm32l4xx_hal.o
                0x08001910                HAL_InitTick
 .text.HAL_IncTick
                0x08001988       0x28 ./Drivers/STM32L4xx_HAL_Driver/Src/stm32l4xx_hal.o
                0x08001988                HAL_IncTick
 .text.HAL_GetTick
                0x080019b0       0x18 ./Drivers/STM32L4xx_HAL_Driver/Src/stm32l4xx_hal.o
                0x080019b0                HAL_GetTick
 .text.HAL_Delay
                0x080019c8       0x48 ./Drivers/STM32L4xx_HAL_Driver/Src/stm32l4xx_hal.o
                0x080019c8                HAL_Delay
 .text.LL_ADC_SetCommonClock
                0x08001a10       0x26 ./Drivers/STM32L4xx_HAL_Driver/Src/stm32l4xx_hal_adc.o
 .text.LL_ADC_SetCommonPathInternalCh
                0x08001a36       0x26 ./Drivers/STM32L4xx_HAL_Driver/Src/stm32l4xx_hal_adc.o
 .text.LL_ADC_GetCommonPathInternalCh
                0x08001a5c       0x1c ./Drivers/STM32L4xx_HAL_Driver/Src/stm32l4xx_hal_adc.o
 .text.LL_ADC_SetOffset
                0x08001a78       0x48 ./Drivers/STM32L4xx_HAL_Driver/Src/stm32l4xx_hal_adc.o
 .text.LL_ADC_GetOffsetChannel
                0x08001ac0       0x2c ./Drivers/STM32L4xx_HAL_Driver/Src/stm32l4xx_hal_adc.o
 .text.LL_ADC_SetOffsetState
                0x08001aec       0x36 ./Drivers/STM32L4xx_HAL_Driver/Src/stm32l4xx_hal_adc.o
 .text.LL_ADC_SetSamplingTimeCommonConfig
                0x08001b22       0x26 ./Drivers/STM32L4xx_HAL_Driver/Src/stm32l4xx_hal_adc.o
 .text.LL_ADC_REG_IsTriggerSourceSWStart
                0x08001b48       0x26 ./Drivers/STM32L4xx_HAL_Driver/Src/stm32l4xx_hal_adc.o
 .text.LL_ADC_REG_SetSequencerRanks
                0x08001b6e       0x58 ./Drivers/STM32L4xx_HAL_Driver/Src/stm32l4xx_hal_adc.o
 .text.LL_ADC_SetChannelSamplingTime
                0x08001bc6       0x56 ./Drivers/STM32L4xx_HAL_Driver/Src/stm32l4xx_hal_adc.o
 .text.LL_ADC_SetChannelSingleDiff
                0x08001c1c       0x48 ./Drivers/STM32L4xx_HAL_Driver/Src/stm32l4xx_hal_adc.o
 .text.LL_ADC_DisableDeepPowerDown
                0x08001c64       0x24 ./Drivers/STM32L4xx_HAL_Driver/Src/stm32l4xx_hal_adc.o
 .text.LL_ADC_IsDeepPowerDownEnabled
                0x08001c88       0x28 ./Drivers/STM32L4xx_HAL_Driver/Src/stm32l4xx_hal_adc.o
 .text.LL_ADC_EnableInternalRegulator
                0x08001cb0       0x28 ./Drivers/STM32L4xx_HAL_Driver/Src/stm32l4xx_hal_adc.o
 .text.LL_ADC_IsInternalRegulatorEnabled
                0x08001cd8       0x28 ./Drivers/STM32L4xx_HAL_Driver/Src/stm32l4xx_hal_adc.o
 .text.LL_ADC_Enable
                0x08001d00       0x28 ./Drivers/STM32L4xx_HAL_Driver/Src/stm32l4xx_hal_adc.o
 .text.LL_ADC_IsEnabled
                0x08001d28       0x26 ./Drivers/STM32L4xx_HAL_Driver/Src/stm32l4xx_hal_adc.o
 .text.LL_ADC_REG_StartConversion
                0x08001d4e       0x28 ./Drivers/STM32L4xx_HAL_Driver/Src/stm32l4xx_hal_adc.o
 .text.LL_ADC_REG_IsConversionOngoing
                0x08001d76       0x26 ./Drivers/STM32L4xx_HAL_Driver/Src/stm32l4xx_hal_adc.o
 .text.LL_ADC_INJ_IsConversionOngoing
                0x08001d9c       0x26 ./Drivers/STM32L4xx_HAL_Driver/Src/stm32l4xx_hal_adc.o
 *fill*         0x08001dc2        0x2 
 .text.HAL_ADC_Init
                0x08001dc4      0x28c ./Drivers/STM32L4xx_HAL_Driver/Src/stm32l4xx_hal_adc.o
                0x08001dc4                HAL_ADC_Init
 .text.HAL_ADC_Start
                0x08002050       0xc6 ./Drivers/STM32L4xx_HAL_Driver/Src/stm32l4xx_hal_adc.o
                0x08002050                HAL_ADC_Start
 .text.HAL_ADC_PollForConversion
                0x08002116      0x11e ./Drivers/STM32L4xx_HAL_Driver/Src/stm32l4xx_hal_adc.o
                0x08002116                HAL_ADC_PollForConversion
 .text.HAL_ADC_GetValue
                0x08002234       0x1a ./Drivers/STM32L4xx_HAL_Driver/Src/stm32l4xx_hal_adc.o
                0x08002234                HAL_ADC_GetValue
 *fill*         0x0800224e        0x2 
 .text.HAL_ADC_ConfigChannel
                0x08002250      0x7f8 ./Drivers/STM32L4xx_HAL_Driver/Src/stm32l4xx_hal_adc.o
                0x08002250                HAL_ADC_ConfigChannel
 .text.ADC_Enable
                0x08002a48      0x10c ./Drivers/STM32L4xx_HAL_Driver/Src/stm32l4xx_hal_adc.o
                0x08002a48                ADC_Enable
 .text.__NVIC_SetPriorityGrouping
                0x08002b54       0x48 ./Drivers/STM32L4xx_HAL_Driver/Src/stm32l4xx_hal_cortex.o
 .text.__NVIC_GetPriorityGrouping
                0x08002b9c       0x1c ./Drivers/STM32L4xx_HAL_Driver/Src/stm32l4xx_hal_cortex.o
 .text.__NVIC_EnableIRQ
                0x08002bb8       0x3c ./Drivers/STM32L4xx_HAL_Driver/Src/stm32l4xx_hal_cortex.o
 .text.__NVIC_SetPriority
                0x08002bf4       0x54 ./Drivers/STM32L4xx_HAL_Driver/Src/stm32l4xx_hal_cortex.o
 .text.NVIC_EncodePriority
                0x08002c48       0x66 ./Drivers/STM32L4xx_HAL_Driver/Src/stm32l4xx_hal_cortex.o
 *fill*         0x08002cae        0x2 
 .text.SysTick_Config
                0x08002cb0       0x44 ./Drivers/STM32L4xx_HAL_Driver/Src/stm32l4xx_hal_cortex.o
 .text.HAL_NVIC_SetPriorityGrouping
                0x08002cf4       0x16 ./Drivers/STM32L4xx_HAL_Driver/Src/stm32l4xx_hal_cortex.o
                0x08002cf4                HAL_NVIC_SetPriorityGrouping
 .text.HAL_NVIC_SetPriority
                0x08002d0a       0x38 ./Drivers/STM32L4xx_HAL_Driver/Src/stm32l4xx_hal_cortex.o
                0x08002d0a                HAL_NVIC_SetPriority
 .text.HAL_NVIC_EnableIRQ
                0x08002d42       0x1c ./Drivers/STM32L4xx_HAL_Driver/Src/stm32l4xx_hal_cortex.o
                0x08002d42                HAL_NVIC_EnableIRQ
 .text.HAL_SYSTICK_Config
                0x08002d5e       0x18 ./Drivers/STM32L4xx_HAL_Driver/Src/stm32l4xx_hal_cortex.o
                0x08002d5e                HAL_SYSTICK_Config
 *fill*         0x08002d76        0x2 
 .text.HAL_GPIO_Init
                0x08002d78      0x2f4 ./Drivers/STM32L4xx_HAL_Driver/Src/stm32l4xx_hal_gpio.o
                0x08002d78                HAL_GPIO_Init
 .text.HAL_GPIO_WritePin
                0x0800306c       0x30 ./Drivers/STM32L4xx_HAL_Driver/Src/stm32l4xx_hal_gpio.o
                0x0800306c                HAL_GPIO_WritePin
 .text.HAL_GPIO_EXTI_IRQHandler
                0x0800309c       0x30 ./Drivers/STM32L4xx_HAL_Driver/Src/stm32l4xx_hal_gpio.o
                0x0800309c                HAL_GPIO_EXTI_IRQHandler
 .text.HAL_I2C_Init
                0x080030cc      0x136 ./Drivers/STM32L4xx_HAL_Driver/Src/stm32l4xx_hal_i2c.o
                0x080030cc                HAL_I2C_Init
 *fill*         0x08003202        0x2 
 .text.HAL_I2C_Master_Transmit
                0x08003204      0x230 ./Drivers/STM32L4xx_HAL_Driver/Src/stm32l4xx_hal_i2c.o
                0x08003204                HAL_I2C_Master_Transmit
 .text.I2C_Flush_TXDR
                0x08003434       0x48 ./Drivers/STM32L4xx_HAL_Driver/Src/stm32l4xx_hal_i2c.o
 .text.I2C_WaitOnFlagUntilTimeout
                0x0800347c       0xb2 ./Drivers/STM32L4xx_HAL_Driver/Src/stm32l4xx_hal_i2c.o
 .text.I2C_WaitOnTXISFlagUntilTimeout
                0x0800352e       0x8e ./Drivers/STM32L4xx_HAL_Driver/Src/stm32l4xx_hal_i2c.o
 .text.I2C_WaitOnSTOPFlagUntilTimeout
                0x080035bc       0x86 ./Drivers/STM32L4xx_HAL_Driver/Src/stm32l4xx_hal_i2c.o
 *fill*         0x08003642        0x2 
 .text.I2C_IsErrorOccurred
                0x08003644      0x1c0 ./Drivers/STM32L4xx_HAL_Driver/Src/stm32l4xx_hal_i2c.o
 .text.I2C_TransferConfig
                0x08003804       0x64 ./Drivers/STM32L4xx_HAL_Driver/Src/stm32l4xx_hal_i2c.o
 .text.HAL_I2CEx_ConfigAnalogFilter
                0x08003868       0x96 ./Drivers/STM32L4xx_HAL_Driver/Src/stm32l4xx_hal_i2c_ex.o
                0x08003868                HAL_I2CEx_ConfigAnalogFilter
 .text.HAL_I2CEx_ConfigDigitalFilter
                0x080038fe       0x98 ./Drivers/STM32L4xx_HAL_Driver/Src/stm32l4xx_hal_i2c_ex.o
                0x080038fe                HAL_I2CEx_ConfigDigitalFilter
 *fill*         0x08003996        0x2 
 .text.HAL_PWREx_GetVoltageRange
                0x08003998       0x1c ./Drivers/STM32L4xx_HAL_Driver/Src/stm32l4xx_hal_pwr_ex.o
                0x08003998                HAL_PWREx_GetVoltageRange
 .text.HAL_PWREx_ControlVoltageScaling
                0x080039b4       0xac ./Drivers/STM32L4xx_HAL_Driver/Src/stm32l4xx_hal_pwr_ex.o
                0x080039b4                HAL_PWREx_ControlVoltageScaling
 .text.HAL_RCC_OscConfig
                0x08003a60      0x828 ./Drivers/STM32L4xx_HAL_Driver/Src/stm32l4xx_hal_rcc.o
                0x08003a60                HAL_RCC_OscConfig
 .text.HAL_RCC_ClockConfig
                0x08004288      0x200 ./Drivers/STM32L4xx_HAL_Driver/Src/stm32l4xx_hal_rcc.o
                0x08004288                HAL_RCC_ClockConfig
 .text.HAL_RCC_GetSysClockFreq
                0x08004488      0x118 ./Drivers/STM32L4xx_HAL_Driver/Src/stm32l4xx_hal_rcc.o
                0x08004488                HAL_RCC_GetSysClockFreq
 .text.RCC_SetFlashLatencyFromMSIRange
                0x080045a0       0xc0 ./Drivers/STM32L4xx_HAL_Driver/Src/stm32l4xx_hal_rcc.o
 .text.HAL_RCCEx_PeriphCLKConfig
                0x08004660      0x4d8 ./Drivers/STM32L4xx_HAL_Driver/Src/stm32l4xx_hal_rcc_ex.o
                0x08004660                HAL_RCCEx_PeriphCLKConfig
 .text.RCCEx_PLLSAI1_Config
                0x08004b38      0x1e4 ./Drivers/STM32L4xx_HAL_Driver/Src/stm32l4xx_hal_rcc_ex.o
 .text.HAL_RTC_Init
                0x08004d1c      0x110 ./Drivers/STM32L4xx_HAL_Driver/Src/stm32l4xx_hal_rtc.o
                0x08004d1c                HAL_RTC_Init
 .text.HAL_RTC_SetTime
                0x08004e2c      0x13a ./Drivers/STM32L4xx_HAL_Driver/Src/stm32l4xx_hal_rtc.o
                0x08004e2c                HAL_RTC_SetTime
 .text.HAL_RTC_SetDate
                0x08004f66      0x10e ./Drivers/STM32L4xx_HAL_Driver/Src/stm32l4xx_hal_rtc.o
                0x08004f66                HAL_RTC_SetDate
 .text.HAL_RTC_SetAlarm_IT
                0x08005074      0x278 ./Drivers/STM32L4xx_HAL_Driver/Src/stm32l4xx_hal_rtc.o
                0x08005074                HAL_RTC_SetAlarm_IT
 .text.HAL_RTC_GetAlarm
                0x080052ec      0x180 ./Drivers/STM32L4xx_HAL_Driver/Src/stm32l4xx_hal_rtc.o
                0x080052ec                HAL_RTC_GetAlarm
 .text.HAL_RTC_AlarmIRQHandler
                0x0800546c       0x8c ./Drivers/STM32L4xx_HAL_Driver/Src/stm32l4xx_hal_rtc.o
                0x0800546c                HAL_RTC_AlarmIRQHandler
 .text.HAL_RTC_WaitForSynchro
                0x080054f8       0x48 ./Drivers/STM32L4xx_HAL_Driver/Src/stm32l4xx_hal_rtc.o
                0x080054f8                HAL_RTC_WaitForSynchro
 .text.RTC_EnterInitMode
                0x08005540       0x66 ./Drivers/STM32L4xx_HAL_Driver/Src/stm32l4xx_hal_rtc.o
                0x08005540                RTC_EnterInitMode
 *fill*         0x080055a6        0x2 
 .text.RTC_ExitInitMode
                0x080055a8       0x7c ./Drivers/STM32L4xx_HAL_Driver/Src/stm32l4xx_hal_rtc.o
                0x080055a8                RTC_ExitInitMode
 .text.RTC_ByteToBcd2
                0x08005624       0x40 ./Drivers/STM32L4xx_HAL_Driver/Src/stm32l4xx_hal_rtc.o
                0x08005624                RTC_ByteToBcd2
 .text.RTC_Bcd2ToByte
                0x08005664       0x34 ./Drivers/STM32L4xx_HAL_Driver/Src/stm32l4xx_hal_rtc.o
                0x08005664                RTC_Bcd2ToByte
 .text.HAL_RTCEx_AlarmBEventCallback
                0x08005698       0x14 ./Drivers/STM32L4xx_HAL_Driver/Src/stm32l4xx_hal_rtc_ex.o
                0x08005698                HAL_RTCEx_AlarmBEventCallback
 .text.sprintf  0x080056ac       0x40 C:/Users/takre_9xkzqg1/Downloads/Apps/STM32CubeIDE_1.16.1/STM32CubeIDE/plugins/com.st.stm32cube.ide.mcu.externaltools.gnu-tools-for-stm32.12.3.rel1.win32_1.0.200.202406191623/tools/bin/../lib/gcc/arm-none-eabi/12.3.1/../../../../arm-none-eabi/lib/thumb/v7e-m+fp/hard\libc_nano.a(libc_a-sprintf.o)
                0x080056ac                siprintf
                0x080056ac                sprintf
 .text.memset   0x080056ec       0x10 C:/Users/takre_9xkzqg1/Downloads/Apps/STM32CubeIDE_1.16.1/STM32CubeIDE/plugins/com.st.stm32cube.ide.mcu.externaltools.gnu-tools-for-stm32.12.3.rel1.win32_1.0.200.202406191623/tools/bin/../lib/gcc/arm-none-eabi/12.3.1/../../../../arm-none-eabi/lib/thumb/v7e-m+fp/hard\libc_nano.a(libc_a-memset.o)
                0x080056ec                memset
 .text.__errno  0x080056fc        0xc C:/Users/takre_9xkzqg1/Downloads/Apps/STM32CubeIDE_1.16.1/STM32CubeIDE/plugins/com.st.stm32cube.ide.mcu.externaltools.gnu-tools-for-stm32.12.3.rel1.win32_1.0.200.202406191623/tools/bin/../lib/gcc/arm-none-eabi/12.3.1/../../../../arm-none-eabi/lib/thumb/v7e-m+fp/hard\libc_nano.a(libc_a-errno.o)
                0x080056fc                __errno
 .text.__libc_init_array
                0x08005708       0x48 C:/Users/takre_9xkzqg1/Downloads/Apps/STM32CubeIDE_1.16.1/STM32CubeIDE/plugins/com.st.stm32cube.ide.mcu.externaltools.gnu-tools-for-stm32.12.3.rel1.win32_1.0.200.202406191623/tools/bin/../lib/gcc/arm-none-eabi/12.3.1/../../../../arm-none-eabi/lib/thumb/v7e-m+fp/hard\libc_nano.a(libc_a-init.o)
                0x08005708                __libc_init_array
 .text.__retarget_lock_acquire_recursive
                0x08005750        0x2 C:/Users/takre_9xkzqg1/Downloads/Apps/STM32CubeIDE_1.16.1/STM32CubeIDE/plugins/com.st.stm32cube.ide.mcu.externaltools.gnu-tools-for-stm32.12.3.rel1.win32_1.0.200.202406191623/tools/bin/../lib/gcc/arm-none-eabi/12.3.1/../../../../arm-none-eabi/lib/thumb/v7e-m+fp/hard\libc_nano.a(libc_a-lock.o)
                0x08005750                __retarget_lock_acquire_recursive
 .text.__retarget_lock_release_recursive
                0x08005752        0x2 C:/Users/takre_9xkzqg1/Downloads/Apps/STM32CubeIDE_1.16.1/STM32CubeIDE/plugins/com.st.stm32cube.ide.mcu.externaltools.gnu-tools-for-stm32.12.3.rel1.win32_1.0.200.202406191623/tools/bin/../lib/gcc/arm-none-eabi/12.3.1/../../../../arm-none-eabi/lib/thumb/v7e-m+fp/hard\libc_nano.a(libc_a-lock.o)
                0x08005752                __retarget_lock_release_recursive
 .text.memcpy   0x08005754       0x1c C:/Users/takre_9xkzqg1/Downloads/Apps/STM32CubeIDE_1.16.1/STM32CubeIDE/plugins/com.st.stm32cube.ide.mcu.externaltools.gnu-tools-for-stm32.12.3.rel1.win32_1.0.200.202406191623/tools/bin/../lib/gcc/arm-none-eabi/12.3.1/../../../../arm-none-eabi/lib/thumb/v7e-m+fp/hard\libc_nano.a(libc_a-memcpy-stub.o)
                0x08005754                memcpy
 .text._free_r  0x08005770       0x94 C:/Users/takre_9xkzqg1/Downloads/Apps/STM32CubeIDE_1.16.1/STM32CubeIDE/plugins/com.st.stm32cube.ide.mcu.externaltools.gnu-tools-for-stm32.12.3.rel1.win32_1.0.200.202406191623/tools/bin/../lib/gcc/arm-none-eabi/12.3.1/../../../../arm-none-eabi/lib/thumb/v7e-m+fp/hard\libc_nano.a(libc_a-freer.o)
                0x08005770                _free_r
 .text.sbrk_aligned
                0x08005804       0x44 C:/Users/takre_9xkzqg1/Downloads/Apps/STM32CubeIDE_1.16.1/STM32CubeIDE/plugins/com.st.stm32cube.ide.mcu.externaltools.gnu-tools-for-stm32.12.3.rel1.win32_1.0.200.202406191623/tools/bin/../lib/gcc/arm-none-eabi/12.3.1/../../../../arm-none-eabi/lib/thumb/v7e-m+fp/hard\libc_nano.a(libc_a-mallocr.o)
 .text._malloc_r
                0x08005848      0x100 C:/Users/takre_9xkzqg1/Downloads/Apps/STM32CubeIDE_1.16.1/STM32CubeIDE/plugins/com.st.stm32cube.ide.mcu.externaltools.gnu-tools-for-stm32.12.3.rel1.win32_1.0.200.202406191623/tools/bin/../lib/gcc/arm-none-eabi/12.3.1/../../../../arm-none-eabi/lib/thumb/v7e-m+fp/hard\libc_nano.a(libc_a-mallocr.o)
                0x08005848                _malloc_r
 .text.__malloc_lock
                0x08005948        0xc C:/Users/takre_9xkzqg1/Downloads/Apps/STM32CubeIDE_1.16.1/STM32CubeIDE/plugins/com.st.stm32cube.ide.mcu.externaltools.gnu-tools-for-stm32.12.3.rel1.win32_1.0.200.202406191623/tools/bin/../lib/gcc/arm-none-eabi/12.3.1/../../../../arm-none-eabi/lib/thumb/v7e-m+fp/hard\libc_nano.a(libc_a-mlock.o)
                0x08005948                __malloc_lock
 .text.__malloc_unlock
                0x08005954        0xc C:/Users/takre_9xkzqg1/Downloads/Apps/STM32CubeIDE_1.16.1/STM32CubeIDE/plugins/com.st.stm32cube.ide.mcu.externaltools.gnu-tools-for-stm32.12.3.rel1.win32_1.0.200.202406191623/tools/bin/../lib/gcc/arm-none-eabi/12.3.1/../../../../arm-none-eabi/lib/thumb/v7e-m+fp/hard\libc_nano.a(libc_a-mlock.o)
                0x08005954                __malloc_unlock
 .text.__ssputs_r
                0x08005960       0xb6 C:/Users/takre_9xkzqg1/Downloads/Apps/STM32CubeIDE_1.16.1/STM32CubeIDE/plugins/com.st.stm32cube.ide.mcu.externaltools.gnu-tools-for-stm32.12.3.rel1.win32_1.0.200.202406191623/tools/bin/../lib/gcc/arm-none-eabi/12.3.1/../../../../arm-none-eabi/lib/thumb/v7e-m+fp/hard\libc_nano.a(libc_a-nano-svfprintf.o)
                0x08005960                __ssputs_r
 *fill*         0x08005a16        0x2 
 .text._svfprintf_r
                0x08005a18      0x1f8 C:/Users/takre_9xkzqg1/Downloads/Apps/STM32CubeIDE_1.16.1/STM32CubeIDE/plugins/com.st.stm32cube.ide.mcu.externaltools.gnu-tools-for-stm32.12.3.rel1.win32_1.0.200.202406191623/tools/bin/../lib/gcc/arm-none-eabi/12.3.1/../../../../arm-none-eabi/lib/thumb/v7e-m+fp/hard\libc_nano.a(libc_a-nano-svfprintf.o)
                0x08005a18                _svfiprintf_r
                0x08005a18                _svfprintf_r
 .text._printf_common
                0x08005c10       0xda C:/Users/takre_9xkzqg1/Downloads/Apps/STM32CubeIDE_1.16.1/STM32CubeIDE/plugins/com.st.stm32cube.ide.mcu.externaltools.gnu-tools-for-stm32.12.3.rel1.win32_1.0.200.202406191623/tools/bin/../lib/gcc/arm-none-eabi/12.3.1/../../../../arm-none-eabi/lib/thumb/v7e-m+fp/hard\libc_nano.a(libc_a-nano-vfprintf_i.o)
                0x08005c10                _printf_common
 *fill*         0x08005cea        0x2 
 .text._printf_i
                0x08005cec      0x240 C:/Users/takre_9xkzqg1/Downloads/Apps/STM32CubeIDE_1.16.1/STM32CubeIDE/plugins/com.st.stm32cube.ide.mcu.externaltools.gnu-tools-for-stm32.12.3.rel1.win32_1.0.200.202406191623/tools/bin/../lib/gcc/arm-none-eabi/12.3.1/../../../../arm-none-eabi/lib/thumb/v7e-m+fp/hard\libc_nano.a(libc_a-nano-vfprintf_i.o)
                0x08005cec                _printf_i
 .text.memmove  0x08005f2c       0x34 C:/Users/takre_9xkzqg1/Downloads/Apps/STM32CubeIDE_1.16.1/STM32CubeIDE/plugins/com.st.stm32cube.ide.mcu.externaltools.gnu-tools-for-stm32.12.3.rel1.win32_1.0.200.202406191623/tools/bin/../lib/gcc/arm-none-eabi/12.3.1/../../../../arm-none-eabi/lib/thumb/v7e-m+fp/hard\libc_nano.a(libc_a-memmove.o)
                0x08005f2c                memmove
 .text._sbrk_r  0x08005f60       0x20 C:/Users/takre_9xkzqg1/Downloads/Apps/STM32CubeIDE_1.16.1/STM32CubeIDE/plugins/com.st.stm32cube.ide.mcu.externaltools.gnu-tools-for-stm32.12.3.rel1.win32_1.0.200.202406191623/tools/bin/../lib/gcc/arm-none-eabi/12.3.1/../../../../arm-none-eabi/lib/thumb/v7e-m+fp/hard\libc_nano.a(libc_a-sbrkr.o)
                0x08005f60                _sbrk_r
 .text._realloc_r
                0x08005f80       0x5c C:/Users/takre_9xkzqg1/Downloads/Apps/STM32CubeIDE_1.16.1/STM32CubeIDE/plugins/com.st.stm32cube.ide.mcu.externaltools.gnu-tools-for-stm32.12.3.rel1.win32_1.0.200.202406191623/tools/bin/../lib/gcc/arm-none-eabi/12.3.1/../../../../arm-none-eabi/lib/thumb/v7e-m+fp/hard\libc_nano.a(libc_a-reallocr.o)
                0x08005f80                _realloc_r
 .text._malloc_usable_size_r
                0x08005fdc       0x10 C:/Users/takre_9xkzqg1/Downloads/Apps/STM32CubeIDE_1.16.1/STM32CubeIDE/plugins/com.st.stm32cube.ide.mcu.externaltools.gnu-tools-for-stm32.12.3.rel1.win32_1.0.200.202406191623/tools/bin/../lib/gcc/arm-none-eabi/12.3.1/../../../../arm-none-eabi/lib/thumb/v7e-m+fp/hard\libc_nano.a(libc_a-msizer.o)
                0x08005fdc                _malloc_usable_size_r
 *(.glue_7)
 .glue_7        0x08005fec        0x0 linker stubs
 *(.glue_7t)
 .glue_7t       0x08005fec        0x0 linker stubs
 *(.eh_frame)
 .eh_frame      0x08005fec        0x0 C:/Users/takre_9xkzqg1/Downloads/Apps/STM32CubeIDE_1.16.1/STM32CubeIDE/plugins/com.st.stm32cube.ide.mcu.externaltools.gnu-tools-for-stm32.12.3.rel1.win32_1.0.200.202406191623/tools/bin/../lib/gcc/arm-none-eabi/12.3.1/thumb/v7e-m+fp/hard/crtbegin.o
 *(.init)
 .init          0x08005fec        0x4 C:/Users/takre_9xkzqg1/Downloads/Apps/STM32CubeIDE_1.16.1/STM32CubeIDE/plugins/com.st.stm32cube.ide.mcu.externaltools.gnu-tools-for-stm32.12.3.rel1.win32_1.0.200.202406191623/tools/bin/../lib/gcc/arm-none-eabi/12.3.1/thumb/v7e-m+fp/hard/crti.o
                0x08005fec                _init
 .init          0x08005ff0        0x8 C:/Users/takre_9xkzqg1/Downloads/Apps/STM32CubeIDE_1.16.1/STM32CubeIDE/plugins/com.st.stm32cube.ide.mcu.externaltools.gnu-tools-for-stm32.12.3.rel1.win32_1.0.200.202406191623/tools/bin/../lib/gcc/arm-none-eabi/12.3.1/thumb/v7e-m+fp/hard/crtn.o
 *(.fini)
 .fini          0x08005ff8        0x4 C:/Users/takre_9xkzqg1/Downloads/Apps/STM32CubeIDE_1.16.1/STM32CubeIDE/plugins/com.st.stm32cube.ide.mcu.externaltools.gnu-tools-for-stm32.12.3.rel1.win32_1.0.200.202406191623/tools/bin/../lib/gcc/arm-none-eabi/12.3.1/thumb/v7e-m+fp/hard/crti.o
                0x08005ff8                _fini
 .fini          0x08005ffc        0x8 C:/Users/takre_9xkzqg1/Downloads/Apps/STM32CubeIDE_1.16.1/STM32CubeIDE/plugins/com.st.stm32cube.ide.mcu.externaltools.gnu-tools-for-stm32.12.3.rel1.win32_1.0.200.202406191623/tools/bin/../lib/gcc/arm-none-eabi/12.3.1/thumb/v7e-m+fp/hard/crtn.o
                0x08006004                        . = ALIGN (0x4)
                0x08006004                        _etext = .

.vfp11_veneer   0x08006004        0x0
 .vfp11_veneer  0x08006004        0x0 linker stubs

.v4_bx          0x08006004        0x0
 .v4_bx         0x08006004        0x0 linker stubs

.iplt           0x08006004        0x0
 .iplt          0x08006004        0x0 C:/Users/takre_9xkzqg1/Downloads/Apps/STM32CubeIDE_1.16.1/STM32CubeIDE/plugins/com.st.stm32cube.ide.mcu.externaltools.gnu-tools-for-stm32.12.3.rel1.win32_1.0.200.202406191623/tools/bin/../lib/gcc/arm-none-eabi/12.3.1/thumb/v7e-m+fp/hard/crtbegin.o

.rodata         0x08006004      0x188
                0x08006004                        . = ALIGN (0x4)
 *(.rodata)
 .rodata        0x08006004       0x13 ./Core/Src/liquidcrystal_i2c.o
 *fill*         0x08006017        0x1 
 .rodata        0x08006018       0xfe ./Core/Src/setup.o
 *(.rodata*)
 *fill*         0x08006116        0x2 
 .rodata.AHBPrescTable
                0x08006118       0x10 ./Core/Src/system_stm32l4xx.o
                0x08006118                AHBPrescTable
 .rodata.MSIRangeTable
                0x08006128       0x30 ./Core/Src/system_stm32l4xx.o
                0x08006128                MSIRangeTable
 .rodata._svfprintf_r.str1.1
                0x08006158       0x11 C:/Users/takre_9xkzqg1/Downloads/Apps/STM32CubeIDE_1.16.1/STM32CubeIDE/plugins/com.st.stm32cube.ide.mcu.externaltools.gnu-tools-for-stm32.12.3.rel1.win32_1.0.200.202406191623/tools/bin/../lib/gcc/arm-none-eabi/12.3.1/../../../../arm-none-eabi/lib/thumb/v7e-m+fp/hard\libc_nano.a(libc_a-nano-svfprintf.o)
 .rodata._printf_i.str1.1
                0x08006169       0x22 C:/Users/takre_9xkzqg1/Downloads/Apps/STM32CubeIDE_1.16.1/STM32CubeIDE/plugins/com.st.stm32cube.ide.mcu.externaltools.gnu-tools-for-stm32.12.3.rel1.win32_1.0.200.202406191623/tools/bin/../lib/gcc/arm-none-eabi/12.3.1/../../../../arm-none-eabi/lib/thumb/v7e-m+fp/hard\libc_nano.a(libc_a-nano-vfprintf_i.o)
                0x0800618c                        . = ALIGN (0x4)
 *fill*         0x0800618b        0x1 

.ARM.extab      0x0800618c        0x0
                0x0800618c                        . = ALIGN (0x4)
 *(.ARM.extab* .gnu.linkonce.armextab.*)
                0x0800618c                        . = ALIGN (0x4)

.ARM            0x0800618c        0x8
                0x0800618c                        . = ALIGN (0x4)
                0x0800618c                        __exidx_start = .
 *(.ARM.exidx*)
 .ARM.exidx     0x0800618c        0x8 C:/Users/takre_9xkzqg1/Downloads/Apps/STM32CubeIDE_1.16.1/STM32CubeIDE/plugins/com.st.stm32cube.ide.mcu.externaltools.gnu-tools-for-stm32.12.3.rel1.win32_1.0.200.202406191623/tools/bin/../lib/gcc/arm-none-eabi/12.3.1/../../../../arm-none-eabi/lib/thumb/v7e-m+fp/hard\libc_nano.a(libc_a-memchr.o)
                0x08006194                        __exidx_end = .
                0x08006194                        . = ALIGN (0x4)

.preinit_array  0x08006194        0x0
                0x08006194                        . = ALIGN (0x4)
                0x08006194                        PROVIDE (__preinit_array_start = .)
 *(.preinit_array*)
                0x08006194                        PROVIDE (__preinit_array_end = .)
                0x08006194                        . = ALIGN (0x4)

.init_array     0x08006194        0x4
                0x08006194                        . = ALIGN (0x4)
                0x08006194                        PROVIDE (__init_array_start = .)
 *(SORT_BY_NAME(.init_array.*))
 *(.init_array*)
 .init_array    0x08006194        0x4 C:/Users/takre_9xkzqg1/Downloads/Apps/STM32CubeIDE_1.16.1/STM32CubeIDE/plugins/com.st.stm32cube.ide.mcu.externaltools.gnu-tools-for-stm32.12.3.rel1.win32_1.0.200.202406191623/tools/bin/../lib/gcc/arm-none-eabi/12.3.1/thumb/v7e-m+fp/hard/crtbegin.o
                0x08006198                        PROVIDE (__init_array_end = .)
                0x08006198                        . = ALIGN (0x4)

.fini_array     0x08006198        0x4
                0x08006198                        . = ALIGN (0x4)
                [!provide]                        PROVIDE (__fini_array_start = .)
 *(SORT_BY_NAME(.fini_array.*))
 *(.fini_array*)
 .fini_array    0x08006198        0x4 C:/Users/takre_9xkzqg1/Downloads/Apps/STM32CubeIDE_1.16.1/STM32CubeIDE/plugins/com.st.stm32cube.ide.mcu.externaltools.gnu-tools-for-stm32.12.3.rel1.win32_1.0.200.202406191623/tools/bin/../lib/gcc/arm-none-eabi/12.3.1/thumb/v7e-m+fp/hard/crtbegin.o
                [!provide]                        PROVIDE (__fini_array_end = .)
                0x0800619c                        . = ALIGN (0x4)
                0x0800619c                        _sidata = LOADADDR (.data)

.rel.dyn        0x0800619c        0x0
 .rel.iplt      0x0800619c        0x0 C:/Users/takre_9xkzqg1/Downloads/Apps/STM32CubeIDE_1.16.1/STM32CubeIDE/plugins/com.st.stm32cube.ide.mcu.externaltools.gnu-tools-for-stm32.12.3.rel1.win32_1.0.200.202406191623/tools/bin/../lib/gcc/arm-none-eabi/12.3.1/thumb/v7e-m+fp/hard/crtbegin.o

.data           0x20000000      0x108 load address 0x0800619c
                0x20000000                        . = ALIGN (0x4)
                0x20000000                        _sdata = .
 *(.data)
 *(.data*)
 .data.ADC_Channels
                0x20000000       0x14 ./Core/Src/adc.o
                0x20000000                ADC_Channels
 .data.special1
                0x20000014        0x8 ./Core/Src/liquidcrystal_i2c.o
                0x20000014                special1
 .data.special2
                0x2000001c        0x8 ./Core/Src/liquidcrystal_i2c.o
                0x2000001c                special2
 .data.special3
                0x20000024        0x8 ./Core/Src/liquidcrystal_i2c.o
                0x20000024                special3
 .data.flower   0x2000002c       0x18 ./Core/Src/plant_database.o
                0x2000002c                flower
 .data.tree     0x20000044       0x18 ./Core/Src/plant_database.o
                0x20000044                tree
 .data.succulent
                0x2000005c       0x18 ./Core/Src/plant_database.o
                0x2000005c                succulent
 .data.plant_list
                0x20000074        0xc ./Core/Src/plant_database.o
                0x20000074                plant_list
 .data.user_selected_plant
                0x20000080       0x18 ./Core/Src/setup.o
                0x20000080                user_selected_plant
 .data.flags    0x20000098       0x14 ./Core/Src/setup.o
                0x20000098                flags
 .data.SystemCoreClock
                0x200000ac        0x4 ./Core/Src/system_stm32l4xx.o
                0x200000ac                SystemCoreClock
 .data.uwTickPrio
                0x200000b0        0x4 ./Drivers/STM32L4xx_HAL_Driver/Src/stm32l4xx_hal.o
                0x200000b0                uwTickPrio
 .data.uwTickFreq
                0x200000b4        0x1 ./Drivers/STM32L4xx_HAL_Driver/Src/stm32l4xx_hal.o
                0x200000b4                uwTickFreq
 *fill*         0x200000b5        0x3 
 .data._impure_ptr
                0x200000b8        0x4 C:/Users/takre_9xkzqg1/Downloads/Apps/STM32CubeIDE_1.16.1/STM32CubeIDE/plugins/com.st.stm32cube.ide.mcu.externaltools.gnu-tools-for-stm32.12.3.rel1.win32_1.0.200.202406191623/tools/bin/../lib/gcc/arm-none-eabi/12.3.1/../../../../arm-none-eabi/lib/thumb/v7e-m+fp/hard\libc_nano.a(libc_a-impure.o)
                0x200000b8                _impure_ptr
 .data._impure_data
                0x200000bc       0x4c C:/Users/takre_9xkzqg1/Downloads/Apps/STM32CubeIDE_1.16.1/STM32CubeIDE/plugins/com.st.stm32cube.ide.mcu.externaltools.gnu-tools-for-stm32.12.3.rel1.win32_1.0.200.202406191623/tools/bin/../lib/gcc/arm-none-eabi/12.3.1/../../../../arm-none-eabi/lib/thumb/v7e-m+fp/hard\libc_nano.a(libc_a-impure.o)
                0x200000bc                _impure_data
 *(.RamFunc)
 *(.RamFunc*)
                0x20000108                        . = ALIGN (0x4)
                0x20000108                        _edata = .

.igot.plt       0x20000108        0x0 load address 0x080062a4
 .igot.plt      0x20000108        0x0 C:/Users/takre_9xkzqg1/Downloads/Apps/STM32CubeIDE_1.16.1/STM32CubeIDE/plugins/com.st.stm32cube.ide.mcu.externaltools.gnu-tools-for-stm32.12.3.rel1.win32_1.0.200.202406191623/tools/bin/../lib/gcc/arm-none-eabi/12.3.1/thumb/v7e-m+fp/hard/crtbegin.o
                0x20000108                        . = ALIGN (0x4)

.bss            0x20000108      0x2e8 load address 0x080062a4
                0x20000108                        _sbss = .
                0x20000108                        __bss_start__ = _sbss
 *(.bss)
 .bss           0x20000108       0x1c C:/Users/takre_9xkzqg1/Downloads/Apps/STM32CubeIDE_1.16.1/STM32CubeIDE/plugins/com.st.stm32cube.ide.mcu.externaltools.gnu-tools-for-stm32.12.3.rel1.win32_1.0.200.202406191623/tools/bin/../lib/gcc/arm-none-eabi/12.3.1/thumb/v7e-m+fp/hard/crtbegin.o
 *(.bss*)
 .bss.ADC_CH_Cfg
                0x20000124       0x18 ./Core/Src/adc.o
                0x20000124                ADC_CH_Cfg
 .bss.dpFunction
                0x2000013c        0x1 ./Core/Src/liquidcrystal_i2c.o
                0x2000013c                dpFunction
 .bss.dpControl
                0x2000013d        0x1 ./Core/Src/liquidcrystal_i2c.o
                0x2000013d                dpControl
 .bss.dpMode    0x2000013e        0x1 ./Core/Src/liquidcrystal_i2c.o
                0x2000013e                dpMode
 .bss.dpRows    0x2000013f        0x1 ./Core/Src/liquidcrystal_i2c.o
                0x2000013f                dpRows
 .bss.dpBacklight
                0x20000140        0x1 ./Core/Src/liquidcrystal_i2c.o
                0x20000140                dpBacklight
 *fill*         0x20000141        0x3 
 .bss.hadc1     0x20000144       0x68 ./Core/Src/main.o
                0x20000144                hadc1
 .bss.hi2c3     0x200001ac       0x54 ./Core/Src/main.o
                0x200001ac                hi2c3
 .bss.hi2c4     0x20000200       0x54 ./Core/Src/main.o
                0x20000200                hi2c4
 .bss.hrtc      0x20000254       0x24 ./Core/Src/main.o
                0x20000254                hrtc
 .bss.veml      0x20000278        0x8 ./Core/Src/main.o
                0x20000278                veml
 .bss.last_interrupt_time.0
                0x20000280        0x4 ./Core/Src/main.o
 .bss.moisture_sensor_readings
                0x20000284        0x4 ./Core/Src/moisture_sensor.o
                0x20000284                moisture_sensor_readings
 .bss.calibrated_wet_level
                0x20000288        0x2 ./Core/Src/setup.o
                0x20000288                calibrated_wet_level
 .bss.pot_depth
                0x2000028a        0x2 ./Core/Src/setup.o
                0x2000028a                pot_depth
 .bss.rtc_flag  0x2000028c        0x4 ./Core/Src/setup.o
                0x2000028c                rtc_flag
 .bss.flag_1    0x20000290        0x4 ./Core/Src/setup.o
                0x20000290                flag_1
 .bss.flag_2    0x20000294        0x4 ./Core/Src/setup.o
                0x20000294                flag_2
 .bss.flag_3    0x20000298        0x4 ./Core/Src/setup.o
                0x20000298                flag_3
 .bss.flag_4    0x2000029c        0x4 ./Core/Src/setup.o
                0x2000029c                flag_4
 .bss.__sbrk_heap_end
                0x200002a0        0x4 ./Core/Src/sysmem.o
 .bss.uwTick    0x200002a4        0x4 ./Drivers/STM32L4xx_HAL_Driver/Src/stm32l4xx_hal.o
                0x200002a4                uwTick
 .bss.__sf      0x200002a8      0x138 C:/Users/takre_9xkzqg1/Downloads/Apps/STM32CubeIDE_1.16.1/STM32CubeIDE/plugins/com.st.stm32cube.ide.mcu.externaltools.gnu-tools-for-stm32.12.3.rel1.win32_1.0.200.202406191623/tools/bin/../lib/gcc/arm-none-eabi/12.3.1/../../../../arm-none-eabi/lib/thumb/v7e-m+fp/hard\libc_nano.a(libc_a-findfp.o)
                0x200002a8                __sf
 .bss.errno     0x200003e0        0x4 C:/Users/takre_9xkzqg1/Downloads/Apps/STM32CubeIDE_1.16.1/STM32CubeIDE/plugins/com.st.stm32cube.ide.mcu.externaltools.gnu-tools-for-stm32.12.3.rel1.win32_1.0.200.202406191623/tools/bin/../lib/gcc/arm-none-eabi/12.3.1/../../../../arm-none-eabi/lib/thumb/v7e-m+fp/hard\libc_nano.a(libc_a-reent.o)
                0x200003e0                errno
 .bss.__lock___malloc_recursive_mutex
                0x200003e4        0x1 C:/Users/takre_9xkzqg1/Downloads/Apps/STM32CubeIDE_1.16.1/STM32CubeIDE/plugins/com.st.stm32cube.ide.mcu.externaltools.gnu-tools-for-stm32.12.3.rel1.win32_1.0.200.202406191623/tools/bin/../lib/gcc/arm-none-eabi/12.3.1/../../../../arm-none-eabi/lib/thumb/v7e-m+fp/hard\libc_nano.a(libc_a-lock.o)
                0x200003e4                __lock___malloc_recursive_mutex
 *fill*         0x200003e5        0x3 
 .bss.__malloc_sbrk_start
                0x200003e8        0x4 C:/Users/takre_9xkzqg1/Downloads/Apps/STM32CubeIDE_1.16.1/STM32CubeIDE/plugins/com.st.stm32cube.ide.mcu.externaltools.gnu-tools-for-stm32.12.3.rel1.win32_1.0.200.202406191623/tools/bin/../lib/gcc/arm-none-eabi/12.3.1/../../../../arm-none-eabi/lib/thumb/v7e-m+fp/hard\libc_nano.a(libc_a-mallocr.o)
                0x200003e8                __malloc_sbrk_start
 .bss.__malloc_free_list
                0x200003ec        0x4 C:/Users/takre_9xkzqg1/Downloads/Apps/STM32CubeIDE_1.16.1/STM32CubeIDE/plugins/com.st.stm32cube.ide.mcu.externaltools.gnu-tools-for-stm32.12.3.rel1.win32_1.0.200.202406191623/tools/bin/../lib/gcc/arm-none-eabi/12.3.1/../../../../arm-none-eabi/lib/thumb/v7e-m+fp/hard\libc_nano.a(libc_a-mallocr.o)
                0x200003ec                __malloc_free_list
 *(COMMON)
                0x200003f0                        . = ALIGN (0x4)
                0x200003f0                        _ebss = .
                0x200003f0                        __bss_end__ = _ebss

._user_heap_stack
                0x200003f0      0x600 load address 0x080062a4
                0x200003f0                        . = ALIGN (0x8)
                [!provide]                        PROVIDE (end = .)
                0x200003f0                        PROVIDE (_end = .)
                0x200005f0                        . = (. + _Min_Heap_Size)
 *fill*         0x200003f0      0x200 
                0x200009f0                        . = (. + _Min_Stack_Size)
 *fill*         0x200005f0      0x400 
                0x200009f0                        . = ALIGN (0x8)

/DISCARD/
 libc.a(*)
 libm.a(*)
 libgcc.a(*)

.ARM.attributes
                0x00000000       0x30
 *(.ARM.attributes)
 .ARM.attributes
                0x00000000       0x22 C:/Users/takre_9xkzqg1/Downloads/Apps/STM32CubeIDE_1.16.1/STM32CubeIDE/plugins/com.st.stm32cube.ide.mcu.externaltools.gnu-tools-for-stm32.12.3.rel1.win32_1.0.200.202406191623/tools/bin/../lib/gcc/arm-none-eabi/12.3.1/thumb/v7e-m+fp/hard/crti.o
 .ARM.attributes
                0x00000022       0x34 C:/Users/takre_9xkzqg1/Downloads/Apps/STM32CubeIDE_1.16.1/STM32CubeIDE/plugins/com.st.stm32cube.ide.mcu.externaltools.gnu-tools-for-stm32.12.3.rel1.win32_1.0.200.202406191623/tools/bin/../lib/gcc/arm-none-eabi/12.3.1/thumb/v7e-m+fp/hard/crtbegin.o
 .ARM.attributes
                0x00000056       0x34 ./Core/Src/adc.o
 .ARM.attributes
                0x0000008a       0x34 ./Core/Src/liquidcrystal_i2c.o
 .ARM.attributes
                0x000000be       0x34 ./Core/Src/main.o
 .ARM.attributes
                0x000000f2       0x34 ./Core/Src/moisture_sensor.o
 .ARM.attributes
                0x00000126       0x34 ./Core/Src/plant_database.o
 .ARM.attributes
                0x0000015a       0x34 ./Core/Src/setup.o
 .ARM.attributes
                0x0000018e       0x34 ./Core/Src/stm32l4xx_hal_msp.o
 .ARM.attributes
                0x000001c2       0x34 ./Core/Src/stm32l4xx_it.o
 .ARM.attributes
                0x000001f6       0x34 ./Core/Src/sysmem.o
 .ARM.attributes
                0x0000022a       0x34 ./Core/Src/system_stm32l4xx.o
 .ARM.attributes
                0x0000025e       0x34 ./Core/Src/veml7700.o
 .ARM.attributes
                0x00000292       0x21 ./Core/Startup/startup_stm32l452rctx.o
 .ARM.attributes
                0x000002b3       0x34 ./Drivers/STM32L4xx_HAL_Driver/Src/stm32l4xx_hal.o
 .ARM.attributes
                0x000002e7       0x34 ./Drivers/STM32L4xx_HAL_Driver/Src/stm32l4xx_hal_adc.o
 .ARM.attributes
                0x0000031b       0x34 ./Drivers/STM32L4xx_HAL_Driver/Src/stm32l4xx_hal_cortex.o
 .ARM.attributes
                0x0000034f       0x34 ./Drivers/STM32L4xx_HAL_Driver/Src/stm32l4xx_hal_gpio.o
 .ARM.attributes
                0x00000383       0x34 ./Drivers/STM32L4xx_HAL_Driver/Src/stm32l4xx_hal_i2c.o
 .ARM.attributes
                0x000003b7       0x34 ./Drivers/STM32L4xx_HAL_Driver/Src/stm32l4xx_hal_i2c_ex.o
 .ARM.attributes
                0x000003eb       0x34 ./Drivers/STM32L4xx_HAL_Driver/Src/stm32l4xx_hal_pwr_ex.o
 .ARM.attributes
                0x0000041f       0x34 ./Drivers/STM32L4xx_HAL_Driver/Src/stm32l4xx_hal_rcc.o
 .ARM.attributes
                0x00000453       0x34 ./Drivers/STM32L4xx_HAL_Driver/Src/stm32l4xx_hal_rcc_ex.o
 .ARM.attributes
                0x00000487       0x34 ./Drivers/STM32L4xx_HAL_Driver/Src/stm32l4xx_hal_rtc.o
 .ARM.attributes
                0x000004bb       0x34 ./Drivers/STM32L4xx_HAL_Driver/Src/stm32l4xx_hal_rtc_ex.o
 .ARM.attributes
                0x000004ef       0x34 C:/Users/takre_9xkzqg1/Downloads/Apps/STM32CubeIDE_1.16.1/STM32CubeIDE/plugins/com.st.stm32cube.ide.mcu.externaltools.gnu-tools-for-stm32.12.3.rel1.win32_1.0.200.202406191623/tools/bin/../lib/gcc/arm-none-eabi/12.3.1/../../../../arm-none-eabi/lib/thumb/v7e-m+fp/hard\libc_nano.a(libc_a-findfp.o)
 .ARM.attributes
                0x00000523       0x34 C:/Users/takre_9xkzqg1/Downloads/Apps/STM32CubeIDE_1.16.1/STM32CubeIDE/plugins/com.st.stm32cube.ide.mcu.externaltools.gnu-tools-for-stm32.12.3.rel1.win32_1.0.200.202406191623/tools/bin/../lib/gcc/arm-none-eabi/12.3.1/../../../../arm-none-eabi/lib/thumb/v7e-m+fp/hard\libc_nano.a(libc_a-sprintf.o)
 .ARM.attributes
                0x00000557       0x34 C:/Users/takre_9xkzqg1/Downloads/Apps/STM32CubeIDE_1.16.1/STM32CubeIDE/plugins/com.st.stm32cube.ide.mcu.externaltools.gnu-tools-for-stm32.12.3.rel1.win32_1.0.200.202406191623/tools/bin/../lib/gcc/arm-none-eabi/12.3.1/../../../../arm-none-eabi/lib/thumb/v7e-m+fp/hard\libc_nano.a(libc_a-memset.o)
 .ARM.attributes
                0x0000058b       0x34 C:/Users/takre_9xkzqg1/Downloads/Apps/STM32CubeIDE_1.16.1/STM32CubeIDE/plugins/com.st.stm32cube.ide.mcu.externaltools.gnu-tools-for-stm32.12.3.rel1.win32_1.0.200.202406191623/tools/bin/../lib/gcc/arm-none-eabi/12.3.1/../../../../arm-none-eabi/lib/thumb/v7e-m+fp/hard\libc_nano.a(libc_a-reent.o)
 .ARM.attributes
                0x000005bf       0x34 C:/Users/takre_9xkzqg1/Downloads/Apps/STM32CubeIDE_1.16.1/STM32CubeIDE/plugins/com.st.stm32cube.ide.mcu.externaltools.gnu-tools-for-stm32.12.3.rel1.win32_1.0.200.202406191623/tools/bin/../lib/gcc/arm-none-eabi/12.3.1/../../../../arm-none-eabi/lib/thumb/v7e-m+fp/hard\libc_nano.a(libc_a-impure.o)
 .ARM.attributes
                0x000005f3       0x34 C:/Users/takre_9xkzqg1/Downloads/Apps/STM32CubeIDE_1.16.1/STM32CubeIDE/plugins/com.st.stm32cube.ide.mcu.externaltools.gnu-tools-for-stm32.12.3.rel1.win32_1.0.200.202406191623/tools/bin/../lib/gcc/arm-none-eabi/12.3.1/../../../../arm-none-eabi/lib/thumb/v7e-m+fp/hard\libc_nano.a(libc_a-errno.o)
 .ARM.attributes
                0x00000627       0x34 C:/Users/takre_9xkzqg1/Downloads/Apps/STM32CubeIDE_1.16.1/STM32CubeIDE/plugins/com.st.stm32cube.ide.mcu.externaltools.gnu-tools-for-stm32.12.3.rel1.win32_1.0.200.202406191623/tools/bin/../lib/gcc/arm-none-eabi/12.3.1/../../../../arm-none-eabi/lib/thumb/v7e-m+fp/hard\libc_nano.a(libc_a-init.o)
 .ARM.attributes
                0x0000065b       0x34 C:/Users/takre_9xkzqg1/Downloads/Apps/STM32CubeIDE_1.16.1/STM32CubeIDE/plugins/com.st.stm32cube.ide.mcu.externaltools.gnu-tools-for-stm32.12.3.rel1.win32_1.0.200.202406191623/tools/bin/../lib/gcc/arm-none-eabi/12.3.1/../../../../arm-none-eabi/lib/thumb/v7e-m+fp/hard\libc_nano.a(libc_a-lock.o)
 .ARM.attributes
                0x0000068f       0x34 C:/Users/takre_9xkzqg1/Downloads/Apps/STM32CubeIDE_1.16.1/STM32CubeIDE/plugins/com.st.stm32cube.ide.mcu.externaltools.gnu-tools-for-stm32.12.3.rel1.win32_1.0.200.202406191623/tools/bin/../lib/gcc/arm-none-eabi/12.3.1/../../../../arm-none-eabi/lib/thumb/v7e-m+fp/hard\libc_nano.a(libc_a-memcpy-stub.o)
 .ARM.attributes
                0x000006c3       0x34 C:/Users/takre_9xkzqg1/Downloads/Apps/STM32CubeIDE_1.16.1/STM32CubeIDE/plugins/com.st.stm32cube.ide.mcu.externaltools.gnu-tools-for-stm32.12.3.rel1.win32_1.0.200.202406191623/tools/bin/../lib/gcc/arm-none-eabi/12.3.1/../../../../arm-none-eabi/lib/thumb/v7e-m+fp/hard\libc_nano.a(libc_a-freer.o)
 .ARM.attributes
                0x000006f7       0x34 C:/Users/takre_9xkzqg1/Downloads/Apps/STM32CubeIDE_1.16.1/STM32CubeIDE/plugins/com.st.stm32cube.ide.mcu.externaltools.gnu-tools-for-stm32.12.3.rel1.win32_1.0.200.202406191623/tools/bin/../lib/gcc/arm-none-eabi/12.3.1/../../../../arm-none-eabi/lib/thumb/v7e-m+fp/hard\libc_nano.a(libc_a-mallocr.o)
 .ARM.attributes
                0x0000072b       0x34 C:/Users/takre_9xkzqg1/Downloads/Apps/STM32CubeIDE_1.16.1/STM32CubeIDE/plugins/com.st.stm32cube.ide.mcu.externaltools.gnu-tools-for-stm32.12.3.rel1.win32_1.0.200.202406191623/tools/bin/../lib/gcc/arm-none-eabi/12.3.1/../../../../arm-none-eabi/lib/thumb/v7e-m+fp/hard\libc_nano.a(libc_a-mlock.o)
 .ARM.attributes
                0x0000075f       0x34 C:/Users/takre_9xkzqg1/Downloads/Apps/STM32CubeIDE_1.16.1/STM32CubeIDE/plugins/com.st.stm32cube.ide.mcu.externaltools.gnu-tools-for-stm32.12.3.rel1.win32_1.0.200.202406191623/tools/bin/../lib/gcc/arm-none-eabi/12.3.1/../../../../arm-none-eabi/lib/thumb/v7e-m+fp/hard\libc_nano.a(libc_a-nano-svfprintf.o)
 .ARM.attributes
                0x00000793       0x34 C:/Users/takre_9xkzqg1/Downloads/Apps/STM32CubeIDE_1.16.1/STM32CubeIDE/plugins/com.st.stm32cube.ide.mcu.externaltools.gnu-tools-for-stm32.12.3.rel1.win32_1.0.200.202406191623/tools/bin/../lib/gcc/arm-none-eabi/12.3.1/../../../../arm-none-eabi/lib/thumb/v7e-m+fp/hard\libc_nano.a(libc_a-nano-vfprintf_i.o)
 .ARM.attributes
                0x000007c7       0x34 C:/Users/takre_9xkzqg1/Downloads/Apps/STM32CubeIDE_1.16.1/STM32CubeIDE/plugins/com.st.stm32cube.ide.mcu.externaltools.gnu-tools-for-stm32.12.3.rel1.win32_1.0.200.202406191623/tools/bin/../lib/gcc/arm-none-eabi/12.3.1/../../../../arm-none-eabi/lib/thumb/v7e-m+fp/hard\libc_nano.a(libc_a-memmove.o)
 .ARM.attributes
                0x000007fb       0x34 C:/Users/takre_9xkzqg1/Downloads/Apps/STM32CubeIDE_1.16.1/STM32CubeIDE/plugins/com.st.stm32cube.ide.mcu.externaltools.gnu-tools-for-stm32.12.3.rel1.win32_1.0.200.202406191623/tools/bin/../lib/gcc/arm-none-eabi/12.3.1/../../../../arm-none-eabi/lib/thumb/v7e-m+fp/hard\libc_nano.a(libc_a-sbrkr.o)
 .ARM.attributes
                0x0000082f       0x1c C:/Users/takre_9xkzqg1/Downloads/Apps/STM32CubeIDE_1.16.1/STM32CubeIDE/plugins/com.st.stm32cube.ide.mcu.externaltools.gnu-tools-for-stm32.12.3.rel1.win32_1.0.200.202406191623/tools/bin/../lib/gcc/arm-none-eabi/12.3.1/../../../../arm-none-eabi/lib/thumb/v7e-m+fp/hard\libc_nano.a(libc_a-memchr.o)
 .ARM.attributes
                0x0000084b       0x34 C:/Users/takre_9xkzqg1/Downloads/Apps/STM32CubeIDE_1.16.1/STM32CubeIDE/plugins/com.st.stm32cube.ide.mcu.externaltools.gnu-tools-for-stm32.12.3.rel1.win32_1.0.200.202406191623/tools/bin/../lib/gcc/arm-none-eabi/12.3.1/../../../../arm-none-eabi/lib/thumb/v7e-m+fp/hard\libc_nano.a(libc_a-reallocr.o)
 .ARM.attributes
                0x0000087f       0x34 C:/Users/takre_9xkzqg1/Downloads/Apps/STM32CubeIDE_1.16.1/STM32CubeIDE/plugins/com.st.stm32cube.ide.mcu.externaltools.gnu-tools-for-stm32.12.3.rel1.win32_1.0.200.202406191623/tools/bin/../lib/gcc/arm-none-eabi/12.3.1/../../../../arm-none-eabi/lib/thumb/v7e-m+fp/hard\libc_nano.a(libc_a-msizer.o)
 .ARM.attributes
                0x000008b3       0x22 C:/Users/takre_9xkzqg1/Downloads/Apps/STM32CubeIDE_1.16.1/STM32CubeIDE/plugins/com.st.stm32cube.ide.mcu.externaltools.gnu-tools-for-stm32.12.3.rel1.win32_1.0.200.202406191623/tools/bin/../lib/gcc/arm-none-eabi/12.3.1/thumb/v7e-m+fp/hard/crtn.o
OUTPUT(soilsense.elf elf32-littlearm)
LOAD linker stubs
LOAD C:/Users/takre_9xkzqg1/Downloads/Apps/STM32CubeIDE_1.16.1/STM32CubeIDE/plugins/com.st.stm32cube.ide.mcu.externaltools.gnu-tools-for-stm32.12.3.rel1.win32_1.0.200.202406191623/tools/bin/../lib/gcc/arm-none-eabi/12.3.1/../../../../arm-none-eabi/lib/thumb/v7e-m+fp/hard\libc.a
LOAD C:/Users/takre_9xkzqg1/Downloads/Apps/STM32CubeIDE_1.16.1/STM32CubeIDE/plugins/com.st.stm32cube.ide.mcu.externaltools.gnu-tools-for-stm32.12.3.rel1.win32_1.0.200.202406191623/tools/bin/../lib/gcc/arm-none-eabi/12.3.1/../../../../arm-none-eabi/lib/thumb/v7e-m+fp/hard\libm.a
LOAD C:/Users/takre_9xkzqg1/Downloads/Apps/STM32CubeIDE_1.16.1/STM32CubeIDE/plugins/com.st.stm32cube.ide.mcu.externaltools.gnu-tools-for-stm32.12.3.rel1.win32_1.0.200.202406191623/tools/bin/../lib/gcc/arm-none-eabi/12.3.1/thumb/v7e-m+fp/hard\libgcc.a

.debug_info     0x00000000    0x12059
 .debug_info    0x00000000      0x886 ./Core/Src/adc.o
 .debug_info    0x00000886      0xf33 ./Core/Src/liquidcrystal_i2c.o
 .debug_info    0x000017b9     0x1ca2 ./Core/Src/main.o
 .debug_info    0x0000345b      0xa45 ./Core/Src/moisture_sensor.o
 .debug_info    0x00003ea0      0x18a ./Core/Src/plant_database.o
 .debug_info    0x0000402a      0xa6e ./Core/Src/setup.o
 .debug_info    0x00004a98     0x1792 ./Core/Src/stm32l4xx_hal_msp.o
 .debug_info    0x0000622a      0x569 ./Core/Src/stm32l4xx_it.o
 .debug_info    0x00006793      0x168 ./Core/Src/sysmem.o
 .debug_info    0x000068fb      0x5cd ./Core/Src/system_stm32l4xx.o
 .debug_info    0x00006ec8      0x926 ./Core/Src/veml7700.o
 .debug_info    0x000077ee       0x30 ./Core/Startup/startup_stm32l452rctx.o
 .debug_info    0x0000781e      0xabf ./Drivers/STM32L4xx_HAL_Driver/Src/stm32l4xx_hal.o
 .debug_info    0x000082dd     0x1d07 ./Drivers/STM32L4xx_HAL_Driver/Src/stm32l4xx_hal_adc.o
 .debug_info    0x00009fe4      0xd39 ./Drivers/STM32L4xx_HAL_Driver/Src/stm32l4xx_hal_cortex.o
 .debug_info    0x0000ad1d      0x763 ./Drivers/STM32L4xx_HAL_Driver/Src/stm32l4xx_hal_gpio.o
 .debug_info    0x0000b480     0x20d2 ./Drivers/STM32L4xx_HAL_Driver/Src/stm32l4xx_hal_i2c.o
 .debug_info    0x0000d552      0x98d ./Drivers/STM32L4xx_HAL_Driver/Src/stm32l4xx_hal_i2c_ex.o
 .debug_info    0x0000dedf      0x920 ./Drivers/STM32L4xx_HAL_Driver/Src/stm32l4xx_hal_pwr_ex.o
 .debug_info    0x0000e7ff      0xbd0 ./Drivers/STM32L4xx_HAL_Driver/Src/stm32l4xx_hal_rcc.o
 .debug_info    0x0000f3cf      0xf34 ./Drivers/STM32L4xx_HAL_Driver/Src/stm32l4xx_hal_rcc_ex.o
 .debug_info    0x00010303      0xd7d ./Drivers/STM32L4xx_HAL_Driver/Src/stm32l4xx_hal_rtc.o
 .debug_info    0x00011080      0xfd9 ./Drivers/STM32L4xx_HAL_Driver/Src/stm32l4xx_hal_rtc_ex.o

.debug_abbrev   0x00000000     0x2ea5
 .debug_abbrev  0x00000000      0x1c1 ./Core/Src/adc.o
 .debug_abbrev  0x000001c1      0x32d ./Core/Src/liquidcrystal_i2c.o
 .debug_abbrev  0x000004ee      0x323 ./Core/Src/main.o
 .debug_abbrev  0x00000811      0x255 ./Core/Src/moisture_sensor.o
 .debug_abbrev  0x00000a66       0xaa ./Core/Src/plant_database.o
 .debug_abbrev  0x00000b10      0x2b3 ./Core/Src/setup.o
 .debug_abbrev  0x00000dc3      0x21b ./Core/Src/stm32l4xx_hal_msp.o
 .debug_abbrev  0x00000fde      0x164 ./Core/Src/stm32l4xx_it.o
 .debug_abbrev  0x00001142       0xbc ./Core/Src/sysmem.o
 .debug_abbrev  0x000011fe      0x11a ./Core/Src/system_stm32l4xx.o
 .debug_abbrev  0x00001318      0x1ce ./Core/Src/veml7700.o
 .debug_abbrev  0x000014e6       0x24 ./Core/Startup/startup_stm32l452rctx.o
 .debug_abbrev  0x0000150a      0x242 ./Drivers/STM32L4xx_HAL_Driver/Src/stm32l4xx_hal.o
 .debug_abbrev  0x0000174c      0x2d7 ./Drivers/STM32L4xx_HAL_Driver/Src/stm32l4xx_hal_adc.o
 .debug_abbrev  0x00001a23      0x31c ./Drivers/STM32L4xx_HAL_Driver/Src/stm32l4xx_hal_cortex.o
 .debug_abbrev  0x00001d3f      0x1cb ./Drivers/STM32L4xx_HAL_Driver/Src/stm32l4xx_hal_gpio.o
 .debug_abbrev  0x00001f0a      0x261 ./Drivers/STM32L4xx_HAL_Driver/Src/stm32l4xx_hal_i2c.o
 .debug_abbrev  0x0000216b      0x1c3 ./Drivers/STM32L4xx_HAL_Driver/Src/stm32l4xx_hal_i2c_ex.o
 .debug_abbrev  0x0000232e      0x1f9 ./Drivers/STM32L4xx_HAL_Driver/Src/stm32l4xx_hal_pwr_ex.o
 .debug_abbrev  0x00002527      0x2cb ./Drivers/STM32L4xx_HAL_Driver/Src/stm32l4xx_hal_rcc.o
 .debug_abbrev  0x000027f2      0x2a1 ./Drivers/STM32L4xx_HAL_Driver/Src/stm32l4xx_hal_rcc_ex.o
 .debug_abbrev  0x00002a93      0x201 ./Drivers/STM32L4xx_HAL_Driver/Src/stm32l4xx_hal_rtc.o
 .debug_abbrev  0x00002c94      0x211 ./Drivers/STM32L4xx_HAL_Driver/Src/stm32l4xx_hal_rtc_ex.o

.debug_aranges  0x00000000     0x10d0
 .debug_aranges
                0x00000000       0x20 ./Core/Src/adc.o
 .debug_aranges
                0x00000020      0x160 ./Core/Src/liquidcrystal_i2c.o
 .debug_aranges
                0x00000180       0x68 ./Core/Src/main.o
 .debug_aranges
                0x000001e8       0x38 ./Core/Src/moisture_sensor.o
 .debug_aranges
                0x00000220       0x18 ./Core/Src/plant_database.o
 .debug_aranges
                0x00000238       0x60 ./Core/Src/setup.o
 .debug_aranges
                0x00000298       0x50 ./Core/Src/stm32l4xx_hal_msp.o
 .debug_aranges
                0x000002e8       0x88 ./Core/Src/stm32l4xx_it.o
 .debug_aranges
                0x00000370       0x20 ./Core/Src/sysmem.o
 .debug_aranges
                0x00000390       0x28 ./Core/Src/system_stm32l4xx.o
 .debug_aranges
                0x000003b8       0x70 ./Core/Src/veml7700.o
 .debug_aranges
                0x00000428       0x28 ./Core/Startup/startup_stm32l452rctx.o
 .debug_aranges
                0x00000450      0x130 ./Drivers/STM32L4xx_HAL_Driver/Src/stm32l4xx_hal.o
 .debug_aranges
                0x00000580      0x218 ./Drivers/STM32L4xx_HAL_Driver/Src/stm32l4xx_hal_adc.o
 .debug_aranges
                0x00000798      0x128 ./Drivers/STM32L4xx_HAL_Driver/Src/stm32l4xx_hal_cortex.o
 .debug_aranges
                0x000008c0       0x58 ./Drivers/STM32L4xx_HAL_Driver/Src/stm32l4xx_hal_gpio.o
 .debug_aranges
                0x00000918      0x2a0 ./Drivers/STM32L4xx_HAL_Driver/Src/stm32l4xx_hal_i2c.o
 .debug_aranges
                0x00000bb8       0x48 ./Drivers/STM32L4xx_HAL_Driver/Src/stm32l4xx_hal_i2c_ex.o
 .debug_aranges
                0x00000c00      0x128 ./Drivers/STM32L4xx_HAL_Driver/Src/stm32l4xx_hal_pwr_ex.o
 .debug_aranges
                0x00000d28       0x90 ./Drivers/STM32L4xx_HAL_Driver/Src/stm32l4xx_hal_rcc.o
 .debug_aranges
                0x00000db8       0xf0 ./Drivers/STM32L4xx_HAL_Driver/Src/stm32l4xx_hal_rcc_ex.o
 .debug_aranges
                0x00000ea8       0xe8 ./Drivers/STM32L4xx_HAL_Driver/Src/stm32l4xx_hal_rtc.o
 .debug_aranges
                0x00000f90      0x140 ./Drivers/STM32L4xx_HAL_Driver/Src/stm32l4xx_hal_rtc_ex.o

.debug_rnglists
                0x00000000      0xcae
 .debug_rnglists
                0x00000000       0x13 ./Core/Src/adc.o
 .debug_rnglists
                0x00000013      0x105 ./Core/Src/liquidcrystal_i2c.o
 .debug_rnglists
                0x00000118       0x50 ./Core/Src/main.o
 .debug_rnglists
                0x00000168       0x29 ./Core/Src/moisture_sensor.o
 .debug_rnglists
                0x00000191       0x47 ./Core/Src/setup.o
 .debug_rnglists
                0x000001d8       0x39 ./Core/Src/stm32l4xx_hal_msp.o
 .debug_rnglists
                0x00000211       0x61 ./Core/Src/stm32l4xx_it.o
 .debug_rnglists
                0x00000272       0x13 ./Core/Src/sysmem.o
 .debug_rnglists
                0x00000285       0x1a ./Core/Src/system_stm32l4xx.o
 .debug_rnglists
                0x0000029f       0x4f ./Core/Src/veml7700.o
 .debug_rnglists
                0x000002ee       0x19 ./Core/Startup/startup_stm32l452rctx.o
 .debug_rnglists
                0x00000307       0xdf ./Drivers/STM32L4xx_HAL_Driver/Src/stm32l4xx_hal.o
 .debug_rnglists
                0x000003e6      0x19c ./Drivers/STM32L4xx_HAL_Driver/Src/stm32l4xx_hal_adc.o
 .debug_rnglists
                0x00000582       0xda ./Drivers/STM32L4xx_HAL_Driver/Src/stm32l4xx_hal_cortex.o
 .debug_rnglists
                0x0000065c       0x3f ./Drivers/STM32L4xx_HAL_Driver/Src/stm32l4xx_hal_gpio.o
 .debug_rnglists
                0x0000069b      0x228 ./Drivers/STM32L4xx_HAL_Driver/Src/stm32l4xx_hal_i2c.o
 .debug_rnglists
                0x000008c3       0x35 ./Drivers/STM32L4xx_HAL_Driver/Src/stm32l4xx_hal_i2c_ex.o
 .debug_rnglists
                0x000008f8       0xdf ./Drivers/STM32L4xx_HAL_Driver/Src/stm32l4xx_hal_pwr_ex.o
 .debug_rnglists
                0x000009d7       0x6d ./Drivers/STM32L4xx_HAL_Driver/Src/stm32l4xx_hal_rcc.o
 .debug_rnglists
                0x00000a44       0xba ./Drivers/STM32L4xx_HAL_Driver/Src/stm32l4xx_hal_rcc_ex.o
 .debug_rnglists
                0x00000afe       0xb4 ./Drivers/STM32L4xx_HAL_Driver/Src/stm32l4xx_hal_rtc.o
 .debug_rnglists
                0x00000bb2       0xfc ./Drivers/STM32L4xx_HAL_Driver/Src/stm32l4xx_hal_rtc_ex.o

.debug_macro    0x00000000    0x248d0
 .debug_macro   0x00000000      0x1f7 ./Core/Src/adc.o
 .debug_macro   0x000001f7      0xab4 ./Core/Src/adc.o
 .debug_macro   0x00000cab      0x1ad ./Core/Src/adc.o
 .debug_macro   0x00000e58       0x2e ./Core/Src/adc.o
 .debug_macro   0x00000e86       0x28 ./Core/Src/adc.o
 .debug_macro   0x00000eae       0x22 ./Core/Src/adc.o
 .debug_macro   0x00000ed0       0x8e ./Core/Src/adc.o
 .debug_macro   0x00000f5e       0x51 ./Core/Src/adc.o
 .debug_macro   0x00000faf      0x103 ./Core/Src/adc.o
 .debug_macro   0x000010b2       0x6a ./Core/Src/adc.o
 .debug_macro   0x0000111c      0x1df ./Core/Src/adc.o
 .debug_macro   0x000012fb       0x1c ./Core/Src/adc.o
 .debug_macro   0x00001317       0x22 ./Core/Src/adc.o
 .debug_macro   0x00001339       0xfb ./Core/Src/adc.o
 .debug_macro   0x00001434     0x1011 ./Core/Src/adc.o
 .debug_macro   0x00002445      0x11f ./Core/Src/adc.o
 .debug_macro   0x00002564    0x16336 ./Core/Src/adc.o
 .debug_macro   0x0001889a       0x6d ./Core/Src/adc.o
 .debug_macro   0x00018907     0x38fb ./Core/Src/adc.o
 .debug_macro   0x0001c202      0x189 ./Core/Src/adc.o
 .debug_macro   0x0001c38b       0x5c ./Core/Src/adc.o
 .debug_macro   0x0001c3e7     0x13fa ./Core/Src/adc.o
 .debug_macro   0x0001d7e1      0x646 ./Core/Src/adc.o
 .debug_macro   0x0001de27      0x1b9 ./Core/Src/adc.o
 .debug_macro   0x0001dfe0      0x168 ./Core/Src/adc.o
 .debug_macro   0x0001e148      0x26b ./Core/Src/adc.o
 .debug_macro   0x0001e3b3      0x23d ./Core/Src/adc.o
 .debug_macro   0x0001e5f0      0xe02 ./Core/Src/adc.o
 .debug_macro   0x0001f3f2      0x624 ./Core/Src/adc.o
 .debug_macro   0x0001fa16      0x24f ./Core/Src/adc.o
 .debug_macro   0x0001fc65      0x241 ./Core/Src/adc.o
 .debug_macro   0x0001fea6      0x375 ./Core/Src/adc.o
 .debug_macro   0x0002021b       0xd6 ./Core/Src/adc.o
 .debug_macro   0x000202f1      0x22c ./Core/Src/adc.o
 .debug_macro   0x0002051d       0x61 ./Core/Src/adc.o
 .debug_macro   0x0002057e       0xa5 ./Core/Src/adc.o
 .debug_macro   0x00020623      0x122 ./Core/Src/adc.o
 .debug_macro   0x00020745      0x364 ./Core/Src/adc.o
 .debug_macro   0x00020aa9      0x321 ./Core/Src/adc.o
 .debug_macro   0x00020dca      0x4fb ./Core/Src/adc.o
 .debug_macro   0x000212c5       0xeb ./Core/Src/adc.o
 .debug_macro   0x000213b0      0x2eb ./Core/Src/adc.o
 .debug_macro   0x0002169b      0x34b ./Core/Src/liquidcrystal_i2c.o
 .debug_macro   0x000219e6       0xd0 ./Core/Src/liquidcrystal_i2c.o
 .debug_macro   0x00021ab6       0x16 ./Core/Src/liquidcrystal_i2c.o
 .debug_macro   0x00021acc       0x35 ./Core/Src/liquidcrystal_i2c.o
 .debug_macro   0x00021b01       0x10 ./Core/Src/liquidcrystal_i2c.o
 .debug_macro   0x00021b11       0x16 ./Core/Src/liquidcrystal_i2c.o
 .debug_macro   0x00021b27       0x16 ./Core/Src/liquidcrystal_i2c.o
 .debug_macro   0x00021b3d      0x146 ./Core/Src/liquidcrystal_i2c.o
 .debug_macro   0x00021c83       0x16 ./Core/Src/liquidcrystal_i2c.o
 .debug_macro   0x00021c99       0x16 ./Core/Src/liquidcrystal_i2c.o
 .debug_macro   0x00021caf       0x29 ./Core/Src/liquidcrystal_i2c.o
 .debug_macro   0x00021cd8       0x16 ./Core/Src/liquidcrystal_i2c.o
 .debug_macro   0x00021cee       0x20 ./Core/Src/liquidcrystal_i2c.o
 .debug_macro   0x00021d0e      0x26c ./Core/Src/main.o
 .debug_macro   0x00021f7a       0xd6 ./Core/Src/main.o
 .debug_macro   0x00022050      0x228 ./Core/Src/moisture_sensor.o
 .debug_macro   0x00022278       0x6d ./Core/Src/plant_database.o
 .debug_macro   0x000222e5      0x317 ./Core/Src/setup.o
 .debug_macro   0x000225fc      0x1f7 ./Core/Src/stm32l4xx_hal_msp.o
 .debug_macro   0x000227f3      0x201 ./Core/Src/stm32l4xx_it.o
 .debug_macro   0x000229f4       0xff ./Core/Src/sysmem.o
 .debug_macro   0x00022af3      0x23c ./Core/Src/sysmem.o
 .debug_macro   0x00022d2f      0x1ed ./Core/Src/system_stm32l4xx.o
 .debug_macro   0x00022f1c      0x2aa ./Core/Src/veml7700.o
 .debug_macro   0x000231c6      0x23b ./Drivers/STM32L4xx_HAL_Driver/Src/stm32l4xx_hal.o
 .debug_macro   0x00023401      0x20a ./Drivers/STM32L4xx_HAL_Driver/Src/stm32l4xx_hal_adc.o
 .debug_macro   0x0002360b      0x1ed ./Drivers/STM32L4xx_HAL_Driver/Src/stm32l4xx_hal_cortex.o
 .debug_macro   0x000237f8      0x1f4 ./Drivers/STM32L4xx_HAL_Driver/Src/stm32l4xx_hal_gpio.o
 .debug_macro   0x000239ec      0x2b9 ./Drivers/STM32L4xx_HAL_Driver/Src/stm32l4xx_hal_i2c.o
 .debug_macro   0x00023ca5      0x1ed ./Drivers/STM32L4xx_HAL_Driver/Src/stm32l4xx_hal_i2c_ex.o
 .debug_macro   0x00023e92      0x211 ./Drivers/STM32L4xx_HAL_Driver/Src/stm32l4xx_hal_pwr_ex.o
 .debug_macro   0x000240a3      0x22f ./Drivers/STM32L4xx_HAL_Driver/Src/stm32l4xx_hal_rcc.o
 .debug_macro   0x000242d2      0x223 ./Drivers/STM32L4xx_HAL_Driver/Src/stm32l4xx_hal_rcc_ex.o
 .debug_macro   0x000244f5      0x1ee ./Drivers/STM32L4xx_HAL_Driver/Src/stm32l4xx_hal_rtc.o
 .debug_macro   0x000246e3      0x1ed ./Drivers/STM32L4xx_HAL_Driver/Src/stm32l4xx_hal_rtc_ex.o

.debug_line     0x00000000    0x14143
 .debug_line    0x00000000      0x78b ./Core/Src/adc.o
 .debug_line    0x0000078b      0xe65 ./Core/Src/liquidcrystal_i2c.o
 .debug_line    0x000015f0      0xb90 ./Core/Src/main.o
 .debug_line    0x00002180      0x911 ./Core/Src/moisture_sensor.o
 .debug_line    0x00002a91      0x414 ./Core/Src/plant_database.o
 .debug_line    0x00002ea5      0xc2a ./Core/Src/setup.o
 .debug_line    0x00003acf      0x8f1 ./Core/Src/stm32l4xx_hal_msp.o
 .debug_line    0x000043c0      0x8bf ./Core/Src/stm32l4xx_it.o
 .debug_line    0x00004c7f      0x593 ./Core/Src/sysmem.o
 .debug_line    0x00005212      0x81f ./Core/Src/system_stm32l4xx.o
 .debug_line    0x00005a31      0x8c3 ./Core/Src/veml7700.o
 .debug_line    0x000062f4       0x7a ./Core/Startup/startup_stm32l452rctx.o
 .debug_line    0x0000636e      0xb7a ./Drivers/STM32L4xx_HAL_Driver/Src/stm32l4xx_hal.o
 .debug_line    0x00006ee8     0x1d57 ./Drivers/STM32L4xx_HAL_Driver/Src/stm32l4xx_hal_adc.o
 .debug_line    0x00008c3f      0xd43 ./Drivers/STM32L4xx_HAL_Driver/Src/stm32l4xx_hal_cortex.o
 .debug_line    0x00009982      0xbb2 ./Drivers/STM32L4xx_HAL_Driver/Src/stm32l4xx_hal_gpio.o
 .debug_line    0x0000a534     0x3aad ./Drivers/STM32L4xx_HAL_Driver/Src/stm32l4xx_hal_i2c.o
 .debug_line    0x0000dfe1      0x9a2 ./Drivers/STM32L4xx_HAL_Driver/Src/stm32l4xx_hal_i2c_ex.o
 .debug_line    0x0000e983      0xc87 ./Drivers/STM32L4xx_HAL_Driver/Src/stm32l4xx_hal_pwr_ex.o
 .debug_line    0x0000f60a     0x1031 ./Drivers/STM32L4xx_HAL_Driver/Src/stm32l4xx_hal_rcc.o
 .debug_line    0x0001063b     0x1497 ./Drivers/STM32L4xx_HAL_Driver/Src/stm32l4xx_hal_rcc_ex.o
 .debug_line    0x00011ad2     0x1192 ./Drivers/STM32L4xx_HAL_Driver/Src/stm32l4xx_hal_rtc.o
 .debug_line    0x00012c64     0x14df ./Drivers/STM32L4xx_HAL_Driver/Src/stm32l4xx_hal_rtc_ex.o

.debug_str      0x00000000    0xe3ca9
 .debug_str     0x00000000    0xd9d38 ./Core/Src/adc.o
                              0xda29c (size before relaxing)
 .debug_str     0x000d9d38     0x49ef ./Core/Src/liquidcrystal_i2c.o
                              0xde99a (size before relaxing)
 .debug_str     0x000de727      0xdc6 ./Core/Src/main.o
                              0xdb649 (size before relaxing)
 .debug_str     0x000df4ed      0x12a ./Core/Src/moisture_sensor.o
                              0xda416 (size before relaxing)
 .debug_str     0x000df617       0x3e ./Core/Src/plant_database.o
                               0x3df2 (size before relaxing)
 .debug_str     0x000df655       0x77 ./Core/Src/setup.o
                              0xdddb0 (size before relaxing)
 .debug_str     0x000df6cc      0x2b2 ./Core/Src/stm32l4xx_hal_msp.o
                              0xdaf4e (size before relaxing)
 .debug_str     0x000df97e      0x159 ./Core/Src/stm32l4xx_it.o
                              0xda087 (size before relaxing)
 .debug_str     0x000dfad7      0x4dc ./Core/Src/sysmem.o
                               0x60ec (size before relaxing)
 .debug_str     0x000dffb3       0xe2 ./Core/Src/system_stm32l4xx.o
                              0xd9efd (size before relaxing)
 .debug_str     0x000e0095      0x453 ./Core/Src/veml7700.o
                              0xda636 (size before relaxing)
 .debug_str     0x000e04e8       0x44 ./Core/Startup/startup_stm32l452rctx.o
                                 0x9f (size before relaxing)
 .debug_str     0x000e052c      0x629 ./Drivers/STM32L4xx_HAL_Driver/Src/stm32l4xx_hal.o
                              0xda9f1 (size before relaxing)
 .debug_str     0x000e0b55      0xa38 ./Drivers/STM32L4xx_HAL_Driver/Src/stm32l4xx_hal_adc.o
                              0xdad21 (size before relaxing)
 .debug_str     0x000e158d      0x350 ./Drivers/STM32L4xx_HAL_Driver/Src/stm32l4xx_hal_cortex.o
                              0xda6cd (size before relaxing)
 .debug_str     0x000e18dd       0xea ./Drivers/STM32L4xx_HAL_Driver/Src/stm32l4xx_hal_gpio.o
                              0xda071 (size before relaxing)
 .debug_str     0x000e19c7      0xdbb ./Drivers/STM32L4xx_HAL_Driver/Src/stm32l4xx_hal_i2c.o
                              0xdb0f4 (size before relaxing)
 .debug_str     0x000e2782       0xb8 ./Drivers/STM32L4xx_HAL_Driver/Src/stm32l4xx_hal_i2c_ex.o
                              0xda40a (size before relaxing)
 .debug_str     0x000e283a      0x43e ./Drivers/STM32L4xx_HAL_Driver/Src/stm32l4xx_hal_pwr_ex.o
                              0xda39e (size before relaxing)
 .debug_str     0x000e2c78      0x381 ./Drivers/STM32L4xx_HAL_Driver/Src/stm32l4xx_hal_rcc.o
                              0xda4fd (size before relaxing)
 .debug_str     0x000e2ff9      0x52e ./Drivers/STM32L4xx_HAL_Driver/Src/stm32l4xx_hal_rcc_ex.o
                              0xda7c1 (size before relaxing)
 .debug_str     0x000e3527      0x1dc ./Drivers/STM32L4xx_HAL_Driver/Src/stm32l4xx_hal_rtc.o
                              0xda37e (size before relaxing)
 .debug_str     0x000e3703      0x5a6 ./Drivers/STM32L4xx_HAL_Driver/Src/stm32l4xx_hal_rtc_ex.o
                              0xda699 (size before relaxing)

.comment        0x00000000       0x43
 .comment       0x00000000       0x43 ./Core/Src/adc.o
                                 0x44 (size before relaxing)
 .comment       0x00000043       0x44 ./Core/Src/liquidcrystal_i2c.o
 .comment       0x00000043       0x44 ./Core/Src/main.o
 .comment       0x00000043       0x44 ./Core/Src/moisture_sensor.o
 .comment       0x00000043       0x44 ./Core/Src/plant_database.o
 .comment       0x00000043       0x44 ./Core/Src/setup.o
 .comment       0x00000043       0x44 ./Core/Src/stm32l4xx_hal_msp.o
 .comment       0x00000043       0x44 ./Core/Src/stm32l4xx_it.o
 .comment       0x00000043       0x44 ./Core/Src/sysmem.o
 .comment       0x00000043       0x44 ./Core/Src/system_stm32l4xx.o
 .comment       0x00000043       0x44 ./Core/Src/veml7700.o
 .comment       0x00000043       0x44 ./Drivers/STM32L4xx_HAL_Driver/Src/stm32l4xx_hal.o
 .comment       0x00000043       0x44 ./Drivers/STM32L4xx_HAL_Driver/Src/stm32l4xx_hal_adc.o
 .comment       0x00000043       0x44 ./Drivers/STM32L4xx_HAL_Driver/Src/stm32l4xx_hal_cortex.o
 .comment       0x00000043       0x44 ./Drivers/STM32L4xx_HAL_Driver/Src/stm32l4xx_hal_gpio.o
 .comment       0x00000043       0x44 ./Drivers/STM32L4xx_HAL_Driver/Src/stm32l4xx_hal_i2c.o
 .comment       0x00000043       0x44 ./Drivers/STM32L4xx_HAL_Driver/Src/stm32l4xx_hal_i2c_ex.o
 .comment       0x00000043       0x44 ./Drivers/STM32L4xx_HAL_Driver/Src/stm32l4xx_hal_pwr_ex.o
 .comment       0x00000043       0x44 ./Drivers/STM32L4xx_HAL_Driver/Src/stm32l4xx_hal_rcc.o
 .comment       0x00000043       0x44 ./Drivers/STM32L4xx_HAL_Driver/Src/stm32l4xx_hal_rcc_ex.o
 .comment       0x00000043       0x44 ./Drivers/STM32L4xx_HAL_Driver/Src/stm32l4xx_hal_rtc.o
 .comment       0x00000043       0x44 ./Drivers/STM32L4xx_HAL_Driver/Src/stm32l4xx_hal_rtc_ex.o

.debug_frame    0x00000000     0x4958
 .debug_frame   0x00000000       0x44 ./Core/Src/adc.o
 .debug_frame   0x00000044      0x54c ./Core/Src/liquidcrystal_i2c.o
 .debug_frame   0x00000590      0x158 ./Core/Src/main.o
 .debug_frame   0x000006e8       0xb4 ./Core/Src/moisture_sensor.o
 .debug_frame   0x0000079c      0x170 ./Core/Src/setup.o
 .debug_frame   0x0000090c      0x118 ./Core/Src/stm32l4xx_hal_msp.o
 .debug_frame   0x00000a24      0x190 ./Core/Src/stm32l4xx_it.o
 .debug_frame   0x00000bb4       0x34 ./Core/Src/sysmem.o
 .debug_frame   0x00000be8       0x58 ./Core/Src/system_stm32l4xx.o
 .debug_frame   0x00000c40      0x19c ./Core/Src/veml7700.o
 .debug_frame   0x00000ddc      0x498 ./Drivers/STM32L4xx_HAL_Driver/Src/stm32l4xx_hal.o
 .debug_frame   0x00001274      0x9d8 ./Drivers/STM32L4xx_HAL_Driver/Src/stm32l4xx_hal_adc.o
 .debug_frame   0x00001c4c      0x4e8 ./Drivers/STM32L4xx_HAL_Driver/Src/stm32l4xx_hal_cortex.o
 .debug_frame   0x00002134      0x14c ./Drivers/STM32L4xx_HAL_Driver/Src/stm32l4xx_hal_gpio.o
 .debug_frame   0x00002280      0xc38 ./Drivers/STM32L4xx_HAL_Driver/Src/stm32l4xx_hal_i2c.o
 .debug_frame   0x00002eb8      0x100 ./Drivers/STM32L4xx_HAL_Driver/Src/stm32l4xx_hal_i2c_ex.o
 .debug_frame   0x00002fb8      0x4a4 ./Drivers/STM32L4xx_HAL_Driver/Src/stm32l4xx_hal_pwr_ex.o
 .debug_frame   0x0000345c      0x21c ./Drivers/STM32L4xx_HAL_Driver/Src/stm32l4xx_hal_rcc.o
 .debug_frame   0x00003678      0x3d0 ./Drivers/STM32L4xx_HAL_Driver/Src/stm32l4xx_hal_rcc_ex.o
 .debug_frame   0x00003a48      0x3f4 ./Drivers/STM32L4xx_HAL_Driver/Src/stm32l4xx_hal_rtc.o
 .debug_frame   0x00003e3c      0x598 ./Drivers/STM32L4xx_HAL_Driver/Src/stm32l4xx_hal_rtc_ex.o
 .debug_frame   0x000043d4      0x144 C:/Users/takre_9xkzqg1/Downloads/Apps/STM32CubeIDE_1.16.1/STM32CubeIDE/plugins/com.st.stm32cube.ide.mcu.externaltools.gnu-tools-for-stm32.12.3.rel1.win32_1.0.200.202406191623/tools/bin/../lib/gcc/arm-none-eabi/12.3.1/../../../../arm-none-eabi/lib/thumb/v7e-m+fp/hard\libc_nano.a(libc_a-findfp.o)
 .debug_frame   0x00004518       0x6c C:/Users/takre_9xkzqg1/Downloads/Apps/STM32CubeIDE_1.16.1/STM32CubeIDE/plugins/com.st.stm32cube.ide.mcu.externaltools.gnu-tools-for-stm32.12.3.rel1.win32_1.0.200.202406191623/tools/bin/../lib/gcc/arm-none-eabi/12.3.1/../../../../arm-none-eabi/lib/thumb/v7e-m+fp/hard\libc_nano.a(libc_a-sprintf.o)
 .debug_frame   0x00004584       0x20 C:/Users/takre_9xkzqg1/Downloads/Apps/STM32CubeIDE_1.16.1/STM32CubeIDE/plugins/com.st.stm32cube.ide.mcu.externaltools.gnu-tools-for-stm32.12.3.rel1.win32_1.0.200.202406191623/tools/bin/../lib/gcc/arm-none-eabi/12.3.1/../../../../arm-none-eabi/lib/thumb/v7e-m+fp/hard\libc_nano.a(libc_a-memset.o)
 .debug_frame   0x000045a4       0x38 C:/Users/takre_9xkzqg1/Downloads/Apps/STM32CubeIDE_1.16.1/STM32CubeIDE/plugins/com.st.stm32cube.ide.mcu.externaltools.gnu-tools-for-stm32.12.3.rel1.win32_1.0.200.202406191623/tools/bin/../lib/gcc/arm-none-eabi/12.3.1/../../../../arm-none-eabi/lib/thumb/v7e-m+fp/hard\libc_nano.a(libc_a-reent.o)
 .debug_frame   0x000045dc       0x20 C:/Users/takre_9xkzqg1/Downloads/Apps/STM32CubeIDE_1.16.1/STM32CubeIDE/plugins/com.st.stm32cube.ide.mcu.externaltools.gnu-tools-for-stm32.12.3.rel1.win32_1.0.200.202406191623/tools/bin/../lib/gcc/arm-none-eabi/12.3.1/../../../../arm-none-eabi/lib/thumb/v7e-m+fp/hard\libc_nano.a(libc_a-errno.o)
 .debug_frame   0x000045fc       0x2c C:/Users/takre_9xkzqg1/Downloads/Apps/STM32CubeIDE_1.16.1/STM32CubeIDE/plugins/com.st.stm32cube.ide.mcu.externaltools.gnu-tools-for-stm32.12.3.rel1.win32_1.0.200.202406191623/tools/bin/../lib/gcc/arm-none-eabi/12.3.1/../../../../arm-none-eabi/lib/thumb/v7e-m+fp/hard\libc_nano.a(libc_a-init.o)
 .debug_frame   0x00004628       0xb0 C:/Users/takre_9xkzqg1/Downloads/Apps/STM32CubeIDE_1.16.1/STM32CubeIDE/plugins/com.st.stm32cube.ide.mcu.externaltools.gnu-tools-for-stm32.12.3.rel1.win32_1.0.200.202406191623/tools/bin/../lib/gcc/arm-none-eabi/12.3.1/../../../../arm-none-eabi/lib/thumb/v7e-m+fp/hard\libc_nano.a(libc_a-lock.o)
 .debug_frame   0x000046d8       0x28 C:/Users/takre_9xkzqg1/Downloads/Apps/STM32CubeIDE_1.16.1/STM32CubeIDE/plugins/com.st.stm32cube.ide.mcu.externaltools.gnu-tools-for-stm32.12.3.rel1.win32_1.0.200.202406191623/tools/bin/../lib/gcc/arm-none-eabi/12.3.1/../../../../arm-none-eabi/lib/thumb/v7e-m+fp/hard\libc_nano.a(libc_a-memcpy-stub.o)
 .debug_frame   0x00004700       0x38 C:/Users/takre_9xkzqg1/Downloads/Apps/STM32CubeIDE_1.16.1/STM32CubeIDE/plugins/com.st.stm32cube.ide.mcu.externaltools.gnu-tools-for-stm32.12.3.rel1.win32_1.0.200.202406191623/tools/bin/../lib/gcc/arm-none-eabi/12.3.1/../../../../arm-none-eabi/lib/thumb/v7e-m+fp/hard\libc_nano.a(libc_a-freer.o)
 .debug_frame   0x00004738       0x50 C:/Users/takre_9xkzqg1/Downloads/Apps/STM32CubeIDE_1.16.1/STM32CubeIDE/plugins/com.st.stm32cube.ide.mcu.externaltools.gnu-tools-for-stm32.12.3.rel1.win32_1.0.200.202406191623/tools/bin/../lib/gcc/arm-none-eabi/12.3.1/../../../../arm-none-eabi/lib/thumb/v7e-m+fp/hard\libc_nano.a(libc_a-mallocr.o)
 .debug_frame   0x00004788       0x30 C:/Users/takre_9xkzqg1/Downloads/Apps/STM32CubeIDE_1.16.1/STM32CubeIDE/plugins/com.st.stm32cube.ide.mcu.externaltools.gnu-tools-for-stm32.12.3.rel1.win32_1.0.200.202406191623/tools/bin/../lib/gcc/arm-none-eabi/12.3.1/../../../../arm-none-eabi/lib/thumb/v7e-m+fp/hard\libc_nano.a(libc_a-mlock.o)
 .debug_frame   0x000047b8       0x90 C:/Users/takre_9xkzqg1/Downloads/Apps/STM32CubeIDE_1.16.1/STM32CubeIDE/plugins/com.st.stm32cube.ide.mcu.externaltools.gnu-tools-for-stm32.12.3.rel1.win32_1.0.200.202406191623/tools/bin/../lib/gcc/arm-none-eabi/12.3.1/../../../../arm-none-eabi/lib/thumb/v7e-m+fp/hard\libc_nano.a(libc_a-nano-svfprintf.o)
 .debug_frame   0x00004848       0x60 C:/Users/takre_9xkzqg1/Downloads/Apps/STM32CubeIDE_1.16.1/STM32CubeIDE/plugins/com.st.stm32cube.ide.mcu.externaltools.gnu-tools-for-stm32.12.3.rel1.win32_1.0.200.202406191623/tools/bin/../lib/gcc/arm-none-eabi/12.3.1/../../../../arm-none-eabi/lib/thumb/v7e-m+fp/hard\libc_nano.a(libc_a-nano-vfprintf_i.o)
 .debug_frame   0x000048a8       0x28 C:/Users/takre_9xkzqg1/Downloads/Apps/STM32CubeIDE_1.16.1/STM32CubeIDE/plugins/com.st.stm32cube.ide.mcu.externaltools.gnu-tools-for-stm32.12.3.rel1.win32_1.0.200.202406191623/tools/bin/../lib/gcc/arm-none-eabi/12.3.1/../../../../arm-none-eabi/lib/thumb/v7e-m+fp/hard\libc_nano.a(libc_a-memmove.o)
 .debug_frame   0x000048d0       0x2c C:/Users/takre_9xkzqg1/Downloads/Apps/STM32CubeIDE_1.16.1/STM32CubeIDE/plugins/com.st.stm32cube.ide.mcu.externaltools.gnu-tools-for-stm32.12.3.rel1.win32_1.0.200.202406191623/tools/bin/../lib/gcc/arm-none-eabi/12.3.1/../../../../arm-none-eabi/lib/thumb/v7e-m+fp/hard\libc_nano.a(libc_a-sbrkr.o)
 .debug_frame   0x000048fc       0x3c C:/Users/takre_9xkzqg1/Downloads/Apps/STM32CubeIDE_1.16.1/STM32CubeIDE/plugins/com.st.stm32cube.ide.mcu.externaltools.gnu-tools-for-stm32.12.3.rel1.win32_1.0.200.202406191623/tools/bin/../lib/gcc/arm-none-eabi/12.3.1/../../../../arm-none-eabi/lib/thumb/v7e-m+fp/hard\libc_nano.a(libc_a-reallocr.o)
 .debug_frame   0x00004938       0x20 C:/Users/takre_9xkzqg1/Downloads/Apps/STM32CubeIDE_1.16.1/STM32CubeIDE/plugins/com.st.stm32cube.ide.mcu.externaltools.gnu-tools-for-stm32.12.3.rel1.win32_1.0.200.202406191623/tools/bin/../lib/gcc/arm-none-eabi/12.3.1/../../../../arm-none-eabi/lib/thumb/v7e-m+fp/hard\libc_nano.a(libc_a-msizer.o)

.debug_line_str
                0x00000000       0x83
 .debug_line_str
                0x00000000       0x83 ./Core/Startup/startup_stm32l452rctx.o