../Core/Src/main.c:82:6:configure_pin_as_i2c	32	static
../Core/Src/main.c:96:6:configure_pin_as_gpio_input	32	static
../Core/Src/main.c:114:5:main	104	static,ignoring_inline_asm
../Core/Src/main.c:306:6:SystemClock_Config	96	static
../Core/Src/main.c:358:13:MX_ADC1_Init	32	static
../Core/Src/main.c:416:13:MX_I2C3_Init	8	static
../Core/Src/main.c:464:13:MX_I2C4_Init	8	static
../Core/Src/main.c:512:13:MX_RTC_Init	80	static
../Core/Src/main.c:595:13:MX_GPIO_Init	48	static
../Core/Src/main.c:706:6:HAL_GPIO_EXTI_Callback	24	static
../Core/Src/main.c:736:6:HAL_RTC_AlarmAEventCallback	64	static
../Core/Src/main.c:755:6:Error_Handler	4	static,ignoring_inline_asm
