../Core/Src/liquidcrystal_i2c.c:63:6:HD44780_Init	16	static
../Core/Src/liquidcrystal_i2c.c:117:6:HD44780_Clear	8	static
../Core/Src/liquidcrystal_i2c.c:125:6:HD44780_Home	8	static
../Core/Src/liquidcrystal_i2c.c:133:6:HD44780_SetCursor	40	static
../Core/Src/liquidcrystal_i2c.c:143:6:HD44780_NoDisplay	8	static
../Core/Src/liquidcrystal_i2c.c:149:6:HD44780_Display	8	static
../Core/Src/liquidcrystal_i2c.c:155:6:HD44780_NoCursor	8	static
../Core/Src/liquidcrystal_i2c.c:161:6:HD44780_Cursor	8	static
../Core/Src/liquidcrystal_i2c.c:167:6:HD44780_NoBlink	8	static
../Core/Src/liquidcrystal_i2c.c:173:6:HD44780_Blink	8	static
../Core/Src/liquidcrystal_i2c.c:179:6:HD44780_ScrollDisplayLeft	8	static
../Core/Src/liquidcrystal_i2c.c:184:6:HD44780_ScrollDisplayRight	8	static
../Core/Src/liquidcrystal_i2c.c:189:6:HD44780_LeftToRight	8	static
../Core/Src/liquidcrystal_i2c.c:195:6:HD44780_RightToLeft	8	static
../Core/Src/liquidcrystal_i2c.c:201:6:HD44780_AutoScroll	8	static
../Core/Src/liquidcrystal_i2c.c:207:6:HD44780_NoAutoScroll	8	static
../Core/Src/liquidcrystal_i2c.c:213:6:HD44780_CreateSpecialChar	24	static
../Core/Src/liquidcrystal_i2c.c:223:6:HD44780_PrintSpecialChar	16	static
../Core/Src/liquidcrystal_i2c.c:228:6:HD44780_LoadCustomCharacter	16	static
../Core/Src/liquidcrystal_i2c.c:233:6:HD44780_PrintStr	16	static
../Core/Src/liquidcrystal_i2c.c:238:6:HD44780_SetBacklight	16	static
../Core/Src/liquidcrystal_i2c.c:244:6:HD44780_NoBacklight	8	static
../Core/Src/liquidcrystal_i2c.c:250:6:HD44780_Backlight	8	static
../Core/Src/liquidcrystal_i2c.c:256:13:SendCommand	16	static
../Core/Src/liquidcrystal_i2c.c:261:13:SendChar	16	static
../Core/Src/liquidcrystal_i2c.c:266:13:Send	24	static
../Core/Src/liquidcrystal_i2c.c:274:13:Write4Bits	16	static
../Core/Src/liquidcrystal_i2c.c:280:13:ExpanderWrite	32	static
../Core/Src/liquidcrystal_i2c.c:286:13:PulseEnable	16	static
../Core/Src/liquidcrystal_i2c.c:295:13:DelayInit	4	static,ignoring_inline_asm
../Core/Src/liquidcrystal_i2c.c:313:13:DelayUS	32	static
../Core/Src/liquidcrystal_i2c.c:324:6:display_message_left	16	static
../Core/Src/liquidcrystal_i2c.c:334:6:display_message_center	24	static
../Core/Src/liquidcrystal_i2c.c:347:6:convert_number_to_string	16	static
../Core/Src/liquidcrystal_i2c.c:351:6:convert_float_to_string	16	static
../Core/Src/liquidcrystal_i2c.c:355:6:display_message_left_int	48	static
../Core/Src/liquidcrystal_i2c.c:362:6:display_message_left_float	48	static
../Core/Src/liquidcrystal_i2c.c:369:6:display_message_center_int	48	static
../Core/Src/liquidcrystal_i2c.c:376:6:display_message_center_float	48	static
../Core/Src/liquidcrystal_i2c.c:383:6:display_off	8	static
../Core/Src/liquidcrystal_i2c.c:389:6:display_on	8	static
