../Core/Src/main.c:86:5:main	104	static
../Core/Src/main.c:162:6:SystemClock_Config	96	static
../Core/Src/main.c:214:13:MX_ADC1_Init	32	static
../Core/Src/main.c:272:13:MX_I2C3_Init	8	static
../Core/Src/main.c:320:13:MX_I2C4_Init	8	static
../Core/Src/main.c:368:13:MX_RTC_Init	80	static
../Core/Src/main.c:451:13:MX_GPIO_Init	48	static
../Core/Src/main.c:561:6:HAL_GPIO_EXTI_Callback	24	static
../Core/Src/main.c:591:6:HAL_RTC_AlarmAEventCallback	64	static
../Core/Src/main.c:610:6:Error_Handler	4	static,ignoring_inline_asm
