Archive member included to satisfy reference by file (symbol)

C:/Users/takre_9xkzqg1/Downloads/Apps/STM32CubeIDE_1.16.1/STM32CubeIDE/plugins/com.st.stm32cube.ide.mcu.externaltools.gnu-tools-for-stm32.12.3.rel1.win32_1.0.200.202406191623/tools/bin/../lib/gcc/arm-none-eabi/12.3.1/../../../../arm-none-eabi/lib/thumb/v7e-m+fp/hard\libc_nano.a(libc_a-exit.o)
                              C:/Users/takre_9xkzqg1/Downloads/Apps/STM32CubeIDE_1.16.1/STM32CubeIDE/plugins/com.st.stm32cube.ide.mcu.externaltools.gnu-tools-for-stm32.12.3.rel1.win32_1.0.200.202406191623/tools/bin/../lib/gcc/arm-none-eabi/12.3.1/../../../../arm-none-eabi/lib/thumb/v7e-m+fp/hard/crt0.o (exit)
C:/Users/takre_9xkzqg1/Downloads/Apps/STM32CubeIDE_1.16.1/STM32CubeIDE/plugins/com.st.stm32cube.ide.mcu.externaltools.gnu-tools-for-stm32.12.3.rel1.win32_1.0.200.202406191623/tools/bin/../lib/gcc/arm-none-eabi/12.3.1/../../../../arm-none-eabi/lib/thumb/v7e-m+fp/hard\libc_nano.a(libc_a-findfp.o)
                              C:/Users/takre_9xkzqg1/Downloads/Apps/STM32CubeIDE_1.16.1/STM32CubeIDE/plugins/com.st.stm32cube.ide.mcu.externaltools.gnu-tools-for-stm32.12.3.rel1.win32_1.0.200.202406191623/tools/bin/../lib/gcc/arm-none-eabi/12.3.1/../../../../arm-none-eabi/lib/thumb/v7e-m+fp/hard\libc_nano.a(libc_a-exit.o) (__stdio_exit_handler)
C:/Users/takre_9xkzqg1/Downloads/Apps/STM32CubeIDE_1.16.1/STM32CubeIDE/plugins/com.st.stm32cube.ide.mcu.externaltools.gnu-tools-for-stm32.12.3.rel1.win32_1.0.200.202406191623/tools/bin/../lib/gcc/arm-none-eabi/12.3.1/../../../../arm-none-eabi/lib/thumb/v7e-m+fp/hard\libc_nano.a(libc_a-fwalk.o)
                              C:/Users/takre_9xkzqg1/Downloads/Apps/STM32CubeIDE_1.16.1/STM32CubeIDE/plugins/com.st.stm32cube.ide.mcu.externaltools.gnu-tools-for-stm32.12.3.rel1.win32_1.0.200.202406191623/tools/bin/../lib/gcc/arm-none-eabi/12.3.1/../../../../arm-none-eabi/lib/thumb/v7e-m+fp/hard\libc_nano.a(libc_a-findfp.o) (_fwalk_sglue)
C:/Users/takre_9xkzqg1/Downloads/Apps/STM32CubeIDE_1.16.1/STM32CubeIDE/plugins/com.st.stm32cube.ide.mcu.externaltools.gnu-tools-for-stm32.12.3.rel1.win32_1.0.200.202406191623/tools/bin/../lib/gcc/arm-none-eabi/12.3.1/../../../../arm-none-eabi/lib/thumb/v7e-m+fp/hard\libc_nano.a(libc_a-sprintf.o)
                              ./Core/Src/liquidcrystal_i2c.o (sprintf)
C:/Users/takre_9xkzqg1/Downloads/Apps/STM32CubeIDE_1.16.1/STM32CubeIDE/plugins/com.st.stm32cube.ide.mcu.externaltools.gnu-tools-for-stm32.12.3.rel1.win32_1.0.200.202406191623/tools/bin/../lib/gcc/arm-none-eabi/12.3.1/../../../../arm-none-eabi/lib/thumb/v7e-m+fp/hard\libc_nano.a(libc_a-stdio.o)
                              C:/Users/takre_9xkzqg1/Downloads/Apps/STM32CubeIDE_1.16.1/STM32CubeIDE/plugins/com.st.stm32cube.ide.mcu.externaltools.gnu-tools-for-stm32.12.3.rel1.win32_1.0.200.202406191623/tools/bin/../lib/gcc/arm-none-eabi/12.3.1/../../../../arm-none-eabi/lib/thumb/v7e-m+fp/hard\libc_nano.a(libc_a-findfp.o) (__sread)
C:/Users/takre_9xkzqg1/Downloads/Apps/STM32CubeIDE_1.16.1/STM32CubeIDE/plugins/com.st.stm32cube.ide.mcu.externaltools.gnu-tools-for-stm32.12.3.rel1.win32_1.0.200.202406191623/tools/bin/../lib/gcc/arm-none-eabi/12.3.1/../../../../arm-none-eabi/lib/thumb/v7e-m+fp/hard\libc_nano.a(libc_a-memset.o)
                              C:/Users/takre_9xkzqg1/Downloads/Apps/STM32CubeIDE_1.16.1/STM32CubeIDE/plugins/com.st.stm32cube.ide.mcu.externaltools.gnu-tools-for-stm32.12.3.rel1.win32_1.0.200.202406191623/tools/bin/../lib/gcc/arm-none-eabi/12.3.1/../../../../arm-none-eabi/lib/thumb/v7e-m+fp/hard/crt0.o (memset)
C:/Users/takre_9xkzqg1/Downloads/Apps/STM32CubeIDE_1.16.1/STM32CubeIDE/plugins/com.st.stm32cube.ide.mcu.externaltools.gnu-tools-for-stm32.12.3.rel1.win32_1.0.200.202406191623/tools/bin/../lib/gcc/arm-none-eabi/12.3.1/../../../../arm-none-eabi/lib/thumb/v7e-m+fp/hard\libc_nano.a(libc_a-strncpy.o)
                              ./Core/Src/liquidcrystal_i2c.o (strncpy)
C:/Users/takre_9xkzqg1/Downloads/Apps/STM32CubeIDE_1.16.1/STM32CubeIDE/plugins/com.st.stm32cube.ide.mcu.externaltools.gnu-tools-for-stm32.12.3.rel1.win32_1.0.200.202406191623/tools/bin/../lib/gcc/arm-none-eabi/12.3.1/../../../../arm-none-eabi/lib/thumb/v7e-m+fp/hard\libc_nano.a(libc_a-closer.o)
                              C:/Users/takre_9xkzqg1/Downloads/Apps/STM32CubeIDE_1.16.1/STM32CubeIDE/plugins/com.st.stm32cube.ide.mcu.externaltools.gnu-tools-for-stm32.12.3.rel1.win32_1.0.200.202406191623/tools/bin/../lib/gcc/arm-none-eabi/12.3.1/../../../../arm-none-eabi/lib/thumb/v7e-m+fp/hard\libc_nano.a(libc_a-stdio.o) (_close_r)
C:/Users/takre_9xkzqg1/Downloads/Apps/STM32CubeIDE_1.16.1/STM32CubeIDE/plugins/com.st.stm32cube.ide.mcu.externaltools.gnu-tools-for-stm32.12.3.rel1.win32_1.0.200.202406191623/tools/bin/../lib/gcc/arm-none-eabi/12.3.1/../../../../arm-none-eabi/lib/thumb/v7e-m+fp/hard\libc_nano.a(libc_a-reent.o)
[...]
Memory Configuration

Name             Origin             Length             Attributes
RAM              0x20000000         0x00018000         xrw
FLASH            0x08000000         0x00080000         xr
*default*        0x00000000         0xffffffff

Linker script and memory map

LOAD C:/Users/takre_9xkzqg1/Downloads/Apps/STM32CubeIDE_1.16.1/STM32CubeIDE/plugins/com.st.stm32cube.ide.mcu.externaltools.gnu-tools-for-stm32.12.3.rel1.win32_1.0.200.202406191623/tools/bin/../lib/gcc/arm-none-eabi/12.3.1/thumb/v7e-m+fp/hard/crti.o
LOAD C:/Users/takre_9xkzqg1/Downloads/Apps/STM32CubeIDE_1.16.1/STM32CubeIDE/plugins/com.st.stm32cube.ide.mcu.externaltools.gnu-tools-for-stm32.12.3.rel1.win32_1.0.200.202406191623/tools/bin/../lib/gcc/arm-none-eabi/12.3.1/thumb/v7e-m+fp/hard/crtbegin.o
LOAD C:/Users/takre_9xkzqg1/Downloads/Apps/STM32CubeIDE_1.16.1/STM32CubeIDE/plugins/com.st.stm32cube.ide.mcu.externaltools.gnu-tools-for-stm32.12.3.rel1.win32_1.0.200.202406191623/tools/bin/../lib/gcc/arm-none-eabi/12.3.1/../../../../arm-none-eabi/lib/thumb/v7e-m+fp/hard/crt0.o
LOAD ./Core/Src/adc.o
LOAD ./Core/Src/dht.o
LOAD ./Core/Src/light_sensor.o
LOAD ./Core/Src/liquidcrystal_i2c.o
LOAD ./Core/Src/main.o
LOAD ./Core/Src/moisture_sensor.o
LOAD ./Core/Src/plant_database.o
LOAD ./Core/Src/setup.o
LOAD ./Core/Src/stm32f4xx_hal_msp.o
LOAD ./Core/Src/stm32f4xx_it.o
LOAD ./Core/Src/syscalls.o
LOAD ./Core/Src/sysmem.o
LOAD ./Core/Src/system_stm32f4xx.o
LOAD ./Core/Src/temp_rh_sensor.o
LOAD ./Core/Src/user_interaction.o
LOAD ./Core/Src/veml7700.o
LOAD ./Core/Startup/startup_stm32f401retx.o
LOAD ./Drivers/STM32F4xx_HAL_Driver/Src/stm32f4xx_hal.o
LOAD ./Drivers/STM32F4xx_HAL_Driver/Src/stm32f4xx_hal_adc.o
LOAD ./Drivers/STM32F4xx_HAL_Driver/Src/stm32f4xx_hal_adc_ex.o
LOAD ./Drivers/STM32F4xx_HAL_Driver/Src/stm32f4xx_hal_cortex.o
LOAD ./Drivers/STM32F4xx_HAL_Driver/Src/stm32f4xx_hal_dma.o
LOAD ./Drivers/STM32F4xx_HAL_Driver/Src/stm32f4xx_hal_dma_ex.o
LOAD ./Drivers/STM32F4xx_HAL_Driver/Src/stm32f4xx_hal_exti.o
LOAD ./Drivers/STM32F4xx_HAL_Driver/Src/stm32f4xx_hal_flash.o
LOAD ./Drivers/STM32F4xx_HAL_Driver/Src/stm32f4xx_hal_flash_ex.o
LOAD ./Drivers/STM32F4xx_HAL_Driver/Src/stm32f4xx_hal_flash_ramfunc.o
LOAD ./Drivers/STM32F4xx_HAL_Driver/Src/stm32f4xx_hal_gpio.o
LOAD ./Drivers/STM32F4xx_HAL_Driver/Src/stm32f4xx_hal_i2c.o
LOAD ./Drivers/STM32F4xx_HAL_Driver/Src/stm32f4xx_hal_i2c_ex.o
LOAD ./Drivers/STM32F4xx_HAL_Driver/Src/stm32f4xx_hal_pwr.o
LOAD ./Drivers/STM32F4xx_HAL_Driver/Src/stm32f4xx_hal_pwr_ex.o
LOAD ./Drivers/STM32F4xx_HAL_Driver/Src/stm32f4xx_hal_rcc.o
LOAD ./Drivers/STM32F4xx_HAL_Driver/Src/stm32f4xx_hal_rcc_ex.o
LOAD ./Drivers/STM32F4xx_HAL_Driver/Src/stm32f4xx_hal_rtc.o
LOAD ./Drivers/STM32F4xx_HAL_Driver/Src/stm32f4xx_hal_rtc_ex.o
LOAD ./Drivers/STM32F4xx_HAL_Driver/Src/stm32f4xx_hal_tim.o
LOAD ./Drivers/STM32F4xx_HAL_Driver/Src/stm32f4xx_hal_tim_ex.o
LOAD ./Drivers/STM32F4xx_HAL_Driver/Src/stm32f4xx_hal_uart.o
LOAD ./Drivers/STM32F4xx_HAL_Driver/Src/stm32f4xx_ll_adc.o
START GROUP
LOAD C:/Users/takre_9xkzqg1/Downloads/Apps/STM32CubeIDE_1.16.1/STM32CubeIDE/plugins/com.st.stm32cube.ide.mcu.externaltools.gnu-tools-for-stm32.12.3.rel1.win32_1.0.200.202406191623/tools/bin/../lib/gcc/arm-none-eabi/12.3.1/../../../../arm-none-eabi/lib/thumb/v7e-m+fp/hard\libc_nano.a
LOAD C:/Users/takre_9xkzqg1/Downloads/Apps/STM32CubeIDE_1.16.1/STM32CubeIDE/plugins/com.st.stm32cube.ide.mcu.externaltools.gnu-tools-for-stm32.12.3.rel1.win32_1.0.200.202406191623/tools/bin/../lib/gcc/arm-none-eabi/12.3.1/../../../../arm-none-eabi/lib/thumb/v7e-m+fp/hard\libm.a
END GROUP
START GROUP
LOAD C:/Users/takre_9xkzqg1/Downloads/Apps/STM32CubeIDE_1.16.1/STM32CubeIDE/plugins/com.st.stm32cube.ide.mcu.externaltools.gnu-tools-for-stm32.12.3.rel1.win32_1.0.200.202406191623/tools/bin/../lib/gcc/arm-none-eabi/12.3.1/thumb/v7e-m+fp/hard\libgcc.a
LOAD C:/Users/takre_9xkzqg1/Downloads/Apps/STM32CubeIDE_1.16.1/STM32CubeIDE/plugins/com.st.stm32cube.ide.mcu.externaltools.gnu-tools-for-stm32.12.3.rel1.win32_1.0.200.202406191623/tools/bin/../lib/gcc/arm-none-eabi/12.3.1/../../../../arm-none-eabi/lib/thumb/v7e-m+fp/hard\libc_nano.a
END GROUP
START GROUP
LOAD C:/Users/takre_9xkzqg1/Downloads/Apps/STM32CubeIDE_1.16.1/STM32CubeIDE/plugins/com.st.stm32cube.ide.mcu.externaltools.gnu-tools-for-stm32.12.3.rel1.win32_1.0.200.202406191623/tools/bin/../lib/gcc/arm-none-eabi/12.3.1/thumb/v7e-m+fp/hard\libgcc.a
LOAD C:/Users/takre_9xkzqg1/Downloads/Apps/STM32CubeIDE_1.16.1/STM32CubeIDE/plugins/com.st.stm32cube.ide.mcu.externaltools.gnu-tools-for-stm32.12.3.rel1.win32_1.0.200.202406191623/tools/bin/../lib/gcc/arm-none-eabi/12.3.1/../../../../arm-none-eabi/lib/thumb/v7e-m+fp/hard\libc_nano.a
LOAD C:/Users/takre_9xkzqg1/Downloads/Apps/STM32CubeIDE_1.16.1/STM32CubeIDE/plugins/com.st.stm32cube.ide.mcu.externaltools.gnu-tools-for-stm32.12.3.rel1.win32_1.0.200.202406191623/tools/bin/../lib/gcc/arm-none-eabi/12.3.1/../../../../arm-none-eabi/lib/thumb/v7e-m+fp/hard\libnosys.a
END GROUP
START GROUP
LOAD C:/Users/takre_9xkzqg1/Downloads/Apps/STM32CubeIDE_1.16.1/STM32CubeIDE/plugins/com.st.stm32cube.ide.mcu.externaltools.gnu-tools-for-stm32.12.3.rel1.win32_1.0.200.202406191623/tools/bin/../lib/gcc/arm-none-eabi/12.3.1/thumb/v7e-m+fp/hard\libgcc.a
LOAD C:/Users/takre_9xkzqg1/Downloads/Apps/STM32CubeIDE_1.16.1/STM32CubeIDE/plugins/com.st.stm32cube.ide.mcu.externaltools.gnu-tools-for-stm32.12.3.rel1.win32_1.0.200.202406191623/tools/bin/../lib/gcc/arm-none-eabi/12.3.1/../../../../arm-none-eabi/lib/thumb/v7e-m+fp/hard\libc_nano.a
LOAD C:/Users/takre_9xkzqg1/Downloads/Apps/STM32CubeIDE_1.16.1/STM32CubeIDE/plugins/com.st.stm32cube.ide.mcu.externaltools.gnu-tools-for-stm32.12.3.rel1.win32_1.0.200.202406191623/tools/bin/../lib/gcc/arm-none-eabi/12.3.1/../../../../arm-none-eabi/lib/thumb/v7e-m+fp/hard\libnosys.a
END GROUP
LOAD C:/Users/takre_9xkzqg1/Downloads/Apps/STM32CubeIDE_1.16.1/STM32CubeIDE/plugins/com.st.stm32cube.ide.mcu.externaltools.gnu-tools-for-stm32.12.3.rel1.win32_1.0.200.202406191623/tools/bin/../lib/gcc/arm-none-eabi/12.3.1/thumb/v7e-m+fp/hard/crtend.o
LOAD C:/Users/takre_9xkzqg1/Downloads/Apps/STM32CubeIDE_1.16.1/STM32CubeIDE/plugins/com.st.stm32cube.ide.mcu.externaltools.gnu-tools-for-stm32.12.3.rel1.win32_1.0.200.202406191623/tools/bin/../lib/gcc/arm-none-eabi/12.3.1/thumb/v7e-m+fp/hard/crtn.o
                0x20018000                        _estack = (ORIGIN (RAM) + LENGTH (RAM))
                0x00000200                        _Min_Heap_Size = 0x200
                0x00000400                        _Min_Stack_Size = 0x400

.isr_vector     0x08000000      0x194
                0x08000000                        . = ALIGN (0x4)
 *(.isr_vector)
 .isr_vector    0x08000000      0x194 ./Core/Startup/startup_stm32f401retx.o
                0x08000000                g_pfnVectors
                0x08000194                        . = ALIGN (0x4)

.text           0x080001a0     0x86c4
                0x080001a0                        . = ALIGN (0x4)
 *(.text)
 .text          0x080001a0       0x40 C:/Users/takre_9xkzqg1/Downloads/Apps/STM32CubeIDE_1.16.1/STM32CubeIDE/plugins/com.st.stm32cube.ide.mcu.externaltools.gnu-tools-for-stm32.12.3.rel1.win32_1.0.200.202406191623/tools/bin/../lib/gcc/arm-none-eabi/12.3.1/thumb/v7e-m+fp/hard/crtbegin.o
 .text          0x080001e0       0x14 C:/Users/takre_9xkzqg1/Downloads/Apps/STM32CubeIDE_1.16.1/STM32CubeIDE/plugins/com.st.stm32cube.ide.mcu.externaltools.gnu-tools-for-stm32.12.3.rel1.win32_1.0.200.202406191623/tools/bin/../lib/gcc/arm-none-eabi/12.3.1/../../../../arm-none-eabi/lib/thumb/v7e-m+fp/hard\libc_nano.a(libc_a-strcmp.o)
                0x080001e0                strcmp
 *fill*         0x080001f4        0xc 
 .text          0x08000200       0xa0 C:/Users/takre_9xkzqg1/Downloads/Apps/STM32CubeIDE_1.16.1/STM32CubeIDE/plugins/com.st.stm32cube.ide.mcu.externaltools.gnu-tools-for-stm32.12.3.rel1.win32_1.0.200.202406191623/tools/bin/../lib/gcc/arm-none-eabi/12.3.1/../../../../arm-none-eabi/lib/thumb/v7e-m+fp/hard\libc_nano.a(libc_a-memchr.o)
                0x08000200                memchr
 .text          0x080002a0      0x378 C:/Users/takre_9xkzqg1/Downloads/Apps/STM32CubeIDE_1.16.1/STM32CubeIDE/plugins/com.st.stm32cube.ide.mcu.externaltools.gnu-tools-for-stm32.12.3.rel1.win32_1.0.200.202406191623/tools/bin/../lib/gcc/arm-none-eabi/12.3.1/thumb/v7e-m+fp/hard\libgcc.a(_arm_addsubdf3.o)
                0x080002a0                __aeabi_drsub
                0x080002a8                __aeabi_dsub
                0x080002a8                __subdf3
                0x080002ac                __aeabi_dadd
                0x080002ac                __adddf3
                0x08000524                __floatunsidf
                0x08000524                __aeabi_ui2d
                0x08000544                __floatsidf
                0x08000544                __aeabi_i2d
                0x08000568                __aeabi_f2d
                0x08000568                __extendsfdf2
                0x080005ac                __floatundidf
                0x080005ac                __aeabi_ul2d
                0x080005bc                __floatdidf
                0x080005bc                __aeabi_l2d
 .text          0x08000618      0x424 C:/Users/takre_9xkzqg1/Downloads/Apps/STM32CubeIDE_1.16.1/STM32CubeIDE/plugins/com.st.stm32cube.ide.mcu.externaltools.gnu-tools-for-stm32.12.3.rel1.win32_1.0.200.202406191623/tools/bin/../lib/gcc/arm-none-eabi/12.3.1/thumb/v7e-m+fp/hard\libgcc.a(_arm_muldivdf3.o)
                0x08000618                __aeabi_dmul
                0x08000618                __muldf3
                0x0800086c                __divdf3
                0x0800086c                __aeabi_ddiv
 .text          0x08000a3c      0x110 C:/Users/takre_9xkzqg1/Downloads/Apps/STM32CubeIDE_1.16.1/STM32CubeIDE/plugins/com.st.stm32cube.ide.mcu.externaltools.gnu-tools-for-stm32.12.3.rel1.win32_1.0.200.202406191623/tools/bin/../lib/gcc/arm-none-eabi/12.3.1/thumb/v7e-m+fp/hard\libgcc.a(_arm_cmpdf2.o)
                0x08000a3c                __gtdf2
                0x08000a3c                __gedf2
                0x08000a44                __ltdf2
                0x08000a44                __ledf2
                0x08000a4c                __nedf2
                0x08000a4c                __eqdf2
                0x08000a4c                __cmpdf2
                0x08000ac8                __aeabi_cdrcmple
                0x08000ad8                __aeabi_cdcmpeq
                0x08000ad8                __aeabi_cdcmple
                0x08000ae8                __aeabi_dcmpeq
                0x08000afc                __aeabi_dcmplt
                0x08000b10                __aeabi_dcmple
                0x08000b24                __aeabi_dcmpge
                0x08000b38                __aeabi_dcmpgt
 .text          0x08000b4c       0x2c C:/Users/takre_9xkzqg1/Downloads/Apps/STM32CubeIDE_1.16.1/STM32CubeIDE/plugins/com.st.stm32cube.ide.mcu.externaltools.gnu-tools-for-stm32.12.3.rel1.win32_1.0.200.202406191623/tools/bin/../lib/gcc/arm-none-eabi/12.3.1/thumb/v7e-m+fp/hard\libgcc.a(_arm_unorddf2.o)
                0x08000b4c                __unorddf2
                0x08000b4c                __aeabi_dcmpun
 .text          0x08000b78       0x40 C:/Users/takre_9xkzqg1/Downloads/Apps/STM32CubeIDE_1.16.1/STM32CubeIDE/plugins/com.st.stm32cube.ide.mcu.externaltools.gnu-tools-for-stm32.12.3.rel1.win32_1.0.200.202406191623/tools/bin/../lib/gcc/arm-none-eabi/12.3.1/thumb/v7e-m+fp/hard\libgcc.a(_arm_fixunsdfsi.o)
                0x08000b78                __aeabi_d2uiz
                0x08000b78                __fixunsdfsi
 .text          0x08000bb8       0xa0 C:/Users/takre_9xkzqg1/Downloads/Apps/STM32CubeIDE_1.16.1/STM32CubeIDE/plugins/com.st.stm32cube.ide.mcu.externaltools.gnu-tools-for-stm32.12.3.rel1.win32_1.0.200.202406191623/tools/bin/../lib/gcc/arm-none-eabi/12.3.1/thumb/v7e-m+fp/hard\libgcc.a(_arm_truncdfsf2.o)
                0x08000bb8                __truncdfsf2
                0x08000bb8                __aeabi_d2f
 .text          0x08000c58       0x30 C:/Users/takre_9xkzqg1/Downloads/Apps/STM32CubeIDE_1.16.1/STM32CubeIDE/plugins/com.st.stm32cube.ide.mcu.externaltools.gnu-tools-for-stm32.12.3.rel1.win32_1.0.200.202406191623/tools/bin/../lib/gcc/arm-none-eabi/12.3.1/thumb/v7e-m+fp/hard\libgcc.a(_aeabi_uldivmod.o)
                0x08000c58                __aeabi_uldivmod
 .text          0x08000c88      0x2bc C:/Users/takre_9xkzqg1/Downloads/Apps/STM32CubeIDE_1.16.1/STM32CubeIDE/plugins/com.st.stm32cube.ide.mcu.externaltools.gnu-tools-for-stm32.12.3.rel1.win32_1.0.200.202406191623/tools/bin/../lib/gcc/arm-none-eabi/12.3.1/thumb/v7e-m+fp/hard\libgcc.a(_udivmoddi4.o)
                0x08000c88                __udivmoddi4
 .text          0x08000f44        0x4 C:/Users/takre_9xkzqg1/Downloads/Apps/STM32CubeIDE_1.16.1/STM32CubeIDE/plugins/com.st.stm32cube.ide.mcu.externaltools.gnu-tools-for-stm32.12.3.rel1.win32_1.0.200.202406191623/tools/bin/../lib/gcc/arm-none-eabi/12.3.1/thumb/v7e-m+fp/hard\libgcc.a(_dvmd_tls.o)
                0x08000f44                __aeabi_idiv0
                0x08000f44                __aeabi_ldiv0
 *(.text*)
 .text.adc_channel_conv
                0x08000f48       0x78 ./Core/Src/adc.o
                0x08000f48                adc_channel_conv
 .text.DWT_Delay_Init
                0x08000fc0       0x60 ./Core/Src/dht.o
                0x08000fc0                DWT_Delay_Init
 .text.delay    0x08001020       0x48 ./Core/Src/dht.o
 .text.Set_Pin_Output
                0x08001068       0x3c ./Core/Src/dht.o
                0x08001068                Set_Pin_Output
 .text.Set_Pin_Input
                0x080010a4       0x3c ./Core/Src/dht.o
                0x080010a4                Set_Pin_Input
 .text.DHT_Start
                0x080010e0       0x44 ./Core/Src/dht.o
                0x080010e0                DHT_Start
 .text.DHT_Read
                0x08001124       0x90 ./Core/Src/dht.o
                0x08001124                DHT_Read
 .text.DHT_GetData
                0x080011b4       0xac ./Core/Src/dht.o
                0x080011b4                DHT_GetData
 .text.convert_to_lux
                0x08001260      0x168 ./Core/Src/light_sensor.o
 .text.light_i2c_read
                0x080013c8       0x2e ./Core/Src/light_sensor.o
 *fill*         0x080013f6        0x2 
 .text.light_level_to_lux_high
                0x080013f8       0x50 ./Core/Src/light_sensor.o
 .text.light_level_to_lux_low
                0x08001448       0x50 ./Core/Src/light_sensor.o
 .text.average_optimal_light_ints
                0x08001498       0x4c ./Core/Src/light_sensor.o
 .text.get_light_value
                0x080014e4       0x70 ./Core/Src/light_sensor.o
                0x080014e4                get_light_value
 .text.check_light_intensity
                0x08001554       0x64 ./Core/Src/light_sensor.o
                0x08001554                check_light_intensity
 .text.HD44780_Init
                0x080015b8      0x114 ./Core/Src/liquidcrystal_i2c.o
                0x080015b8                HD44780_Init
 .text.HD44780_Clear
                0x080016cc       0x16 ./Core/Src/liquidcrystal_i2c.o
                0x080016cc                HD44780_Clear
 .text.HD44780_Home
                0x080016e2       0x16 ./Core/Src/liquidcrystal_i2c.o
                0x080016e2                HD44780_Home
 .text.HD44780_SetCursor
                0x080016f8       0x64 ./Core/Src/liquidcrystal_i2c.o
                0x080016f8                HD44780_SetCursor
 .text.HD44780_Display
                0x0800175c       0x2c ./Core/Src/liquidcrystal_i2c.o
                0x0800175c                HD44780_Display
 .text.HD44780_CreateSpecialChar
                0x08001788       0x52 ./Core/Src/liquidcrystal_i2c.o
                0x08001788                HD44780_CreateSpecialChar
 .text.HD44780_PrintStr
                0x080017da       0x2a ./Core/Src/liquidcrystal_i2c.o
                0x080017da                HD44780_PrintStr
 .text.HD44780_NoBacklight
                0x08001804       0x18 ./Core/Src/liquidcrystal_i2c.o
                0x08001804                HD44780_NoBacklight
 .text.HD44780_Backlight
                0x0800181c       0x18 ./Core/Src/liquidcrystal_i2c.o
                0x0800181c                HD44780_Backlight
 .text.SendCommand
                0x08001834       0x1c ./Core/Src/liquidcrystal_i2c.o
 .text.SendChar
                0x08001850       0x1c ./Core/Src/liquidcrystal_i2c.o
 .text.Send     0x0800186c       0x42 ./Core/Src/liquidcrystal_i2c.o
 .text.Write4Bits
                0x080018ae       0x22 ./Core/Src/liquidcrystal_i2c.o
 .text.ExpanderWrite
                0x080018d0       0x38 ./Core/Src/liquidcrystal_i2c.o
 .text.PulseEnable
                0x08001908       0x3a ./Core/Src/liquidcrystal_i2c.o
 *fill*         0x08001942        0x2 
 .text.DelayInit
                0x08001944       0x3c ./Core/Src/liquidcrystal_i2c.o
 .text.DelayUS  0x08001980       0x4c ./Core/Src/liquidcrystal_i2c.o
 .text.update   0x080019cc       0x3c ./Core/Src/liquidcrystal_i2c.o
                0x080019cc                update
 .text.display_message_left
                0x08001a08       0x68 ./Core/Src/liquidcrystal_i2c.o
                0x08001a08                display_message_left
 .text.display_off
                0x08001a70       0x10 ./Core/Src/liquidcrystal_i2c.o
                0x08001a70                display_off
 .text.display_on
                0x08001a80        0xc ./Core/Src/liquidcrystal_i2c.o
                0x08001a80                display_on
 .text.main     0x08001a8c      0x190 ./Core/Src/main.o
                0x08001a8c                main
 .text.SystemClock_Config
                0x08001c1c       0xd8 ./Core/Src/main.o
                0x08001c1c                SystemClock_Config
 .text.MX_ADC1_Init
                0x08001cf4       0xa4 ./Core/Src/main.o
 .text.MX_I2C1_Init
                0x08001d98       0x5c ./Core/Src/main.o
 .text.MX_I2C3_Init
                0x08001df4       0x5c ./Core/Src/main.o
 .text.MX_RTC_Init
                0x08001e50      0x11c ./Core/Src/main.o
 .text.MX_TIM10_Init
                0x08001f6c       0x48 ./Core/Src/main.o
 .text.MX_USART2_UART_Init
                0x08001fb4       0x54 ./Core/Src/main.o
 .text.MX_GPIO_Init
                0x08002008      0x160 ./Core/Src/main.o
 .text.HAL_GPIO_EXTI_Callback
                0x08002168       0x90 ./Core/Src/main.o
                0x08002168                HAL_GPIO_EXTI_Callback
 .text.HAL_RTC_AlarmAEventCallback
                0x080021f8       0x50 ./Core/Src/main.o
                0x080021f8                HAL_RTC_AlarmAEventCallback
 .text.Error_Handler
                0x08002248        0xc ./Core/Src/main.o
                0x08002248                Error_Handler
 *fill*         0x08002254        0x4 
 .text.adc_to_pct_moisture
                0x08002258       0xb0 ./Core/Src/moisture_sensor.o
 .text.moisture_at_depth
                0x08002308      0x1a8 ./Core/Src/moisture_sensor.o
 .text.get_moisture_value
                0x080024b0       0xd0 ./Core/Src/moisture_sensor.o
                0x080024b0                get_moisture_value
 .text.check_moisture_level
                0x08002580       0x8c ./Core/Src/moisture_sensor.o
                0x08002580                check_moisture_level
 .text.toggle_flag
                0x0800260c       0x50 ./Core/Src/setup.o
                0x0800260c                toggle_flag
 .text.clear_flags
                0x0800265c       0x3c ./Core/Src/setup.o
                0x0800265c                clear_flags
 .text.scroll_plant
                0x08002698       0xa4 ./Core/Src/setup.o
 .text.select_plant
                0x0800273c       0x70 ./Core/Src/setup.o
                0x0800273c                select_plant
 .text.calibrate_moisture
                0x080027ac       0xd0 ./Core/Src/setup.o
                0x080027ac                calibrate_moisture
 .text.scroll_depth
                0x0800287c       0xc8 ./Core/Src/setup.o
 .text.select_pot_depth
                0x08002944       0x74 ./Core/Src/setup.o
                0x08002944                select_pot_depth
 .text.change_setup
                0x080029b8      0x118 ./Core/Src/setup.o
                0x080029b8                change_setup
 .text.HAL_MspInit
                0x08002ad0       0x50 ./Core/Src/stm32f4xx_hal_msp.o
                0x08002ad0                HAL_MspInit
 .text.HAL_ADC_MspInit
                0x08002b20       0x88 ./Core/Src/stm32f4xx_hal_msp.o
                0x08002b20                HAL_ADC_MspInit
 .text.HAL_I2C_MspInit
                0x08002ba8      0x140 ./Core/Src/stm32f4xx_hal_msp.o
                0x08002ba8                HAL_I2C_MspInit
 .text.HAL_RTC_MspInit
                0x08002ce8       0x68 ./Core/Src/stm32f4xx_hal_msp.o
                0x08002ce8                HAL_RTC_MspInit
 .text.HAL_TIM_Base_MspInit
                0x08002d50       0x44 ./Core/Src/stm32f4xx_hal_msp.o
                0x08002d50                HAL_TIM_Base_MspInit
 .text.HAL_UART_MspInit
                0x08002d94       0x90 ./Core/Src/stm32f4xx_hal_msp.o
                0x08002d94                HAL_UART_MspInit
 .text.NMI_Handler
                0x08002e24        0x8 ./Core/Src/stm32f4xx_it.o
                0x08002e24                NMI_Handler
 .text.HardFault_Handler
                0x08002e2c        0x8 ./Core/Src/stm32f4xx_it.o
                0x08002e2c                HardFault_Handler
 .text.MemManage_Handler
                0x08002e34        0x8 ./Core/Src/stm32f4xx_it.o
                0x08002e34                MemManage_Handler
 .text.BusFault_Handler
                0x08002e3c        0x8 ./Core/Src/stm32f4xx_it.o
                0x08002e3c                BusFault_Handler
 .text.UsageFault_Handler
                0x08002e44        0x8 ./Core/Src/stm32f4xx_it.o
                0x08002e44                UsageFault_Handler
 .text.SVC_Handler
                0x08002e4c        0xe ./Core/Src/stm32f4xx_it.o
                0x08002e4c                SVC_Handler
 .text.DebugMon_Handler
                0x08002e5a        0xe ./Core/Src/stm32f4xx_it.o
                0x08002e5a                DebugMon_Handler
 .text.PendSV_Handler
                0x08002e68        0xe ./Core/Src/stm32f4xx_it.o
                0x08002e68                PendSV_Handler
 .text.SysTick_Handler
                0x08002e76        0xc ./Core/Src/stm32f4xx_it.o
                0x08002e76                SysTick_Handler
 .text.EXTI4_IRQHandler
                0x08002e82        0xe ./Core/Src/stm32f4xx_it.o
                0x08002e82                EXTI4_IRQHandler
 .text.EXTI9_5_IRQHandler
                0x08002e90       0x16 ./Core/Src/stm32f4xx_it.o
                0x08002e90                EXTI9_5_IRQHandler
 .text.EXTI15_10_IRQHandler
                0x08002ea6       0x18 ./Core/Src/stm32f4xx_it.o
                0x08002ea6                EXTI15_10_IRQHandler
 *fill*         0x08002ebe        0x2 
 .text.RTC_Alarm_IRQHandler
                0x08002ec0       0x14 ./Core/Src/stm32f4xx_it.o
                0x08002ec0                RTC_Alarm_IRQHandler
 .text._sbrk    0x08002ed4       0x6c ./Core/Src/sysmem.o
                0x08002ed4                _sbrk
 .text.SystemInit
                0x08002f40       0x24 ./Core/Src/system_stm32f4xx.o
                0x08002f40                SystemInit
 .text.hourly_avg_temp
                0x08002f64       0x70 ./Core/Src/temp_rh_sensor.o
 .text.hourly_avg_rh
                0x08002fd4       0x70 ./Core/Src/temp_rh_sensor.o
                0x08002fd4                hourly_avg_rh
 .text.get_temp_and_rh_value
                0x08003044       0xdc ./Core/Src/temp_rh_sensor.o
                0x08003044                get_temp_and_rh_value
 .text.check_temp
                0x08003120       0x50 ./Core/Src/temp_rh_sensor.o
                0x08003120                check_temp
 .text.check_rh
                0x08003170       0x50 ./Core/Src/temp_rh_sensor.o
                0x08003170                check_rh
 .text.display_alert
                0x080031c0      0x104 ./Core/Src/user_interaction.o
 .text.update_alert
                0x080032c4       0x2c ./Core/Src/user_interaction.o
                0x080032c4                update_alert
 .text.count_alerts
                0x080032f0       0x64 ./Core/Src/user_interaction.o
                0x080032f0                count_alerts
 .text.show_alerts
                0x08003354       0xe4 ./Core/Src/user_interaction.o
                0x08003354                show_alerts
 .text.display_toggle
                0x08003438       0x3c ./Core/Src/user_interaction.o
                0x08003438                display_toggle
 .text._write_register
                0x08003474       0x48 ./Core/Src/veml7700.o
 .text._read_register
                0x080034bc       0x5a ./Core/Src/veml7700.o
 .text.veml7700_init
                0x08003516       0x44 ./Core/Src/veml7700.o
                0x08003516                veml7700_init
 .text.veml7700_power_on
                0x0800355a       0x32 ./Core/Src/veml7700.o
                0x0800355a                veml7700_power_on
 .text.veml7700_shutdown
                0x0800358c       0x32 ./Core/Src/veml7700.o
                0x0800358c                veml7700_shutdown
 .text.veml7700_read_als
                0x080035be       0x1a ./Core/Src/veml7700.o
                0x080035be                veml7700_read_als
 .text.Reset_Handler
                0x080035d8       0x50 ./Core/Startup/startup_stm32f401retx.o
                0x080035d8                Reset_Handler
 .text.Default_Handler
                0x08003628        0x2 ./Core/Startup/startup_stm32f401retx.o
                0x08003628                EXTI2_IRQHandler
                0x08003628                SPI4_IRQHandler
                0x08003628                TIM1_CC_IRQHandler
                0x08003628                DMA2_Stream5_IRQHandler
                0x08003628                DMA1_Stream5_IRQHandler
                0x08003628                PVD_IRQHandler
                0x08003628                SDIO_IRQHandler
                0x08003628                TAMP_STAMP_IRQHandler
                0x08003628                EXTI3_IRQHandler
                0x08003628                TIM1_UP_TIM10_IRQHandler
                0x08003628                I2C3_ER_IRQHandler
                0x08003628                EXTI0_IRQHandler
                0x08003628                I2C2_EV_IRQHandler
                0x08003628                DMA1_Stream2_IRQHandler
                0x08003628                FPU_IRQHandler
                0x08003628                DMA2_Stream2_IRQHandler
                0x08003628                SPI1_IRQHandler
                0x08003628                TIM1_BRK_TIM9_IRQHandler
                0x08003628                DMA2_Stream3_IRQHandler
                0x08003628                USART6_IRQHandler
                0x08003628                DMA2_Stream0_IRQHandler
                0x08003628                TIM4_IRQHandler
                0x08003628                I2C1_EV_IRQHandler
                0x08003628                DMA1_Stream6_IRQHandler
                0x08003628                DMA1_Stream1_IRQHandler
                0x08003628                TIM3_IRQHandler
                0x08003628                RCC_IRQHandler
                0x08003628                Default_Handler
                0x08003628                ADC_IRQHandler
                0x08003628                DMA1_Stream7_IRQHandler
                0x08003628                TIM5_IRQHandler
                0x08003628                DMA2_Stream7_IRQHandler
                0x08003628                I2C3_EV_IRQHandler
                0x08003628                RTC_WKUP_IRQHandler
                0x08003628                SPI2_IRQHandler
                0x08003628                DMA1_Stream0_IRQHandler
                0x08003628                WWDG_IRQHandler
                0x08003628                TIM2_IRQHandler
                0x08003628                OTG_FS_WKUP_IRQHandler
                0x08003628                TIM1_TRG_COM_TIM11_IRQHandler
                0x08003628                EXTI1_IRQHandler
                0x08003628                USART2_IRQHandler
                0x08003628                I2C2_ER_IRQHandler
                0x08003628                DMA2_Stream1_IRQHandler
                0x08003628                FLASH_IRQHandler
                0x08003628                DMA2_Stream4_IRQHandler
                0x08003628                USART1_IRQHandler
                0x08003628                OTG_FS_IRQHandler
                0x08003628                SPI3_IRQHandler
                0x08003628                DMA1_Stream4_IRQHandler
                0x08003628                I2C1_ER_IRQHandler
                0x08003628                DMA2_Stream6_IRQHandler
                0x08003628                DMA1_Stream3_IRQHandler
 *fill*         0x0800362a        0x2 
 .text.HAL_Init
                0x0800362c       0x44 ./Drivers/STM32F4xx_HAL_Driver/Src/stm32f4xx_hal.o
                0x0800362c                HAL_Init
 .text.HAL_InitTick
                0x08003670       0x60 ./Drivers/STM32F4xx_HAL_Driver/Src/stm32f4xx_hal.o
                0x08003670                HAL_InitTick
 .text.HAL_IncTick
                0x080036d0       0x28 ./Drivers/STM32F4xx_HAL_Driver/Src/stm32f4xx_hal.o
                0x080036d0                HAL_IncTick
 .text.HAL_GetTick
                0x080036f8       0x18 ./Drivers/STM32F4xx_HAL_Driver/Src/stm32f4xx_hal.o
                0x080036f8                HAL_GetTick
 .text.HAL_Delay
                0x08003710       0x48 ./Drivers/STM32F4xx_HAL_Driver/Src/stm32f4xx_hal.o
                0x08003710                HAL_Delay
 .text.HAL_ADC_Init
                0x08003758       0x86 ./Drivers/STM32F4xx_HAL_Driver/Src/stm32f4xx_hal_adc.o
                0x08003758                HAL_ADC_Init
 *fill*         0x080037de        0x2 
 .text.HAL_ADC_Start
                0x080037e0      0x168 ./Drivers/STM32F4xx_HAL_Driver/Src/stm32f4xx_hal_adc.o
                0x080037e0                HAL_ADC_Start
 .text.HAL_ADC_PollForConversion
                0x08003948      0x116 ./Drivers/STM32F4xx_HAL_Driver/Src/stm32f4xx_hal_adc.o
                0x08003948                HAL_ADC_PollForConversion
 .text.HAL_ADC_GetValue
                0x08003a5e       0x1a ./Drivers/STM32F4xx_HAL_Driver/Src/stm32f4xx_hal_adc.o
                0x08003a5e                HAL_ADC_GetValue
 .text.HAL_ADC_ConfigChannel
                0x08003a78      0x244 ./Drivers/STM32F4xx_HAL_Driver/Src/stm32f4xx_hal_adc.o
                0x08003a78                HAL_ADC_ConfigChannel
 .text.ADC_Init
                0x08003cbc      0x1f8 ./Drivers/STM32F4xx_HAL_Driver/Src/stm32f4xx_hal_adc.o
 .text.__NVIC_SetPriorityGrouping
                0x08003eb4       0x48 ./Drivers/STM32F4xx_HAL_Driver/Src/stm32f4xx_hal_cortex.o
 .text.__NVIC_GetPriorityGrouping
                0x08003efc       0x1c ./Drivers/STM32F4xx_HAL_Driver/Src/stm32f4xx_hal_cortex.o
 .text.__NVIC_EnableIRQ
                0x08003f18       0x3c ./Drivers/STM32F4xx_HAL_Driver/Src/stm32f4xx_hal_cortex.o
 .text.__NVIC_SetPriority
                0x08003f54       0x54 ./Drivers/STM32F4xx_HAL_Driver/Src/stm32f4xx_hal_cortex.o
 .text.NVIC_EncodePriority
                0x08003fa8       0x66 ./Drivers/STM32F4xx_HAL_Driver/Src/stm32f4xx_hal_cortex.o
 *fill*         0x0800400e        0x2 
 .text.SysTick_Config
                0x08004010       0x44 ./Drivers/STM32F4xx_HAL_Driver/Src/stm32f4xx_hal_cortex.o
 .text.HAL_NVIC_SetPriorityGrouping
                0x08004054       0x16 ./Drivers/STM32F4xx_HAL_Driver/Src/stm32f4xx_hal_cortex.o
                0x08004054                HAL_NVIC_SetPriorityGrouping
 .text.HAL_NVIC_SetPriority
                0x0800406a       0x38 ./Drivers/STM32F4xx_HAL_Driver/Src/stm32f4xx_hal_cortex.o
                0x0800406a                HAL_NVIC_SetPriority
 .text.HAL_NVIC_EnableIRQ
                0x080040a2       0x1c ./Drivers/STM32F4xx_HAL_Driver/Src/stm32f4xx_hal_cortex.o
                0x080040a2                HAL_NVIC_EnableIRQ
 .text.HAL_SYSTICK_Config
                0x080040be       0x18 ./Drivers/STM32F4xx_HAL_Driver/Src/stm32f4xx_hal_cortex.o
                0x080040be                HAL_SYSTICK_Config
 *fill*         0x080040d6        0x2 
 .text.HAL_GPIO_Init
                0x080040d8      0x308 ./Drivers/STM32F4xx_HAL_Driver/Src/stm32f4xx_hal_gpio.o
                0x080040d8                HAL_GPIO_Init
 .text.HAL_GPIO_ReadPin
                0x080043e0       0x30 ./Drivers/STM32F4xx_HAL_Driver/Src/stm32f4xx_hal_gpio.o
                0x080043e0                HAL_GPIO_ReadPin
 .text.HAL_GPIO_WritePin
                0x08004410       0x32 ./Drivers/STM32F4xx_HAL_Driver/Src/stm32f4xx_hal_gpio.o
                0x08004410                HAL_GPIO_WritePin
 .text.HAL_GPIO_TogglePin
                0x08004442       0x34 ./Drivers/STM32F4xx_HAL_Driver/Src/stm32f4xx_hal_gpio.o
                0x08004442                HAL_GPIO_TogglePin
 *fill*         0x08004476        0x2 
 .text.HAL_GPIO_EXTI_IRQHandler
                0x08004478       0x30 ./Drivers/STM32F4xx_HAL_Driver/Src/stm32f4xx_hal_gpio.o
                0x08004478                HAL_GPIO_EXTI_IRQHandler
 .text.HAL_I2C_Init
                0x080044a8      0x288 ./Drivers/STM32F4xx_HAL_Driver/Src/stm32f4xx_hal_i2c.o
                0x080044a8                HAL_I2C_Init
 .text.HAL_I2C_Master_Transmit
                0x08004730      0x1fc ./Drivers/STM32F4xx_HAL_Driver/Src/stm32f4xx_hal_i2c.o
                0x08004730                HAL_I2C_Master_Transmit
 .text.HAL_I2C_Mem_Read
                0x0800492c      0x464 ./Drivers/STM32F4xx_HAL_Driver/Src/stm32f4xx_hal_i2c.o
                0x0800492c                HAL_I2C_Mem_Read
 .text.I2C_MasterRequestWrite
                0x08004d90      0x104 ./Drivers/STM32F4xx_HAL_Driver/Src/stm32f4xx_hal_i2c.o
 .text.I2C_RequestMemoryRead
                0x08004e94      0x1d0 ./Drivers/STM32F4xx_HAL_Driver/Src/stm32f4xx_hal_i2c.o
 .text.I2C_WaitOnFlagUntilTimeout
                0x08005064       0xf4 ./Drivers/STM32F4xx_HAL_Driver/Src/stm32f4xx_hal_i2c.o
 .text.I2C_WaitOnMasterAddressFlagUntilTimeout
                0x08005158      0x140 ./Drivers/STM32F4xx_HAL_Driver/Src/stm32f4xx_hal_i2c.o
 .text.I2C_WaitOnTXEFlagUntilTimeout
                0x08005298       0x90 ./Drivers/STM32F4xx_HAL_Driver/Src/stm32f4xx_hal_i2c.o
 .text.I2C_WaitOnBTFFlagUntilTimeout
                0x08005328       0x90 ./Drivers/STM32F4xx_HAL_Driver/Src/stm32f4xx_hal_i2c.o
 .text.I2C_WaitOnRXNEFlagUntilTimeout
                0x080053b8       0xba ./Drivers/STM32F4xx_HAL_Driver/Src/stm32f4xx_hal_i2c.o
 .text.I2C_IsAcknowledgeFailed
                0x08005472       0x5e ./Drivers/STM32F4xx_HAL_Driver/Src/stm32f4xx_hal_i2c.o
 .text.HAL_RCC_OscConfig
                0x080054d0      0x4f0 ./Drivers/STM32F4xx_HAL_Driver/Src/stm32f4xx_hal_rcc.o
                0x080054d0                HAL_RCC_OscConfig
 .text.HAL_RCC_ClockConfig
                0x080059c0      0x1cc ./Drivers/STM32F4xx_HAL_Driver/Src/stm32f4xx_hal_rcc.o
                0x080059c0                HAL_RCC_ClockConfig
 .text.HAL_RCC_GetSysClockFreq
                0x08005b8c      0x20c ./Drivers/STM32F4xx_HAL_Driver/Src/stm32f4xx_hal_rcc.o
                0x08005b8c                HAL_RCC_GetSysClockFreq
 .text.HAL_RCC_GetHCLKFreq
                0x08005d98       0x18 ./Drivers/STM32F4xx_HAL_Driver/Src/stm32f4xx_hal_rcc.o
                0x08005d98                HAL_RCC_GetHCLKFreq
 .text.HAL_RCC_GetPCLK1Freq
                0x08005db0       0x28 ./Drivers/STM32F4xx_HAL_Driver/Src/stm32f4xx_hal_rcc.o
                0x08005db0                HAL_RCC_GetPCLK1Freq
 .text.HAL_RCC_GetPCLK2Freq
                0x08005dd8       0x28 ./Drivers/STM32F4xx_HAL_Driver/Src/stm32f4xx_hal_rcc.o
                0x08005dd8                HAL_RCC_GetPCLK2Freq
 .text.HAL_RCCEx_PeriphCLKConfig
                0x08005e00      0x1dc ./Drivers/STM32F4xx_HAL_Driver/Src/stm32f4xx_hal_rcc_ex.o
                0x08005e00                HAL_RCCEx_PeriphCLKConfig
 .text.HAL_RTC_Init
                0x08005fdc      0x106 ./Drivers/STM32F4xx_HAL_Driver/Src/stm32f4xx_hal_rtc.o
                0x08005fdc                HAL_RTC_Init
 .text.HAL_RTC_SetTime
                0x080060e2      0x134 ./Drivers/STM32F4xx_HAL_Driver/Src/stm32f4xx_hal_rtc.o
                0x080060e2                HAL_RTC_SetTime
 .text.HAL_RTC_SetDate
                0x08006216      0x108 ./Drivers/STM32F4xx_HAL_Driver/Src/stm32f4xx_hal_rtc.o
                0x08006216                HAL_RTC_SetDate
 *fill*         0x0800631e        0x2 
 .text.HAL_RTC_SetAlarm_IT
                0x08006320      0x288 ./Drivers/STM32F4xx_HAL_Driver/Src/stm32f4xx_hal_rtc.o
                0x08006320                HAL_RTC_SetAlarm_IT
 .text.HAL_RTC_GetAlarm
                0x080065a8      0x11e ./Drivers/STM32F4xx_HAL_Driver/Src/stm32f4xx_hal_rtc.o
                0x080065a8                HAL_RTC_GetAlarm
 *fill*         0x080066c6        0x2 
 .text.HAL_RTC_AlarmIRQHandler
                0x080066c8       0x8c ./Drivers/STM32F4xx_HAL_Driver/Src/stm32f4xx_hal_rtc.o
                0x080066c8                HAL_RTC_AlarmIRQHandler
 .text.HAL_RTC_WaitForSynchro
                0x08006754       0x4c ./Drivers/STM32F4xx_HAL_Driver/Src/stm32f4xx_hal_rtc.o
                0x08006754                HAL_RTC_WaitForSynchro
 .text.RTC_EnterInitMode
                0x080067a0       0x6e ./Drivers/STM32F4xx_HAL_Driver/Src/stm32f4xx_hal_rtc.o
                0x080067a0                RTC_EnterInitMode
 .text.RTC_ExitInitMode
                0x0800680e       0x4a ./Drivers/STM32F4xx_HAL_Driver/Src/stm32f4xx_hal_rtc.o
                0x0800680e                RTC_ExitInitMode
 .text.RTC_ByteToBcd2
                0x08006858       0x3c ./Drivers/STM32F4xx_HAL_Driver/Src/stm32f4xx_hal_rtc.o
                0x08006858                RTC_ByteToBcd2
 .text.RTC_Bcd2ToByte
                0x08006894       0x3c ./Drivers/STM32F4xx_HAL_Driver/Src/stm32f4xx_hal_rtc.o
                0x08006894                RTC_Bcd2ToByte
 .text.HAL_RTCEx_AlarmBEventCallback
                0x080068d0       0x14 ./Drivers/STM32F4xx_HAL_Driver/Src/stm32f4xx_hal_rtc_ex.o
                0x080068d0                HAL_RTCEx_AlarmBEventCallback
 .text.HAL_TIM_Base_Init
                0x080068e4       0x9e ./Drivers/STM32F4xx_HAL_Driver/Src/stm32f4xx_hal_tim.o
                0x080068e4                HAL_TIM_Base_Init
 *fill*         0x08006982        0x2 
 .text.TIM_Base_SetConfig
                0x08006984      0x118 ./Drivers/STM32F4xx_HAL_Driver/Src/stm32f4xx_hal_tim.o
                0x08006984                TIM_Base_SetConfig
 .text.HAL_UART_Init
                0x08006a9c       0xa0 ./Drivers/STM32F4xx_HAL_Driver/Src/stm32f4xx_hal_uart.o
                0x08006a9c                HAL_UART_Init
 .text.UART_SetConfig
                0x08006b3c      0x4e8 ./Drivers/STM32F4xx_HAL_Driver/Src/stm32f4xx_hal_uart.o
 .text.sprintf  0x08007024       0x40 C:/Users/takre_9xkzqg1/Downloads/Apps/STM32CubeIDE_1.16.1/STM32CubeIDE/plugins/com.st.stm32cube.ide.mcu.externaltools.gnu-tools-for-stm32.12.3.rel1.win32_1.0.200.202406191623/tools/bin/../lib/gcc/arm-none-eabi/12.3.1/../../../../arm-none-eabi/lib/thumb/v7e-m+fp/hard\libc_nano.a(libc_a-sprintf.o)
                0x08007024                siprintf
                0x08007024                sprintf
 .text.memset   0x08007064       0x10 C:/Users/takre_9xkzqg1/Downloads/Apps/STM32CubeIDE_1.16.1/STM32CubeIDE/plugins/com.st.stm32cube.ide.mcu.externaltools.gnu-tools-for-stm32.12.3.rel1.win32_1.0.200.202406191623/tools/bin/../lib/gcc/arm-none-eabi/12.3.1/../../../../arm-none-eabi/lib/thumb/v7e-m+fp/hard\libc_nano.a(libc_a-memset.o)
                0x08007064                memset
 .text.strncpy  0x08007074       0x26 C:/Users/takre_9xkzqg1/Downloads/Apps/STM32CubeIDE_1.16.1/STM32CubeIDE/plugins/com.st.stm32cube.ide.mcu.externaltools.gnu-tools-for-stm32.12.3.rel1.win32_1.0.200.202406191623/tools/bin/../lib/gcc/arm-none-eabi/12.3.1/../../../../arm-none-eabi/lib/thumb/v7e-m+fp/hard\libc_nano.a(libc_a-strncpy.o)
                0x08007074                strncpy
 *fill*         0x0800709a        0x2 
 .text.__errno  0x0800709c        0xc C:/Users/takre_9xkzqg1/Downloads/Apps/STM32CubeIDE_1.16.1/STM32CubeIDE/plugins/com.st.stm32cube.ide.mcu.externaltools.gnu-tools-for-stm32.12.3.rel1.win32_1.0.200.202406191623/tools/bin/../lib/gcc/arm-none-eabi/12.3.1/../../../../arm-none-eabi/lib/thumb/v7e-m+fp/hard\libc_nano.a(libc_a-errno.o)
                0x0800709c                __errno
 .text.__libc_init_array
                0x080070a8       0x48 C:/Users/takre_9xkzqg1/Downloads/Apps/STM32CubeIDE_1.16.1/STM32CubeIDE/plugins/com.st.stm32cube.ide.mcu.externaltools.gnu-tools-for-stm32.12.3.rel1.win32_1.0.200.202406191623/tools/bin/../lib/gcc/arm-none-eabi/12.3.1/../../../../arm-none-eabi/lib/thumb/v7e-m+fp/hard\libc_nano.a(libc_a-init.o)
                0x080070a8                __libc_init_array
 .text.__retarget_lock_acquire_recursive
                0x080070f0        0x2 C:/Users/takre_9xkzqg1/Downloads/Apps/STM32CubeIDE_1.16.1/STM32CubeIDE/plugins/com.st.stm32cube.ide.mcu.externaltools.gnu-tools-for-stm32.12.3.rel1.win32_1.0.200.202406191623/tools/bin/../lib/gcc/arm-none-eabi/12.3.1/../../../../arm-none-eabi/lib/thumb/v7e-m+fp/hard\libc_nano.a(libc_a-lock.o)
                0x080070f0                __retarget_lock_acquire_recursive
 .text.__retarget_lock_release_recursive
                0x080070f2        0x2 C:/Users/takre_9xkzqg1/Downloads/Apps/STM32CubeIDE_1.16.1/STM32CubeIDE/plugins/com.st.stm32cube.ide.mcu.externaltools.gnu-tools-for-stm32.12.3.rel1.win32_1.0.200.202406191623/tools/bin/../lib/gcc/arm-none-eabi/12.3.1/../../../../arm-none-eabi/lib/thumb/v7e-m+fp/hard\libc_nano.a(libc_a-lock.o)
                0x080070f2                __retarget_lock_release_recursive
 .text._free_r  0x080070f4       0x94 C:/Users/takre_9xkzqg1/Downloads/Apps/STM32CubeIDE_1.16.1/STM32CubeIDE/plugins/com.st.stm32cube.ide.mcu.externaltools.gnu-tools-for-stm32.12.3.rel1.win32_1.0.200.202406191623/tools/bin/../lib/gcc/arm-none-eabi/12.3.1/../../../../arm-none-eabi/lib/thumb/v7e-m+fp/hard\libc_nano.a(libc_a-freer.o)
                0x080070f4                _free_r
 .text.sbrk_aligned
                0x08007188       0x44 C:/Users/takre_9xkzqg1/Downloads/Apps/STM32CubeIDE_1.16.1/STM32CubeIDE/plugins/com.st.stm32cube.ide.mcu.externaltools.gnu-tools-for-stm32.12.3.rel1.win32_1.0.200.202406191623/tools/bin/../lib/gcc/arm-none-eabi/12.3.1/../../../../arm-none-eabi/lib/thumb/v7e-m+fp/hard\libc_nano.a(libc_a-mallocr.o)
 .text._malloc_r
                0x080071cc      0x100 C:/Users/takre_9xkzqg1/Downloads/Apps/STM32CubeIDE_1.16.1/STM32CubeIDE/plugins/com.st.stm32cube.ide.mcu.externaltools.gnu-tools-for-stm32.12.3.rel1.win32_1.0.200.202406191623/tools/bin/../lib/gcc/arm-none-eabi/12.3.1/../../../../arm-none-eabi/lib/thumb/v7e-m+fp/hard\libc_nano.a(libc_a-mallocr.o)
                0x080071cc                _malloc_r
 .text.__malloc_lock
                0x080072cc        0xc C:/Users/takre_9xkzqg1/Downloads/Apps/STM32CubeIDE_1.16.1/STM32CubeIDE/plugins/com.st.stm32cube.ide.mcu.externaltools.gnu-tools-for-stm32.12.3.rel1.win32_1.0.200.202406191623/tools/bin/../lib/gcc/arm-none-eabi/12.3.1/../../../../arm-none-eabi/lib/thumb/v7e-m+fp/hard\libc_nano.a(libc_a-mlock.o)
                0x080072cc                __malloc_lock
 .text.__malloc_unlock
                0x080072d8        0xc C:/Users/takre_9xkzqg1/Downloads/Apps/STM32CubeIDE_1.16.1/STM32CubeIDE/plugins/com.st.stm32cube.ide.mcu.externaltools.gnu-tools-for-stm32.12.3.rel1.win32_1.0.200.202406191623/tools/bin/../lib/gcc/arm-none-eabi/12.3.1/../../../../arm-none-eabi/lib/thumb/v7e-m+fp/hard\libc_nano.a(libc_a-mlock.o)
                0x080072d8                __malloc_unlock
 .text.__ssputs_r
                0x080072e4       0xb6 C:/Users/takre_9xkzqg1/Downloads/Apps/STM32CubeIDE_1.16.1/STM32CubeIDE/plugins/com.st.stm32cube.ide.mcu.externaltools.gnu-tools-for-stm32.12.3.rel1.win32_1.0.200.202406191623/tools/bin/../lib/gcc/arm-none-eabi/12.3.1/../../../../arm-none-eabi/lib/thumb/v7e-m+fp/hard\libc_nano.a(libc_a-nano-svfprintf.o)
                0x080072e4                __ssputs_r
 *fill*         0x0800739a        0x2 
 .text._svfprintf_r
                0x0800739c      0x1f8 C:/Users/takre_9xkzqg1/Downloads/Apps/STM32CubeIDE_1.16.1/STM32CubeIDE/plugins/com.st.stm32cube.ide.mcu.externaltools.gnu-tools-for-stm32.12.3.rel1.win32_1.0.200.202406191623/tools/bin/../lib/gcc/arm-none-eabi/12.3.1/../../../../arm-none-eabi/lib/thumb/v7e-m+fp/hard\libc_nano.a(libc_a-nano-svfprintf.o)
                0x0800739c                _svfiprintf_r
                0x0800739c                _svfprintf_r
 .text._printf_common
                0x08007594       0xda C:/Users/takre_9xkzqg1/Downloads/Apps/STM32CubeIDE_1.16.1/STM32CubeIDE/plugins/com.st.stm32cube.ide.mcu.externaltools.gnu-tools-for-stm32.12.3.rel1.win32_1.0.200.202406191623/tools/bin/../lib/gcc/arm-none-eabi/12.3.1/../../../../arm-none-eabi/lib/thumb/v7e-m+fp/hard\libc_nano.a(libc_a-nano-vfprintf_i.o)
                0x08007594                _printf_common
 *fill*         0x0800766e        0x2 
 .text._printf_i
                0x08007670      0x240 C:/Users/takre_9xkzqg1/Downloads/Apps/STM32CubeIDE_1.16.1/STM32CubeIDE/plugins/com.st.stm32cube.ide.mcu.externaltools.gnu-tools-for-stm32.12.3.rel1.win32_1.0.200.202406191623/tools/bin/../lib/gcc/arm-none-eabi/12.3.1/../../../../arm-none-eabi/lib/thumb/v7e-m+fp/hard\libc_nano.a(libc_a-nano-vfprintf_i.o)
                0x08007670                _printf_i
 .text.memmove  0x080078b0       0x34 C:/Users/takre_9xkzqg1/Downloads/Apps/STM32CubeIDE_1.16.1/STM32CubeIDE/plugins/com.st.stm32cube.ide.mcu.externaltools.gnu-tools-for-stm32.12.3.rel1.win32_1.0.200.202406191623/tools/bin/../lib/gcc/arm-none-eabi/12.3.1/../../../../arm-none-eabi/lib/thumb/v7e-m+fp/hard\libc_nano.a(libc_a-memmove.o)
                0x080078b0                memmove
 .text._sbrk_r  0x080078e4       0x20 C:/Users/takre_9xkzqg1/Downloads/Apps/STM32CubeIDE_1.16.1/STM32CubeIDE/plugins/com.st.stm32cube.ide.mcu.externaltools.gnu-tools-for-stm32.12.3.rel1.win32_1.0.200.202406191623/tools/bin/../lib/gcc/arm-none-eabi/12.3.1/../../../../arm-none-eabi/lib/thumb/v7e-m+fp/hard\libc_nano.a(libc_a-sbrkr.o)
                0x080078e4                _sbrk_r
 .text.memcpy   0x08007904       0x1c C:/Users/takre_9xkzqg1/Downloads/Apps/STM32CubeIDE_1.16.1/STM32CubeIDE/plugins/com.st.stm32cube.ide.mcu.externaltools.gnu-tools-for-stm32.12.3.rel1.win32_1.0.200.202406191623/tools/bin/../lib/gcc/arm-none-eabi/12.3.1/../../../../arm-none-eabi/lib/thumb/v7e-m+fp/hard\libc_nano.a(libc_a-memcpy-stub.o)
                0x08007904                memcpy
 .text._realloc_r
                0x08007920       0x5c C:/Users/takre_9xkzqg1/Downloads/Apps/STM32CubeIDE_1.16.1/STM32CubeIDE/plugins/com.st.stm32cube.ide.mcu.externaltools.gnu-tools-for-stm32.12.3.rel1.win32_1.0.200.202406191623/tools/bin/../lib/gcc/arm-none-eabi/12.3.1/../../../../arm-none-eabi/lib/thumb/v7e-m+fp/hard\libc_nano.a(libc_a-reallocr.o)
                0x08007920                _realloc_r
 .text._malloc_usable_size_r
                0x0800797c       0x10 C:/Users/takre_9xkzqg1/Downloads/Apps/STM32CubeIDE_1.16.1/STM32CubeIDE/plugins/com.st.stm32cube.ide.mcu.externaltools.gnu-tools-for-stm32.12.3.rel1.win32_1.0.200.202406191623/tools/bin/../lib/gcc/arm-none-eabi/12.3.1/../../../../arm-none-eabi/lib/thumb/v7e-m+fp/hard\libc_nano.a(libc_a-msizer.o)
                0x0800797c                _malloc_usable_size_r
 .text.pow      0x0800798c       0xe0 C:/Users/takre_9xkzqg1/Downloads/Apps/STM32CubeIDE_1.16.1/STM32CubeIDE/plugins/com.st.stm32cube.ide.mcu.externaltools.gnu-tools-for-stm32.12.3.rel1.win32_1.0.200.202406191623/tools/bin/../lib/gcc/arm-none-eabi/12.3.1/../../../../arm-none-eabi/lib/thumb/v7e-m+fp/hard\libm.a(libm_a-w_pow.o)
                0x0800798c                pow
 .text.finite   0x08007a6c       0x16 C:/Users/takre_9xkzqg1/Downloads/Apps/STM32CubeIDE_1.16.1/STM32CubeIDE/plugins/com.st.stm32cube.ide.mcu.externaltools.gnu-tools-for-stm32.12.3.rel1.win32_1.0.200.202406191623/tools/bin/../lib/gcc/arm-none-eabi/12.3.1/../../../../arm-none-eabi/lib/thumb/v7e-m+fp/hard\libm.a(libm_a-s_finite.o)
                0x08007a6c                finite
 *fill*         0x08007a82        0x6 
 .text.__ieee754_pow
                0x08007a88      0xa88 C:/Users/takre_9xkzqg1/Downloads/Apps/STM32CubeIDE_1.16.1/STM32CubeIDE/plugins/com.st.stm32cube.ide.mcu.externaltools.gnu-tools-for-stm32.12.3.rel1.win32_1.0.200.202406191623/tools/bin/../lib/gcc/arm-none-eabi/12.3.1/../../../../arm-none-eabi/lib/thumb/v7e-m+fp/hard\libm.a(libm_a-e_pow.o)
                0x08007a88                __ieee754_pow
 .text.fabs     0x08008510       0x10 C:/Users/takre_9xkzqg1/Downloads/Apps/STM32CubeIDE_1.16.1/STM32CubeIDE/plugins/com.st.stm32cube.ide.mcu.externaltools.gnu-tools-for-stm32.12.3.rel1.win32_1.0.200.202406191623/tools/bin/../lib/gcc/arm-none-eabi/12.3.1/../../../../arm-none-eabi/lib/thumb/v7e-m+fp/hard\libm.a(libm_a-s_fabs.o)
                0x08008510                fabs
 .text.scalbn   0x08008520       0xfc C:/Users/takre_9xkzqg1/Downloads/Apps/STM32CubeIDE_1.16.1/STM32CubeIDE/plugins/com.st.stm32cube.ide.mcu.externaltools.gnu-tools-for-stm32.12.3.rel1.win32_1.0.200.202406191623/tools/bin/../lib/gcc/arm-none-eabi/12.3.1/../../../../arm-none-eabi/lib/thumb/v7e-m+fp/hard\libm.a(libm_a-s_scalbn.o)
                0x08008520                scalbn
 .text.with_errno
                0x0800861c       0x24 C:/Users/takre_9xkzqg1/Downloads/Apps/STM32CubeIDE_1.16.1/STM32CubeIDE/plugins/com.st.stm32cube.ide.mcu.externaltools.gnu-tools-for-stm32.12.3.rel1.win32_1.0.200.202406191623/tools/bin/../lib/gcc/arm-none-eabi/12.3.1/../../../../arm-none-eabi/lib/thumb/v7e-m+fp/hard\libm.a(libm_a-math_err.o)
 .text.xflow    0x08008640       0x32 C:/Users/takre_9xkzqg1/Downloads/Apps/STM32CubeIDE_1.16.1/STM32CubeIDE/plugins/com.st.stm32cube.ide.mcu.externaltools.gnu-tools-for-stm32.12.3.rel1.win32_1.0.200.202406191623/tools/bin/../lib/gcc/arm-none-eabi/12.3.1/../../../../arm-none-eabi/lib/thumb/v7e-m+fp/hard\libm.a(libm_a-math_err.o)
 *fill*         0x08008672        0x6 
 .text.__math_uflow
                0x08008678       0x10 C:/Users/takre_9xkzqg1/Downloads/Apps/STM32CubeIDE_1.16.1/STM32CubeIDE/plugins/com.st.stm32cube.ide.mcu.externaltools.gnu-tools-for-stm32.12.3.rel1.win32_1.0.200.202406191623/tools/bin/../lib/gcc/arm-none-eabi/12.3.1/../../../../arm-none-eabi/lib/thumb/v7e-m+fp/hard\libm.a(libm_a-math_err.o)
                0x08008678                __math_uflow
 .text.__math_oflow
                0x08008688       0x10 C:/Users/takre_9xkzqg1/Downloads/Apps/STM32CubeIDE_1.16.1/STM32CubeIDE/plugins/com.st.stm32cube.ide.mcu.externaltools.gnu-tools-for-stm32.12.3.rel1.win32_1.0.200.202406191623/tools/bin/../lib/gcc/arm-none-eabi/12.3.1/../../../../arm-none-eabi/lib/thumb/v7e-m+fp/hard\libm.a(libm_a-math_err.o)
                0x08008688                __math_oflow
 .text.__ieee754_sqrt
                0x08008698      0x1b4 C:/Users/takre_9xkzqg1/Downloads/Apps/STM32CubeIDE_1.16.1/STM32CubeIDE/plugins/com.st.stm32cube.ide.mcu.externaltools.gnu-tools-for-stm32.12.3.rel1.win32_1.0.200.202406191623/tools/bin/../lib/gcc/arm-none-eabi/12.3.1/../../../../arm-none-eabi/lib/thumb/v7e-m+fp/hard\libm.a(libm_a-e_sqrt.o)
                0x08008698                __ieee754_sqrt
 *(.glue_7)
 .glue_7        0x0800884c        0x0 linker stubs
 *(.glue_7t)
 .glue_7t       0x0800884c        0x0 linker stubs
 *(.eh_frame)
 .eh_frame      0x0800884c        0x0 C:/Users/takre_9xkzqg1/Downloads/Apps/STM32CubeIDE_1.16.1/STM32CubeIDE/plugins/com.st.stm32cube.ide.mcu.externaltools.gnu-tools-for-stm32.12.3.rel1.win32_1.0.200.202406191623/tools/bin/../lib/gcc/arm-none-eabi/12.3.1/thumb/v7e-m+fp/hard/crtbegin.o
 *(.init)
 .init          0x0800884c        0x4 C:/Users/takre_9xkzqg1/Downloads/Apps/STM32CubeIDE_1.16.1/STM32CubeIDE/plugins/com.st.stm32cube.ide.mcu.externaltools.gnu-tools-for-stm32.12.3.rel1.win32_1.0.200.202406191623/tools/bin/../lib/gcc/arm-none-eabi/12.3.1/thumb/v7e-m+fp/hard/crti.o
                0x0800884c                _init
 .init          0x08008850        0x8 C:/Users/takre_9xkzqg1/Downloads/Apps/STM32CubeIDE_1.16.1/STM32CubeIDE/plugins/com.st.stm32cube.ide.mcu.externaltools.gnu-tools-for-stm32.12.3.rel1.win32_1.0.200.202406191623/tools/bin/../lib/gcc/arm-none-eabi/12.3.1/thumb/v7e-m+fp/hard/crtn.o
 *(.fini)
 .fini          0x08008858        0x4 C:/Users/takre_9xkzqg1/Downloads/Apps/STM32CubeIDE_1.16.1/STM32CubeIDE/plugins/com.st.stm32cube.ide.mcu.externaltools.gnu-tools-for-stm32.12.3.rel1.win32_1.0.200.202406191623/tools/bin/../lib/gcc/arm-none-eabi/12.3.1/thumb/v7e-m+fp/hard/crti.o
                0x08008858                _fini
 .fini          0x0800885c        0x8 C:/Users/takre_9xkzqg1/Downloads/Apps/STM32CubeIDE_1.16.1/STM32CubeIDE/plugins/com.st.stm32cube.ide.mcu.externaltools.gnu-tools-for-stm32.12.3.rel1.win32_1.0.200.202406191623/tools/bin/../lib/gcc/arm-none-eabi/12.3.1/thumb/v7e-m+fp/hard/crtn.o
                0x08008864                        . = ALIGN (0x4)
                0x08008864                        _etext = .

.vfp11_veneer   0x08008864        0x0
 .vfp11_veneer  0x08008864        0x0 linker stubs

.v4_bx          0x08008864        0x0
 .v4_bx         0x08008864        0x0 linker stubs

.iplt           0x08008864        0x0
 .iplt          0x08008864        0x0 C:/Users/takre_9xkzqg1/Downloads/Apps/STM32CubeIDE_1.16.1/STM32CubeIDE/plugins/com.st.stm32cube.ide.mcu.externaltools.gnu-tools-for-stm32.12.3.rel1.win32_1.0.200.202406191623/tools/bin/../lib/gcc/arm-none-eabi/12.3.1/thumb/v7e-m+fp/hard/crtbegin.o

.rodata         0x08008868      0x250
                0x08008868                        . = ALIGN (0x4)
 *(.rodata)
 .rodata        0x08008868       0x13 ./Core/Src/liquidcrystal_i2c.o
 *fill*         0x0800887b        0x1 
 .rodata        0x0800887c       0xfe ./Core/Src/setup.o
 *fill*         0x0800897a        0x2 
 .rodata        0x0800897c       0xba ./Core/Src/user_interaction.o
 *(.rodata*)
 *fill*         0x08008a36        0x2 
 .rodata.DRY_ADC_LEVEL
                0x08008a38        0x4 ./Core/Src/setup.o
                0x08008a38                DRY_ADC_LEVEL
 .rodata.AHBPrescTable
                0x08008a3c       0x10 ./Core/Src/system_stm32f4xx.o
                0x08008a3c                AHBPrescTable
 .rodata.APBPrescTable
                0x08008a4c        0x8 ./Core/Src/system_stm32f4xx.o
                0x08008a4c                APBPrescTable
 .rodata._svfprintf_r.str1.1
                0x08008a54       0x11 C:/Users/takre_9xkzqg1/Downloads/Apps/STM32CubeIDE_1.16.1/STM32CubeIDE/plugins/com.st.stm32cube.ide.mcu.externaltools.gnu-tools-for-stm32.12.3.rel1.win32_1.0.200.202406191623/tools/bin/../lib/gcc/arm-none-eabi/12.3.1/../../../../arm-none-eabi/lib/thumb/v7e-m+fp/hard\libc_nano.a(libc_a-nano-svfprintf.o)
 .rodata._printf_i.str1.1
                0x08008a65       0x22 C:/Users/takre_9xkzqg1/Downloads/Apps/STM32CubeIDE_1.16.1/STM32CubeIDE/plugins/com.st.stm32cube.ide.mcu.externaltools.gnu-tools-for-stm32.12.3.rel1.win32_1.0.200.202406191623/tools/bin/../lib/gcc/arm-none-eabi/12.3.1/../../../../arm-none-eabi/lib/thumb/v7e-m+fp/hard\libc_nano.a(libc_a-nano-vfprintf_i.o)
 *fill*         0x08008a87        0x1 
 .rodata.dp_l   0x08008a88       0x10 C:/Users/takre_9xkzqg1/Downloads/Apps/STM32CubeIDE_1.16.1/STM32CubeIDE/plugins/com.st.stm32cube.ide.mcu.externaltools.gnu-tools-for-stm32.12.3.rel1.win32_1.0.200.202406191623/tools/bin/../lib/gcc/arm-none-eabi/12.3.1/../../../../arm-none-eabi/lib/thumb/v7e-m+fp/hard\libm.a(libm_a-e_pow.o)
 .rodata.dp_h   0x08008a98       0x10 C:/Users/takre_9xkzqg1/Downloads/Apps/STM32CubeIDE_1.16.1/STM32CubeIDE/plugins/com.st.stm32cube.ide.mcu.externaltools.gnu-tools-for-stm32.12.3.rel1.win32_1.0.200.202406191623/tools/bin/../lib/gcc/arm-none-eabi/12.3.1/../../../../arm-none-eabi/lib/thumb/v7e-m+fp/hard\libm.a(libm_a-e_pow.o)
 .rodata.bp     0x08008aa8       0x10 C:/Users/takre_9xkzqg1/Downloads/Apps/STM32CubeIDE_1.16.1/STM32CubeIDE/plugins/com.st.stm32cube.ide.mcu.externaltools.gnu-tools-for-stm32.12.3.rel1.win32_1.0.200.202406191623/tools/bin/../lib/gcc/arm-none-eabi/12.3.1/../../../../arm-none-eabi/lib/thumb/v7e-m+fp/hard\libm.a(libm_a-e_pow.o)
                0x08008ab8                        . = ALIGN (0x4)

.ARM.extab      0x08008ab8        0x0
                0x08008ab8                        . = ALIGN (0x4)
 *(.ARM.extab* .gnu.linkonce.armextab.*)
                0x08008ab8                        . = ALIGN (0x4)

.ARM            0x08008ab8        0x8
                0x08008ab8                        . = ALIGN (0x4)
                0x08008ab8                        __exidx_start = .
 *(.ARM.exidx*)
 .ARM.exidx     0x08008ab8        0x8 C:/Users/takre_9xkzqg1/Downloads/Apps/STM32CubeIDE_1.16.1/STM32CubeIDE/plugins/com.st.stm32cube.ide.mcu.externaltools.gnu-tools-for-stm32.12.3.rel1.win32_1.0.200.202406191623/tools/bin/../lib/gcc/arm-none-eabi/12.3.1/../../../../arm-none-eabi/lib/thumb/v7e-m+fp/hard\libc_nano.a(libc_a-strcmp.o)
 .ARM.exidx     0x08008ac0        0x0 C:/Users/takre_9xkzqg1/Downloads/Apps/STM32CubeIDE_1.16.1/STM32CubeIDE/plugins/com.st.stm32cube.ide.mcu.externaltools.gnu-tools-for-stm32.12.3.rel1.win32_1.0.200.202406191623/tools/bin/../lib/gcc/arm-none-eabi/12.3.1/../../../../arm-none-eabi/lib/thumb/v7e-m+fp/hard\libc_nano.a(libc_a-memchr.o)
                                  0x8 (size before relaxing)
 .ARM.exidx     0x08008ac0        0x0 C:/Users/takre_9xkzqg1/Downloads/Apps/STM32CubeIDE_1.16.1/STM32CubeIDE/plugins/com.st.stm32cube.ide.mcu.externaltools.gnu-tools-for-stm32.12.3.rel1.win32_1.0.200.202406191623/tools/bin/../lib/gcc/arm-none-eabi/12.3.1/thumb/v7e-m+fp/hard\libgcc.a(_udivmoddi4.o)
                                  0x8 (size before relaxing)
                0x08008ac0                        __exidx_end = .
                0x08008ac0                        . = ALIGN (0x4)

.preinit_array  0x08008ac0        0x0
                0x08008ac0                        . = ALIGN (0x4)
                0x08008ac0                        PROVIDE (__preinit_array_start = .)
 *(.preinit_array*)
                0x08008ac0                        PROVIDE (__preinit_array_end = .)
                0x08008ac0                        . = ALIGN (0x4)

.init_array     0x08008ac0        0x4
                0x08008ac0                        . = ALIGN (0x4)
                0x08008ac0                        PROVIDE (__init_array_start = .)
 *(SORT_BY_NAME(.init_array.*))
 *(.init_array*)
 .init_array    0x08008ac0        0x4 C:/Users/takre_9xkzqg1/Downloads/Apps/STM32CubeIDE_1.16.1/STM32CubeIDE/plugins/com.st.stm32cube.ide.mcu.externaltools.gnu-tools-for-stm32.12.3.rel1.win32_1.0.200.202406191623/tools/bin/../lib/gcc/arm-none-eabi/12.3.1/thumb/v7e-m+fp/hard/crtbegin.o
                0x08008ac4                        PROVIDE (__init_array_end = .)
                0x08008ac4                        . = ALIGN (0x4)

.fini_array     0x08008ac4        0x4
                0x08008ac4                        . = ALIGN (0x4)
                [!provide]                        PROVIDE (__fini_array_start = .)
 *(SORT_BY_NAME(.fini_array.*))
 *(.fini_array*)
 .fini_array    0x08008ac4        0x4 C:/Users/takre_9xkzqg1/Downloads/Apps/STM32CubeIDE_1.16.1/STM32CubeIDE/plugins/com.st.stm32cube.ide.mcu.externaltools.gnu-tools-for-stm32.12.3.rel1.win32_1.0.200.202406191623/tools/bin/../lib/gcc/arm-none-eabi/12.3.1/thumb/v7e-m+fp/hard/crtbegin.o
                [!provide]                        PROVIDE (__fini_array_end = .)
                0x08008ac8                        . = ALIGN (0x4)
                0x08008ac8                        _sidata = LOADADDR (.data)

.rel.dyn        0x08008ac8        0x0
 .rel.iplt      0x08008ac8        0x0 C:/Users/takre_9xkzqg1/Downloads/Apps/STM32CubeIDE_1.16.1/STM32CubeIDE/plugins/com.st.stm32cube.ide.mcu.externaltools.gnu-tools-for-stm32.12.3.rel1.win32_1.0.200.202406191623/tools/bin/../lib/gcc/arm-none-eabi/12.3.1/thumb/v7e-m+fp/hard/crtbegin.o

.data           0x20000000      0x150 load address 0x08008ac8
                0x20000000                        . = ALIGN (0x4)
                0x20000000                        _sdata = .
 *(.data)
 *(.data*)
 .data.ADC_Channels
                0x20000000       0x14 ./Core/Src/adc.o
                0x20000000                ADC_Channels
 .data.special1
                0x20000014        0x8 ./Core/Src/liquidcrystal_i2c.o
                0x20000014                special1
 .data.special2
                0x2000001c        0x8 ./Core/Src/liquidcrystal_i2c.o
                0x2000001c                special2
 .data.special3
                0x20000024        0x8 ./Core/Src/liquidcrystal_i2c.o
                0x20000024                special3
 .data.flower   0x2000002c       0x18 ./Core/Src/plant_database.o
                0x2000002c                flower
 .data.tree     0x20000044       0x18 ./Core/Src/plant_database.o
                0x20000044                tree
 .data.succulent
                0x2000005c       0x18 ./Core/Src/plant_database.o
                0x2000005c                succulent
 .data.plant_list
                0x20000074        0xc ./Core/Src/plant_database.o
                0x20000074                plant_list
 .data.user_selected_plant
                0x20000080       0x18 ./Core/Src/setup.o
                0x20000080                user_selected_plant
 .data.flags    0x20000098       0x14 ./Core/Src/setup.o
                0x20000098                flags
 .data.SystemCoreClock
                0x200000ac        0x4 ./Core/Src/system_stm32f4xx.o
                0x200000ac                SystemCoreClock
 .data.display_is_on
                0x200000b0        0x1 ./Core/Src/user_interaction.o
                0x200000b0                display_is_on
 *fill*         0x200000b1        0x3 
 .data.alert_array
                0x200000b4       0x30 ./Core/Src/user_interaction.o
                0x200000b4                alert_array
 .data.uwTickPrio
                0x200000e4        0x4 ./Drivers/STM32F4xx_HAL_Driver/Src/stm32f4xx_hal.o
                0x200000e4                uwTickPrio
 .data.uwTickFreq
                0x200000e8        0x1 ./Drivers/STM32F4xx_HAL_Driver/Src/stm32f4xx_hal.o
                0x200000e8                uwTickFreq
 *fill*         0x200000e9        0x3 
 .data._impure_ptr
                0x200000ec        0x4 C:/Users/takre_9xkzqg1/Downloads/Apps/STM32CubeIDE_1.16.1/STM32CubeIDE/plugins/com.st.stm32cube.ide.mcu.externaltools.gnu-tools-for-stm32.12.3.rel1.win32_1.0.200.202406191623/tools/bin/../lib/gcc/arm-none-eabi/12.3.1/../../../../arm-none-eabi/lib/thumb/v7e-m+fp/hard\libc_nano.a(libc_a-impure.o)
                0x200000ec                _impure_ptr
 .data._impure_data
                0x200000f0       0x4c C:/Users/takre_9xkzqg1/Downloads/Apps/STM32CubeIDE_1.16.1/STM32CubeIDE/plugins/com.st.stm32cube.ide.mcu.externaltools.gnu-tools-for-stm32.12.3.rel1.win32_1.0.200.202406191623/tools/bin/../lib/gcc/arm-none-eabi/12.3.1/../../../../arm-none-eabi/lib/thumb/v7e-m+fp/hard\libc_nano.a(libc_a-impure.o)
                0x200000f0                _impure_data
 *fill*         0x2000013c        0x4 
 .data.tiny     0x20000140        0x8 C:/Users/takre_9xkzqg1/Downloads/Apps/STM32CubeIDE_1.16.1/STM32CubeIDE/plugins/com.st.stm32cube.ide.mcu.externaltools.gnu-tools-for-stm32.12.3.rel1.win32_1.0.200.202406191623/tools/bin/../lib/gcc/arm-none-eabi/12.3.1/../../../../arm-none-eabi/lib/thumb/v7e-m+fp/hard\libm.a(libm_a-e_sqrt.o)
 .data.one      0x20000148        0x8 C:/Users/takre_9xkzqg1/Downloads/Apps/STM32CubeIDE_1.16.1/STM32CubeIDE/plugins/com.st.stm32cube.ide.mcu.externaltools.gnu-tools-for-stm32.12.3.rel1.win32_1.0.200.202406191623/tools/bin/../lib/gcc/arm-none-eabi/12.3.1/../../../../arm-none-eabi/lib/thumb/v7e-m+fp/hard\libm.a(libm_a-e_sqrt.o)
 *(.RamFunc)
 *(.RamFunc*)
                0x20000150                        . = ALIGN (0x4)
                0x20000150                        _edata = .

.igot.plt       0x20000150        0x0 load address 0x08008c18
 .igot.plt      0x20000150        0x0 C:/Users/takre_9xkzqg1/Downloads/Apps/STM32CubeIDE_1.16.1/STM32CubeIDE/plugins/com.st.stm32cube.ide.mcu.externaltools.gnu-tools-for-stm32.12.3.rel1.win32_1.0.200.202406191623/tools/bin/../lib/gcc/arm-none-eabi/12.3.1/thumb/v7e-m+fp/hard/crtbegin.o
                0x20000150                        . = ALIGN (0x4)

.bss            0x20000150      0x600 load address 0x08008c18
                0x20000150                        _sbss = .
                0x20000150                        __bss_start__ = _sbss
 *(.bss)
 .bss           0x20000150       0x1c C:/Users/takre_9xkzqg1/Downloads/Apps/STM32CubeIDE_1.16.1/STM32CubeIDE/plugins/com.st.stm32cube.ide.mcu.externaltools.gnu-tools-for-stm32.12.3.rel1.win32_1.0.200.202406191623/tools/bin/../lib/gcc/arm-none-eabi/12.3.1/thumb/v7e-m+fp/hard/crtbegin.o
 *(.bss*)
 .bss.ADC_CH_Cfg
                0x2000016c       0x10 ./Core/Src/adc.o
                0x2000016c                ADC_CH_Cfg
 .bss.light_int_24_hrs
                0x2000017c      0x240 ./Core/Src/light_sensor.o
                0x2000017c                light_int_24_hrs
 .bss.daily_max_ints
                0x200003bc        0xc ./Core/Src/light_sensor.o
                0x200003bc                daily_max_ints
 .bss.light_24h_counter
                0x200003c8        0x4 ./Core/Src/light_sensor.o
                0x200003c8                light_24h_counter
 .bss.dpFunction
                0x200003cc        0x1 ./Core/Src/liquidcrystal_i2c.o
                0x200003cc                dpFunction
 .bss.dpControl
                0x200003cd        0x1 ./Core/Src/liquidcrystal_i2c.o
                0x200003cd                dpControl
 .bss.dpMode    0x200003ce        0x1 ./Core/Src/liquidcrystal_i2c.o
                0x200003ce                dpMode
 .bss.dpRows    0x200003cf        0x1 ./Core/Src/liquidcrystal_i2c.o
                0x200003cf                dpRows
 .bss.dpBacklight
                0x200003d0        0x1 ./Core/Src/liquidcrystal_i2c.o
                0x200003d0                dpBacklight
 *fill*         0x200003d1        0x3 
 .bss.line1     0x200003d4       0x11 ./Core/Src/liquidcrystal_i2c.o
                0x200003d4                line1
 *fill*         0x200003e5        0x3 
 .bss.line2     0x200003e8       0x11 ./Core/Src/liquidcrystal_i2c.o
                0x200003e8                line2
 *fill*         0x200003f9        0x3 
 .bss.hadc1     0x200003fc       0x48 ./Core/Src/main.o
                0x200003fc                hadc1
 .bss.hi2c1     0x20000444       0x54 ./Core/Src/main.o
                0x20000444                hi2c1
 .bss.hi2c3     0x20000498       0x54 ./Core/Src/main.o
                0x20000498                hi2c3
 .bss.hrtc      0x200004ec       0x20 ./Core/Src/main.o
                0x200004ec                hrtc
 .bss.htim10    0x2000050c       0x48 ./Core/Src/main.o
                0x2000050c                htim10
 .bss.huart2    0x20000554       0x48 ./Core/Src/main.o
                0x20000554                huart2
 .bss.veml      0x2000059c        0x8 ./Core/Src/main.o
                0x2000059c                veml
 .bss.last_interrupt_time.0
                0x200005a4        0x4 ./Core/Src/main.o
 .bss.moisture_sensor_readings
                0x200005a8        0x4 ./Core/Src/moisture_sensor.o
                0x200005a8                moisture_sensor_readings
 .bss.calibrated_wet_level
                0x200005ac        0x2 ./Core/Src/setup.o
                0x200005ac                calibrated_wet_level
 .bss.pot_depth
                0x200005ae        0x2 ./Core/Src/setup.o
                0x200005ae                pot_depth
 .bss.rtc_flag  0x200005b0        0x4 ./Core/Src/setup.o
                0x200005b0                rtc_flag
 .bss.flag_1    0x200005b4        0x4 ./Core/Src/setup.o
                0x200005b4                flag_1
 .bss.flag_2    0x200005b8        0x4 ./Core/Src/setup.o
                0x200005b8                flag_2
 .bss.flag_3    0x200005bc        0x4 ./Core/Src/setup.o
                0x200005bc                flag_3
 .bss.flag_4    0x200005c0        0x4 ./Core/Src/setup.o
                0x200005c0                flag_4
 .bss.__sbrk_heap_end
                0x200005c4        0x4 ./Core/Src/sysmem.o
 .bss.temp_1_hr
                0x200005c8        0xc ./Core/Src/temp_rh_sensor.o
                0x200005c8                temp_1_hr
 .bss.rh_1_hr   0x200005d4        0xc ./Core/Src/temp_rh_sensor.o
                0x200005d4                rh_1_hr
 .bss.dht_data  0x200005e0        0x8 ./Core/Src/temp_rh_sensor.o
                0x200005e0                dht_data
 .bss.trh_index.0
                0x200005e8        0x2 ./Core/Src/temp_rh_sensor.o
 .bss.A_more_light
                0x200005ea        0x2 ./Core/Src/user_interaction.o
                0x200005ea                A_more_light
 .bss.A_less_light
                0x200005ec        0x2 ./Core/Src/user_interaction.o
                0x200005ec                A_less_light
 .bss.A_brighter
                0x200005ee        0x2 ./Core/Src/user_interaction.o
                0x200005ee                A_brighter
 .bss.A_darker  0x200005f0        0x2 ./Core/Src/user_interaction.o
                0x200005f0                A_darker
 .bss.A_too_hot
                0x200005f2        0x2 ./Core/Src/user_interaction.o
                0x200005f2                A_too_hot
 .bss.A_too_cold
                0x200005f4        0x2 ./Core/Src/user_interaction.o
                0x200005f4                A_too_cold
 .bss.A_too_humid
                0x200005f6        0x2 ./Core/Src/user_interaction.o
                0x200005f6                A_too_humid
 .bss.A_too_dry
                0x200005f8        0x2 ./Core/Src/user_interaction.o
                0x200005f8                A_too_dry
 .bss.A_water   0x200005fa        0x2 ./Core/Src/user_interaction.o
                0x200005fa                A_water
 .bss.A_fertilize
                0x200005fc        0x2 ./Core/Src/user_interaction.o
                0x200005fc                A_fertilize
 .bss.A_dust    0x200005fe        0x2 ./Core/Src/user_interaction.o
                0x200005fe                A_dust
 .bss.A_low_battery
                0x20000600        0x2 ./Core/Src/user_interaction.o
                0x20000600                A_low_battery
 *fill*         0x20000602        0x2 
 .bss.uwTick    0x20000604        0x4 ./Drivers/STM32F4xx_HAL_Driver/Src/stm32f4xx_hal.o
                0x20000604                uwTick
 .bss.__sf      0x20000608      0x138 C:/Users/takre_9xkzqg1/Downloads/Apps/STM32CubeIDE_1.16.1/STM32CubeIDE/plugins/com.st.stm32cube.ide.mcu.externaltools.gnu-tools-for-stm32.12.3.rel1.win32_1.0.200.202406191623/tools/bin/../lib/gcc/arm-none-eabi/12.3.1/../../../../arm-none-eabi/lib/thumb/v7e-m+fp/hard\libc_nano.a(libc_a-findfp.o)
                0x20000608                __sf
 .bss.errno     0x20000740        0x4 C:/Users/takre_9xkzqg1/Downloads/Apps/STM32CubeIDE_1.16.1/STM32CubeIDE/plugins/com.st.stm32cube.ide.mcu.externaltools.gnu-tools-for-stm32.12.3.rel1.win32_1.0.200.202406191623/tools/bin/../lib/gcc/arm-none-eabi/12.3.1/../../../../arm-none-eabi/lib/thumb/v7e-m+fp/hard\libc_nano.a(libc_a-reent.o)
                0x20000740                errno
 .bss.__lock___malloc_recursive_mutex
                0x20000744        0x1 C:/Users/takre_9xkzqg1/Downloads/Apps/STM32CubeIDE_1.16.1/STM32CubeIDE/plugins/com.st.stm32cube.ide.mcu.externaltools.gnu-tools-for-stm32.12.3.rel1.win32_1.0.200.202406191623/tools/bin/../lib/gcc/arm-none-eabi/12.3.1/../../../../arm-none-eabi/lib/thumb/v7e-m+fp/hard\libc_nano.a(libc_a-lock.o)
                0x20000744                __lock___malloc_recursive_mutex
 *fill*         0x20000745        0x3 
 .bss.__malloc_sbrk_start
                0x20000748        0x4 C:/Users/takre_9xkzqg1/Downloads/Apps/STM32CubeIDE_1.16.1/STM32CubeIDE/plugins/com.st.stm32cube.ide.mcu.externaltools.gnu-tools-for-stm32.12.3.rel1.win32_1.0.200.202406191623/tools/bin/../lib/gcc/arm-none-eabi/12.3.1/../../../../arm-none-eabi/lib/thumb/v7e-m+fp/hard\libc_nano.a(libc_a-mallocr.o)
                0x20000748                __malloc_sbrk_start
 .bss.__malloc_free_list
                0x2000074c        0x4 C:/Users/takre_9xkzqg1/Downloads/Apps/STM32CubeIDE_1.16.1/STM32CubeIDE/plugins/com.st.stm32cube.ide.mcu.externaltools.gnu-tools-for-stm32.12.3.rel1.win32_1.0.200.202406191623/tools/bin/../lib/gcc/arm-none-eabi/12.3.1/../../../../arm-none-eabi/lib/thumb/v7e-m+fp/hard\libc_nano.a(libc_a-mallocr.o)
                0x2000074c                __malloc_free_list
 *(COMMON)
                0x20000750                        . = ALIGN (0x4)
                0x20000750                        _ebss = .
                0x20000750                        __bss_end__ = _ebss

._user_heap_stack
                0x20000750      0x600 load address 0x08008c18
                0x20000750                        . = ALIGN (0x8)
                [!provide]                        PROVIDE (end = .)
                0x20000750                        PROVIDE (_end = .)
                0x20000950                        . = (. + _Min_Heap_Size)
 *fill*         0x20000750      0x200 
                0x20000d50                        . = (. + _Min_Stack_Size)
 *fill*         0x20000950      0x400 
                0x20000d50                        . = ALIGN (0x8)

/DISCARD/
 libc.a(*)
 libm.a(*)
 libgcc.a(*)

.ARM.attributes
                0x00000000       0x30
 *(.ARM.attributes)
 .ARM.attributes
                0x00000000       0x22 C:/Users/takre_9xkzqg1/Downloads/Apps/STM32CubeIDE_1.16.1/STM32CubeIDE/plugins/com.st.stm32cube.ide.mcu.externaltools.gnu-tools-for-stm32.12.3.rel1.win32_1.0.200.202406191623/tools/bin/../lib/gcc/arm-none-eabi/12.3.1/thumb/v7e-m+fp/hard/crti.o
 .ARM.attributes
                0x00000022       0x34 C:/Users/takre_9xkzqg1/Downloads/Apps/STM32CubeIDE_1.16.1/STM32CubeIDE/plugins/com.st.stm32cube.ide.mcu.externaltools.gnu-tools-for-stm32.12.3.rel1.win32_1.0.200.202406191623/tools/bin/../lib/gcc/arm-none-eabi/12.3.1/thumb/v7e-m+fp/hard/crtbegin.o
 .ARM.attributes
                0x00000056       0x34 ./Core/Src/adc.o
 .ARM.attributes
                0x0000008a       0x34 ./Core/Src/dht.o
 .ARM.attributes
                0x000000be       0x34 ./Core/Src/light_sensor.o
 .ARM.attributes
                0x000000f2       0x34 ./Core/Src/liquidcrystal_i2c.o
 .ARM.attributes
                0x00000126       0x34 ./Core/Src/main.o
 .ARM.attributes
                0x0000015a       0x34 ./Core/Src/moisture_sensor.o
 .ARM.attributes
                0x0000018e       0x34 ./Core/Src/plant_database.o
 .ARM.attributes
                0x000001c2       0x34 ./Core/Src/setup.o
 .ARM.attributes
                0x000001f6       0x34 ./Core/Src/stm32f4xx_hal_msp.o
 .ARM.attributes
                0x0000022a       0x34 ./Core/Src/stm32f4xx_it.o
 .ARM.attributes
                0x0000025e       0x34 ./Core/Src/sysmem.o
 .ARM.attributes
                0x00000292       0x34 ./Core/Src/system_stm32f4xx.o
 .ARM.attributes
                0x000002c6       0x34 ./Core/Src/temp_rh_sensor.o
 .ARM.attributes
                0x000002fa       0x34 ./Core/Src/user_interaction.o
 .ARM.attributes
                0x0000032e       0x34 ./Core/Src/veml7700.o
 .ARM.attributes
                0x00000362       0x21 ./Core/Startup/startup_stm32f401retx.o
 .ARM.attributes
                0x00000383       0x34 ./Drivers/STM32F4xx_HAL_Driver/Src/stm32f4xx_hal.o
 .ARM.attributes
                0x000003b7       0x34 ./Drivers/STM32F4xx_HAL_Driver/Src/stm32f4xx_hal_adc.o
 .ARM.attributes
                0x000003eb       0x34 ./Drivers/STM32F4xx_HAL_Driver/Src/stm32f4xx_hal_cortex.o
 .ARM.attributes
                0x0000041f       0x34 ./Drivers/STM32F4xx_HAL_Driver/Src/stm32f4xx_hal_gpio.o
 .ARM.attributes
                0x00000453       0x34 ./Drivers/STM32F4xx_HAL_Driver/Src/stm32f4xx_hal_i2c.o
 .ARM.attributes
                0x00000487       0x34 ./Drivers/STM32F4xx_HAL_Driver/Src/stm32f4xx_hal_rcc.o
 .ARM.attributes
                0x000004bb       0x34 ./Drivers/STM32F4xx_HAL_Driver/Src/stm32f4xx_hal_rcc_ex.o
 .ARM.attributes
                0x000004ef       0x34 ./Drivers/STM32F4xx_HAL_Driver/Src/stm32f4xx_hal_rtc.o
 .ARM.attributes
                0x00000523       0x34 ./Drivers/STM32F4xx_HAL_Driver/Src/stm32f4xx_hal_rtc_ex.o
 .ARM.attributes
                0x00000557       0x34 ./Drivers/STM32F4xx_HAL_Driver/Src/stm32f4xx_hal_tim.o
 .ARM.attributes
                0x0000058b       0x34 ./Drivers/STM32F4xx_HAL_Driver/Src/stm32f4xx_hal_uart.o
 .ARM.attributes
                0x000005bf       0x34 C:/Users/takre_9xkzqg1/Downloads/Apps/STM32CubeIDE_1.16.1/STM32CubeIDE/plugins/com.st.stm32cube.ide.mcu.externaltools.gnu-tools-for-stm32.12.3.rel1.win32_1.0.200.202406191623/tools/bin/../lib/gcc/arm-none-eabi/12.3.1/../../../../arm-none-eabi/lib/thumb/v7e-m+fp/hard\libc_nano.a(libc_a-findfp.o)
 .ARM.attributes
                0x000005f3       0x34 C:/Users/takre_9xkzqg1/Downloads/Apps/STM32CubeIDE_1.16.1/STM32CubeIDE/plugins/com.st.stm32cube.ide.mcu.externaltools.gnu-tools-for-stm32.12.3.rel1.win32_1.0.200.202406191623/tools/bin/../lib/gcc/arm-none-eabi/12.3.1/../../../../arm-none-eabi/lib/thumb/v7e-m+fp/hard\libc_nano.a(libc_a-sprintf.o)
 .ARM.attributes
                0x00000627       0x34 C:/Users/takre_9xkzqg1/Downloads/Apps/STM32CubeIDE_1.16.1/STM32CubeIDE/plugins/com.st.stm32cube.ide.mcu.externaltools.gnu-tools-for-stm32.12.3.rel1.win32_1.0.200.202406191623/tools/bin/../lib/gcc/arm-none-eabi/12.3.1/../../../../arm-none-eabi/lib/thumb/v7e-m+fp/hard\libc_nano.a(libc_a-memset.o)
 .ARM.attributes
                0x0000065b       0x34 C:/Users/takre_9xkzqg1/Downloads/Apps/STM32CubeIDE_1.16.1/STM32CubeIDE/plugins/com.st.stm32cube.ide.mcu.externaltools.gnu-tools-for-stm32.12.3.rel1.win32_1.0.200.202406191623/tools/bin/../lib/gcc/arm-none-eabi/12.3.1/../../../../arm-none-eabi/lib/thumb/v7e-m+fp/hard\libc_nano.a(libc_a-strncpy.o)
 .ARM.attributes
                0x0000068f       0x34 C:/Users/takre_9xkzqg1/Downloads/Apps/STM32CubeIDE_1.16.1/STM32CubeIDE/plugins/com.st.stm32cube.ide.mcu.externaltools.gnu-tools-for-stm32.12.3.rel1.win32_1.0.200.202406191623/tools/bin/../lib/gcc/arm-none-eabi/12.3.1/../../../../arm-none-eabi/lib/thumb/v7e-m+fp/hard\libc_nano.a(libc_a-reent.o)
 .ARM.attributes
                0x000006c3       0x34 C:/Users/takre_9xkzqg1/Downloads/Apps/STM32CubeIDE_1.16.1/STM32CubeIDE/plugins/com.st.stm32cube.ide.mcu.externaltools.gnu-tools-for-stm32.12.3.rel1.win32_1.0.200.202406191623/tools/bin/../lib/gcc/arm-none-eabi/12.3.1/../../../../arm-none-eabi/lib/thumb/v7e-m+fp/hard\libc_nano.a(libc_a-impure.o)
 .ARM.attributes
                0x000006f7       0x34 C:/Users/takre_9xkzqg1/Downloads/Apps/STM32CubeIDE_1.16.1/STM32CubeIDE/plugins/com.st.stm32cube.ide.mcu.externaltools.gnu-tools-for-stm32.12.3.rel1.win32_1.0.200.202406191623/tools/bin/../lib/gcc/arm-none-eabi/12.3.1/../../../../arm-none-eabi/lib/thumb/v7e-m+fp/hard\libc_nano.a(libc_a-errno.o)
 .ARM.attributes
                0x0000072b       0x34 C:/Users/takre_9xkzqg1/Downloads/Apps/STM32CubeIDE_1.16.1/STM32CubeIDE/plugins/com.st.stm32cube.ide.mcu.externaltools.gnu-tools-for-stm32.12.3.rel1.win32_1.0.200.202406191623/tools/bin/../lib/gcc/arm-none-eabi/12.3.1/../../../../arm-none-eabi/lib/thumb/v7e-m+fp/hard\libc_nano.a(libc_a-init.o)
 .ARM.attributes
                0x0000075f       0x34 C:/Users/takre_9xkzqg1/Downloads/Apps/STM32CubeIDE_1.16.1/STM32CubeIDE/plugins/com.st.stm32cube.ide.mcu.externaltools.gnu-tools-for-stm32.12.3.rel1.win32_1.0.200.202406191623/tools/bin/../lib/gcc/arm-none-eabi/12.3.1/../../../../arm-none-eabi/lib/thumb/v7e-m+fp/hard\libc_nano.a(libc_a-lock.o)
 .ARM.attributes
                0x00000793       0x20 C:/Users/takre_9xkzqg1/Downloads/Apps/STM32CubeIDE_1.16.1/STM32CubeIDE/plugins/com.st.stm32cube.ide.mcu.externaltools.gnu-tools-for-stm32.12.3.rel1.win32_1.0.200.202406191623/tools/bin/../lib/gcc/arm-none-eabi/12.3.1/../../../../arm-none-eabi/lib/thumb/v7e-m+fp/hard\libc_nano.a(libc_a-strcmp.o)
 .ARM.attributes
                0x000007b3       0x34 C:/Users/takre_9xkzqg1/Downloads/Apps/STM32CubeIDE_1.16.1/STM32CubeIDE/plugins/com.st.stm32cube.ide.mcu.externaltools.gnu-tools-for-stm32.12.3.rel1.win32_1.0.200.202406191623/tools/bin/../lib/gcc/arm-none-eabi/12.3.1/../../../../arm-none-eabi/lib/thumb/v7e-m+fp/hard\libc_nano.a(libc_a-freer.o)
 .ARM.attributes
                0x000007e7       0x34 C:/Users/takre_9xkzqg1/Downloads/Apps/STM32CubeIDE_1.16.1/STM32CubeIDE/plugins/com.st.stm32cube.ide.mcu.externaltools.gnu-tools-for-stm32.12.3.rel1.win32_1.0.200.202406191623/tools/bin/../lib/gcc/arm-none-eabi/12.3.1/../../../../arm-none-eabi/lib/thumb/v7e-m+fp/hard\libc_nano.a(libc_a-mallocr.o)
 .ARM.attributes
                0x0000081b       0x34 C:/Users/takre_9xkzqg1/Downloads/Apps/STM32CubeIDE_1.16.1/STM32CubeIDE/plugins/com.st.stm32cube.ide.mcu.externaltools.gnu-tools-for-stm32.12.3.rel1.win32_1.0.200.202406191623/tools/bin/../lib/gcc/arm-none-eabi/12.3.1/../../../../arm-none-eabi/lib/thumb/v7e-m+fp/hard\libc_nano.a(libc_a-mlock.o)
 .ARM.attributes
                0x0000084f       0x34 C:/Users/takre_9xkzqg1/Downloads/Apps/STM32CubeIDE_1.16.1/STM32CubeIDE/plugins/com.st.stm32cube.ide.mcu.externaltools.gnu-tools-for-stm32.12.3.rel1.win32_1.0.200.202406191623/tools/bin/../lib/gcc/arm-none-eabi/12.3.1/../../../../arm-none-eabi/lib/thumb/v7e-m+fp/hard\libc_nano.a(libc_a-nano-svfprintf.o)
 .ARM.attributes
                0x00000883       0x34 C:/Users/takre_9xkzqg1/Downloads/Apps/STM32CubeIDE_1.16.1/STM32CubeIDE/plugins/com.st.stm32cube.ide.mcu.externaltools.gnu-tools-for-stm32.12.3.rel1.win32_1.0.200.202406191623/tools/bin/../lib/gcc/arm-none-eabi/12.3.1/../../../../arm-none-eabi/lib/thumb/v7e-m+fp/hard\libc_nano.a(libc_a-nano-vfprintf_i.o)
 .ARM.attributes
                0x000008b7       0x34 C:/Users/takre_9xkzqg1/Downloads/Apps/STM32CubeIDE_1.16.1/STM32CubeIDE/plugins/com.st.stm32cube.ide.mcu.externaltools.gnu-tools-for-stm32.12.3.rel1.win32_1.0.200.202406191623/tools/bin/../lib/gcc/arm-none-eabi/12.3.1/../../../../arm-none-eabi/lib/thumb/v7e-m+fp/hard\libc_nano.a(libc_a-memmove.o)
 .ARM.attributes
                0x000008eb       0x34 C:/Users/takre_9xkzqg1/Downloads/Apps/STM32CubeIDE_1.16.1/STM32CubeIDE/plugins/com.st.stm32cube.ide.mcu.externaltools.gnu-tools-for-stm32.12.3.rel1.win32_1.0.200.202406191623/tools/bin/../lib/gcc/arm-none-eabi/12.3.1/../../../../arm-none-eabi/lib/thumb/v7e-m+fp/hard\libc_nano.a(libc_a-sbrkr.o)
 .ARM.attributes
                0x0000091f       0x1c C:/Users/takre_9xkzqg1/Downloads/Apps/STM32CubeIDE_1.16.1/STM32CubeIDE/plugins/com.st.stm32cube.ide.mcu.externaltools.gnu-tools-for-stm32.12.3.rel1.win32_1.0.200.202406191623/tools/bin/../lib/gcc/arm-none-eabi/12.3.1/../../../../arm-none-eabi/lib/thumb/v7e-m+fp/hard\libc_nano.a(libc_a-memchr.o)
 .ARM.attributes
                0x0000093b       0x34 C:/Users/takre_9xkzqg1/Downloads/Apps/STM32CubeIDE_1.16.1/STM32CubeIDE/plugins/com.st.stm32cube.ide.mcu.externaltools.gnu-tools-for-stm32.12.3.rel1.win32_1.0.200.202406191623/tools/bin/../lib/gcc/arm-none-eabi/12.3.1/../../../../arm-none-eabi/lib/thumb/v7e-m+fp/hard\libc_nano.a(libc_a-memcpy-stub.o)
 .ARM.attributes
                0x0000096f       0x34 C:/Users/takre_9xkzqg1/Downloads/Apps/STM32CubeIDE_1.16.1/STM32CubeIDE/plugins/com.st.stm32cube.ide.mcu.externaltools.gnu-tools-for-stm32.12.3.rel1.win32_1.0.200.202406191623/tools/bin/../lib/gcc/arm-none-eabi/12.3.1/../../../../arm-none-eabi/lib/thumb/v7e-m+fp/hard\libc_nano.a(libc_a-reallocr.o)
 .ARM.attributes
                0x000009a3       0x34 C:/Users/takre_9xkzqg1/Downloads/Apps/STM32CubeIDE_1.16.1/STM32CubeIDE/plugins/com.st.stm32cube.ide.mcu.externaltools.gnu-tools-for-stm32.12.3.rel1.win32_1.0.200.202406191623/tools/bin/../lib/gcc/arm-none-eabi/12.3.1/../../../../arm-none-eabi/lib/thumb/v7e-m+fp/hard\libc_nano.a(libc_a-msizer.o)
 .ARM.attributes
                0x000009d7       0x34 C:/Users/takre_9xkzqg1/Downloads/Apps/STM32CubeIDE_1.16.1/STM32CubeIDE/plugins/com.st.stm32cube.ide.mcu.externaltools.gnu-tools-for-stm32.12.3.rel1.win32_1.0.200.202406191623/tools/bin/../lib/gcc/arm-none-eabi/12.3.1/../../../../arm-none-eabi/lib/thumb/v7e-m+fp/hard\libm.a(libm_a-w_pow.o)
 .ARM.attributes
                0x00000a0b       0x34 C:/Users/takre_9xkzqg1/Downloads/Apps/STM32CubeIDE_1.16.1/STM32CubeIDE/plugins/com.st.stm32cube.ide.mcu.externaltools.gnu-tools-for-stm32.12.3.rel1.win32_1.0.200.202406191623/tools/bin/../lib/gcc/arm-none-eabi/12.3.1/../../../../arm-none-eabi/lib/thumb/v7e-m+fp/hard\libm.a(libm_a-s_finite.o)
 .ARM.attributes
                0x00000a3f       0x34 C:/Users/takre_9xkzqg1/Downloads/Apps/STM32CubeIDE_1.16.1/STM32CubeIDE/plugins/com.st.stm32cube.ide.mcu.externaltools.gnu-tools-for-stm32.12.3.rel1.win32_1.0.200.202406191623/tools/bin/../lib/gcc/arm-none-eabi/12.3.1/../../../../arm-none-eabi/lib/thumb/v7e-m+fp/hard\libm.a(libm_a-e_pow.o)
 .ARM.attributes
                0x00000a73       0x34 C:/Users/takre_9xkzqg1/Downloads/Apps/STM32CubeIDE_1.16.1/STM32CubeIDE/plugins/com.st.stm32cube.ide.mcu.externaltools.gnu-tools-for-stm32.12.3.rel1.win32_1.0.200.202406191623/tools/bin/../lib/gcc/arm-none-eabi/12.3.1/../../../../arm-none-eabi/lib/thumb/v7e-m+fp/hard\libm.a(libm_a-s_fabs.o)
 .ARM.attributes
                0x00000aa7       0x34 C:/Users/takre_9xkzqg1/Downloads/Apps/STM32CubeIDE_1.16.1/STM32CubeIDE/plugins/com.st.stm32cube.ide.mcu.externaltools.gnu-tools-for-stm32.12.3.rel1.win32_1.0.200.202406191623/tools/bin/../lib/gcc/arm-none-eabi/12.3.1/../../../../arm-none-eabi/lib/thumb/v7e-m+fp/hard\libm.a(libm_a-s_scalbn.o)
 .ARM.attributes
                0x00000adb       0x34 C:/Users/takre_9xkzqg1/Downloads/Apps/STM32CubeIDE_1.16.1/STM32CubeIDE/plugins/com.st.stm32cube.ide.mcu.externaltools.gnu-tools-for-stm32.12.3.rel1.win32_1.0.200.202406191623/tools/bin/../lib/gcc/arm-none-eabi/12.3.1/../../../../arm-none-eabi/lib/thumb/v7e-m+fp/hard\libm.a(libm_a-math_err.o)
 .ARM.attributes
                0x00000b0f       0x34 C:/Users/takre_9xkzqg1/Downloads/Apps/STM32CubeIDE_1.16.1/STM32CubeIDE/plugins/com.st.stm32cube.ide.mcu.externaltools.gnu-tools-for-stm32.12.3.rel1.win32_1.0.200.202406191623/tools/bin/../lib/gcc/arm-none-eabi/12.3.1/../../../../arm-none-eabi/lib/thumb/v7e-m+fp/hard\libm.a(libm_a-e_sqrt.o)
 .ARM.attributes
                0x00000b43       0x22 C:/Users/takre_9xkzqg1/Downloads/Apps/STM32CubeIDE_1.16.1/STM32CubeIDE/plugins/com.st.stm32cube.ide.mcu.externaltools.gnu-tools-for-stm32.12.3.rel1.win32_1.0.200.202406191623/tools/bin/../lib/gcc/arm-none-eabi/12.3.1/thumb/v7e-m+fp/hard\libgcc.a(_arm_addsubdf3.o)
 .ARM.attributes
                0x00000b65       0x22 C:/Users/takre_9xkzqg1/Downloads/Apps/STM32CubeIDE_1.16.1/STM32CubeIDE/plugins/com.st.stm32cube.ide.mcu.externaltools.gnu-tools-for-stm32.12.3.rel1.win32_1.0.200.202406191623/tools/bin/../lib/gcc/arm-none-eabi/12.3.1/thumb/v7e-m+fp/hard\libgcc.a(_arm_muldivdf3.o)
 .ARM.attributes
                0x00000b87       0x22 C:/Users/takre_9xkzqg1/Downloads/Apps/STM32CubeIDE_1.16.1/STM32CubeIDE/plugins/com.st.stm32cube.ide.mcu.externaltools.gnu-tools-for-stm32.12.3.rel1.win32_1.0.200.202406191623/tools/bin/../lib/gcc/arm-none-eabi/12.3.1/thumb/v7e-m+fp/hard\libgcc.a(_arm_cmpdf2.o)
 .ARM.attributes
                0x00000ba9       0x22 C:/Users/takre_9xkzqg1/Downloads/Apps/STM32CubeIDE_1.16.1/STM32CubeIDE/plugins/com.st.stm32cube.ide.mcu.externaltools.gnu-tools-for-stm32.12.3.rel1.win32_1.0.200.202406191623/tools/bin/../lib/gcc/arm-none-eabi/12.3.1/thumb/v7e-m+fp/hard\libgcc.a(_arm_unorddf2.o)
 .ARM.attributes
                0x00000bcb       0x22 C:/Users/takre_9xkzqg1/Downloads/Apps/STM32CubeIDE_1.16.1/STM32CubeIDE/plugins/com.st.stm32cube.ide.mcu.externaltools.gnu-tools-for-stm32.12.3.rel1.win32_1.0.200.202406191623/tools/bin/../lib/gcc/arm-none-eabi/12.3.1/thumb/v7e-m+fp/hard\libgcc.a(_arm_fixunsdfsi.o)
 .ARM.attributes
                0x00000bed       0x22 C:/Users/takre_9xkzqg1/Downloads/Apps/STM32CubeIDE_1.16.1/STM32CubeIDE/plugins/com.st.stm32cube.ide.mcu.externaltools.gnu-tools-for-stm32.12.3.rel1.win32_1.0.200.202406191623/tools/bin/../lib/gcc/arm-none-eabi/12.3.1/thumb/v7e-m+fp/hard\libgcc.a(_arm_truncdfsf2.o)
 .ARM.attributes
                0x00000c0f       0x22 C:/Users/takre_9xkzqg1/Downloads/Apps/STM32CubeIDE_1.16.1/STM32CubeIDE/plugins/com.st.stm32cube.ide.mcu.externaltools.gnu-tools-for-stm32.12.3.rel1.win32_1.0.200.202406191623/tools/bin/../lib/gcc/arm-none-eabi/12.3.1/thumb/v7e-m+fp/hard\libgcc.a(_aeabi_uldivmod.o)
 .ARM.attributes
                0x00000c31       0x34 C:/Users/takre_9xkzqg1/Downloads/Apps/STM32CubeIDE_1.16.1/STM32CubeIDE/plugins/com.st.stm32cube.ide.mcu.externaltools.gnu-tools-for-stm32.12.3.rel1.win32_1.0.200.202406191623/tools/bin/../lib/gcc/arm-none-eabi/12.3.1/thumb/v7e-m+fp/hard\libgcc.a(_udivmoddi4.o)
 .ARM.attributes
                0x00000c65       0x22 C:/Users/takre_9xkzqg1/Downloads/Apps/STM32CubeIDE_1.16.1/STM32CubeIDE/plugins/com.st.stm32cube.ide.mcu.externaltools.gnu-tools-for-stm32.12.3.rel1.win32_1.0.200.202406191623/tools/bin/../lib/gcc/arm-none-eabi/12.3.1/thumb/v7e-m+fp/hard\libgcc.a(_dvmd_tls.o)
 .ARM.attributes
                0x00000c87       0x22 C:/Users/takre_9xkzqg1/Downloads/Apps/STM32CubeIDE_1.16.1/STM32CubeIDE/plugins/com.st.stm32cube.ide.mcu.externaltools.gnu-tools-for-stm32.12.3.rel1.win32_1.0.200.202406191623/tools/bin/../lib/gcc/arm-none-eabi/12.3.1/thumb/v7e-m+fp/hard/crtn.o
OUTPUT(soilsense_breadboard_demo.elf elf32-littlearm)
LOAD linker stubs
LOAD C:/Users/takre_9xkzqg1/Downloads/Apps/STM32CubeIDE_1.16.1/STM32CubeIDE/plugins/com.st.stm32cube.ide.mcu.externaltools.gnu-tools-for-stm32.12.3.rel1.win32_1.0.200.202406191623/tools/bin/../lib/gcc/arm-none-eabi/12.3.1/../../../../arm-none-eabi/lib/thumb/v7e-m+fp/hard\libc.a
LOAD C:/Users/takre_9xkzqg1/Downloads/Apps/STM32CubeIDE_1.16.1/STM32CubeIDE/plugins/com.st.stm32cube.ide.mcu.externaltools.gnu-tools-for-stm32.12.3.rel1.win32_1.0.200.202406191623/tools/bin/../lib/gcc/arm-none-eabi/12.3.1/../../../../arm-none-eabi/lib/thumb/v7e-m+fp/hard\libm.a
LOAD C:/Users/takre_9xkzqg1/Downloads/Apps/STM32CubeIDE_1.16.1/STM32CubeIDE/plugins/com.st.stm32cube.ide.mcu.externaltools.gnu-tools-for-stm32.12.3.rel1.win32_1.0.200.202406191623/tools/bin/../lib/gcc/arm-none-eabi/12.3.1/thumb/v7e-m+fp/hard\libgcc.a

.debug_info     0x00000000    0x16697
 .debug_info    0x00000000      0x6e2 ./Core/Src/adc.o
 .debug_info    0x000006e2      0x63f ./Core/Src/dht.o
 .debug_info    0x00000d21      0xb68 ./Core/Src/light_sensor.o
 .debug_info    0x00001889      0xfbe ./Core/Src/liquidcrystal_i2c.o
 .debug_info    0x00002847     0x1fd3 ./Core/Src/main.o
 .debug_info    0x0000481a      0x8ca ./Core/Src/moisture_sensor.o
 .debug_info    0x000050e4      0x18a ./Core/Src/plant_database.o
 .debug_info    0x0000526e      0x904 ./Core/Src/setup.o
 .debug_info    0x00005b72     0x199d ./Core/Src/stm32f4xx_hal_msp.o
 .debug_info    0x0000750f      0x4d6 ./Core/Src/stm32f4xx_it.o
 .debug_info    0x000079e5      0x168 ./Core/Src/sysmem.o
 .debug_info    0x00007b4d      0x53e ./Core/Src/system_stm32f4xx.o
 .debug_info    0x0000808b      0x3aa ./Core/Src/temp_rh_sensor.o
 .debug_info    0x00008435      0x960 ./Core/Src/user_interaction.o
 .debug_info    0x00008d95      0x94a ./Core/Src/veml7700.o
 .debug_info    0x000096df       0x30 ./Core/Startup/startup_stm32f401retx.o
 .debug_info    0x0000970f      0x8bb ./Drivers/STM32F4xx_HAL_Driver/Src/stm32f4xx_hal.o
 .debug_info    0x00009fca      0xcd1 ./Drivers/STM32F4xx_HAL_Driver/Src/stm32f4xx_hal_adc.o
 .debug_info    0x0000ac9b      0xcf6 ./Drivers/STM32F4xx_HAL_Driver/Src/stm32f4xx_hal_cortex.o
 .debug_info    0x0000b991      0x6f9 ./Drivers/STM32F4xx_HAL_Driver/Src/stm32f4xx_hal_gpio.o
 .debug_info    0x0000c08a     0x2426 ./Drivers/STM32F4xx_HAL_Driver/Src/stm32f4xx_hal_i2c.o
 .debug_info    0x0000e4b0      0x8f1 ./Drivers/STM32F4xx_HAL_Driver/Src/stm32f4xx_hal_rcc.o
 .debug_info    0x0000eda1      0x570 ./Drivers/STM32F4xx_HAL_Driver/Src/stm32f4xx_hal_rcc_ex.o
 .debug_info    0x0000f311      0xc43 ./Drivers/STM32F4xx_HAL_Driver/Src/stm32f4xx_hal_rtc.o
 .debug_info    0x0000ff54      0xe57 ./Drivers/STM32F4xx_HAL_Driver/Src/stm32f4xx_hal_rtc_ex.o
 .debug_info    0x00010dab     0x2996 ./Drivers/STM32F4xx_HAL_Driver/Src/stm32f4xx_hal_tim.o
 .debug_info    0x00013741     0x2f56 ./Drivers/STM32F4xx_HAL_Driver/Src/stm32f4xx_hal_uart.o

.debug_abbrev   0x00000000     0x3676
 .debug_abbrev  0x00000000      0x174 ./Core/Src/adc.o
 .debug_abbrev  0x00000174      0x226 ./Core/Src/dht.o
 .debug_abbrev  0x0000039a      0x296 ./Core/Src/light_sensor.o
 .debug_abbrev  0x00000630      0x2d1 ./Core/Src/liquidcrystal_i2c.o
 .debug_abbrev  0x00000901      0x317 ./Core/Src/main.o
 .debug_abbrev  0x00000c18      0x1fc ./Core/Src/moisture_sensor.o
 .debug_abbrev  0x00000e14       0xaa ./Core/Src/plant_database.o
 .debug_abbrev  0x00000ebe      0x25a ./Core/Src/setup.o
 .debug_abbrev  0x00001118      0x266 ./Core/Src/stm32f4xx_hal_msp.o
 .debug_abbrev  0x0000137e      0x15e ./Core/Src/stm32f4xx_it.o
 .debug_abbrev  0x000014dc       0xbc ./Core/Src/sysmem.o
 .debug_abbrev  0x00001598      0x11a ./Core/Src/system_stm32f4xx.o
 .debug_abbrev  0x000016b2      0x14c ./Core/Src/temp_rh_sensor.o
 .debug_abbrev  0x000017fe      0x274 ./Core/Src/user_interaction.o
 .debug_abbrev  0x00001a72      0x1be ./Core/Src/veml7700.o
 .debug_abbrev  0x00001c30       0x24 ./Core/Startup/startup_stm32f401retx.o
 .debug_abbrev  0x00001c54      0x24b ./Drivers/STM32F4xx_HAL_Driver/Src/stm32f4xx_hal.o
 .debug_abbrev  0x00001e9f      0x20e ./Drivers/STM32F4xx_HAL_Driver/Src/stm32f4xx_hal_adc.o
 .debug_abbrev  0x000020ad      0x31d ./Drivers/STM32F4xx_HAL_Driver/Src/stm32f4xx_hal_cortex.o
 .debug_abbrev  0x000023ca      0x1d3 ./Drivers/STM32F4xx_HAL_Driver/Src/stm32f4xx_hal_gpio.o
 .debug_abbrev  0x0000259d      0x2bc ./Drivers/STM32F4xx_HAL_Driver/Src/stm32f4xx_hal_i2c.o
 .debug_abbrev  0x00002859      0x2b6 ./Drivers/STM32F4xx_HAL_Driver/Src/stm32f4xx_hal_rcc.o
 .debug_abbrev  0x00002b0f      0x1b0 ./Drivers/STM32F4xx_HAL_Driver/Src/stm32f4xx_hal_rcc_ex.o
 .debug_abbrev  0x00002cbf      0x1fb ./Drivers/STM32F4xx_HAL_Driver/Src/stm32f4xx_hal_rtc.o