Archive member included to satisfy reference by file (symbol)

C:/Users/takre_9xkzqg1/Downloads/Apps/STM32CubeIDE_1.16.1/STM32CubeIDE/plugins/com.st.stm32cube.ide.mcu.externaltools.gnu-tools-for-stm32.12.3.rel1.win32_1.0.200.202406191623/tools/bin/../lib/gcc/arm-none-eabi/12.3.1/../../../../arm-none-eabi/lib/thumb/v7e-m+fp/hard\libc_nano.a(libc_a-exit.o)
                              C:/Users/takre_9xkzqg1/Downloads/Apps/STM32CubeIDE_1.16.1/STM32CubeIDE/plugins/com.st.stm32cube.ide.mcu.externaltools.gnu-tools-for-stm32.12.3.rel1.win32_1.0.200.202406191623/tools/bin/../lib/gcc/arm-none-eabi/12.3.1/../../../../arm-none-eabi/lib/thumb/v7e-m+fp/hard/crt0.o (exit)
C:/Users/takre_9xkzqg1/Downloads/Apps/STM32CubeIDE_1.16.1/STM32CubeIDE/plugins/com.st.stm32cube.ide.mcu.externaltools.gnu-tools-for-stm32.12.3.rel1.win32_1.0.200.202406191623/tools/bin/../lib/gcc/arm-none-eabi/12.3.1/../../../../arm-none-eabi/lib/thumb/v7e-m+fp/hard\libc_nano.a(libc_a-findfp.o)
                              C:/Users/takre_9xkzqg1/Downloads/Apps/STM32CubeIDE_1.16.1/STM32CubeIDE/plugins/com.st.stm32cube.ide.mcu.externaltools.gnu-tools-for-stm32.12.3.rel1.win32_1.0.200.202406191623/tools/bin/../lib/gcc/arm-none-eabi/12.3.1/../../../../arm-none-eabi/lib/thumb/v7e-m+fp/hard\libc_nano.a(libc_a-exit.o) (__stdio_exit_handler)
C:/Users/takre_9xkzqg1/Downloads/Apps/STM32CubeIDE_1.16.1/STM32CubeIDE/plugins/com.st.stm32cube.ide.mcu.externaltools.gnu-tools-for-stm32.12.3.rel1.win32_1.0.200.202406191623/tools/bin/../lib/gcc/arm-none-eabi/12.3.1/../../../../arm-none-eabi/lib/thumb/v7e-m+fp/hard\libc_nano.a(libc_a-fwalk.o)
                              C:/Users/takre_9xkzqg1/Downloads/Apps/STM32CubeIDE_1.16.1/STM32CubeIDE/plugins/com.st.stm32cube.ide.mcu.externaltools.gnu-tools-for-stm32.12.3.rel1.win32_1.0.200.202406191623/tools/bin/../lib/gcc/arm-none-eabi/12.3.1/../../../../arm-none-eabi/lib/thumb/v7e-m+fp/hard\libc_nano.a(libc_a-findfp.o) (_fwalk_sglue)
C:/Users/takre_9xkzqg1/Downloads/Apps/STM32CubeIDE_1.16.1/STM32CubeIDE/plugins/com.st.stm32cube.ide.mcu.externaltools.gnu-tools-for-stm32.12.3.rel1.win32_1.0.200.202406191623/tools/bin/../lib/gcc/arm-none-eabi/12.3.1/../../../../arm-none-eabi/lib/thumb/v7e-m+fp/hard\libc_nano.a(libc_a-sprintf.o)
                              ./Core/Src/liquidcrystal_i2c.o (sprintf)
C:/Users/takre_9xkzqg1/Downloads/Apps/STM32CubeIDE_1.16.1/STM32CubeIDE/plugins/com.st.stm32cube.ide.mcu.externaltools.gnu-tools-for-stm32.12.3.rel1.win32_1.0.200.202406191623/tools/bin/../lib/gcc/arm-none-eabi/12.3.1/../../../../arm-none-eabi/lib/thumb/v7e-m+fp/hard\libc_nano.a(libc_a-stdio.o)
                              C:/Users/takre_9xkzqg1/Downloads/Apps/STM32CubeIDE_1.16.1/STM32CubeIDE/plugins/com.st.stm32cube.ide.mcu.externaltools.gnu-tools-for-stm32.12.3.rel1.win32_1.0.200.202406191623/tools/bin/../lib/gcc/arm-none-eabi/12.3.1/../../../../arm-none-eabi/lib/thumb/v7e-m+fp/hard\libc_nano.a(libc_a-findfp.o) (__sread)
C:/Users/takre_9xkzqg1/Downloads/Apps/STM32CubeIDE_1.16.1/STM32CubeIDE/plugins/com.st.stm32cube.ide.mcu.externaltools.gnu-tools-for-stm32.12.3.rel1.win32_1.0.200.202406191623/tools/bin/../lib/gcc/arm-none-eabi/12.3.1/../../../../arm-none-eabi/lib/thumb/v7e-m+fp/hard\libc_nano.a(libc_a-memset.o)
                              C:/Users/takre_9xkzqg1/Downloads/Apps/STM32CubeIDE_1.16.1/STM32CubeIDE/plugins/com.st.stm32cube.ide.mcu.externaltools.gnu-tools-for-stm32.12.3.rel1.win32_1.0.200.202406191623/tools/bin/../lib/gcc/arm-none-eabi/12.3.1/../../../../arm-none-eabi/lib/thumb/v7e-m+fp/hard/crt0.o (memset)
C:/Users/takre_9xkzqg1/Downloads/Apps/STM32CubeIDE_1.16.1/STM32CubeIDE/plugins/com.st.stm32cube.ide.mcu.externaltools.gnu-tools-for-stm32.12.3.rel1.win32_1.0.200.202406191623/tools/bin/../lib/gcc/arm-none-eabi/12.3.1/../../../../arm-none-eabi/lib/thumb/v7e-m+fp/hard\libc_nano.a(libc_a-strncpy.o)
                              ./Core/Src/liquidcrystal_i2c.o (strncpy)
C:/Users/takre_9xkzqg1/Downloads/Apps/STM32CubeIDE_1.16.1/STM32CubeIDE/plugins/com.st.stm32cube.ide.mcu.externaltools.gnu-tools-for-stm32.12.3.rel1.win32_1.0.200.202406191623/tools/bin/../lib/gcc/arm-none-eabi/12.3.1/../../../../arm-none-eabi/lib/thumb/v7e-m+fp/hard\libc_nano.a(libc_a-closer.o)
                              C:/Users/takre_9xkzqg1/Downloads/Apps/STM32CubeIDE_1.16.1/STM32CubeIDE/plugins/com.st.stm32cube.ide.mcu.externaltools.gnu-tools-for-stm32.12.3.rel1.win32_1.0.200.202406191623/tools/bin/../lib/gcc/arm-none-eabi/12.3.1/../../../../arm-none-eabi/lib/thumb/v7e-m+fp/hard\libc_nano.a(libc_a-stdio.o) (_close_r)
C:/Users/takre_9xkzqg1/Downloads/Apps/STM32CubeIDE_1.16.1/STM32CubeIDE/plugins/com.st.stm32cube.ide.mcu.externaltools.gnu-tools-for-stm32.12.3.rel1.win32_1.0.200.202406191623/tools/bin/../lib/gcc/arm-none-eabi/12.3.1/../../../../arm-none-eabi/lib/thumb/v7e-m+fp/hard\libc_nano.a(libc_a-reent.o)
[...]
Memory Configuration

Name             Origin             Length             Attributes
RAM              0x20000000         0x00020000         xrw
RAM2             0x10000000         0x00008000         xrw
FLASH            0x08000000         0x00040000         xr
*default*        0x00000000         0xffffffff

Linker script and memory map

LOAD C:/Users/takre_9xkzqg1/Downloads/Apps/STM32CubeIDE_1.16.1/STM32CubeIDE/plugins/com.st.stm32cube.ide.mcu.externaltools.gnu-tools-for-stm32.12.3.rel1.win32_1.0.200.202406191623/tools/bin/../lib/gcc/arm-none-eabi/12.3.1/thumb/v7e-m+fp/hard/crti.o
LOAD C:/Users/takre_9xkzqg1/Downloads/Apps/STM32CubeIDE_1.16.1/STM32CubeIDE/plugins/com.st.stm32cube.ide.mcu.externaltools.gnu-tools-for-stm32.12.3.rel1.win32_1.0.200.202406191623/tools/bin/../lib/gcc/arm-none-eabi/12.3.1/thumb/v7e-m+fp/hard/crtbegin.o
LOAD C:/Users/takre_9xkzqg1/Downloads/Apps/STM32CubeIDE_1.16.1/STM32CubeIDE/plugins/com.st.stm32cube.ide.mcu.externaltools.gnu-tools-for-stm32.12.3.rel1.win32_1.0.200.202406191623/tools/bin/../lib/gcc/arm-none-eabi/12.3.1/../../../../arm-none-eabi/lib/thumb/v7e-m+fp/hard/crt0.o
LOAD ./Core/Src/adc.o
LOAD ./Core/Src/dht.o
LOAD ./Core/Src/light_sensor.o
LOAD ./Core/Src/liquidcrystal_i2c.o
LOAD ./Core/Src/main.o
LOAD ./Core/Src/moisture_sensor.o
LOAD ./Core/Src/plant_database.o
LOAD ./Core/Src/setup.o
LOAD ./Core/Src/stm32l4xx_hal_msp.o
LOAD ./Core/Src/stm32l4xx_it.o
LOAD ./Core/Src/syscalls.o
LOAD ./Core/Src/sysmem.o
LOAD ./Core/Src/system_stm32l4xx.o
LOAD ./Core/Src/temp_rh_sensor.o
LOAD ./Core/Src/user_interaction.o
LOAD ./Core/Src/veml7700.o
LOAD ./Core/Startup/startup_stm32l452rctx.o
LOAD ./Drivers/STM32L4xx_HAL_Driver/Src/stm32l4xx_hal.o
LOAD ./Drivers/STM32L4xx_HAL_Driver/Src/stm32l4xx_hal_adc.o
LOAD ./Drivers/STM32L4xx_HAL_Driver/Src/stm32l4xx_hal_adc_ex.o
LOAD ./Drivers/STM32L4xx_HAL_Driver/Src/stm32l4xx_hal_cortex.o
LOAD ./Drivers/STM32L4xx_HAL_Driver/Src/stm32l4xx_hal_dma.o
LOAD ./Drivers/STM32L4xx_HAL_Driver/Src/stm32l4xx_hal_dma_ex.o
LOAD ./Drivers/STM32L4xx_HAL_Driver/Src/stm32l4xx_hal_exti.o
LOAD ./Drivers/STM32L4xx_HAL_Driver/Src/stm32l4xx_hal_flash.o
LOAD ./Drivers/STM32L4xx_HAL_Driver/Src/stm32l4xx_hal_flash_ex.o
LOAD ./Drivers/STM32L4xx_HAL_Driver/Src/stm32l4xx_hal_flash_ramfunc.o
LOAD ./Drivers/STM32L4xx_HAL_Driver/Src/stm32l4xx_hal_gpio.o
LOAD ./Drivers/STM32L4xx_HAL_Driver/Src/stm32l4xx_hal_i2c.o
LOAD ./Drivers/STM32L4xx_HAL_Driver/Src/stm32l4xx_hal_i2c_ex.o
LOAD ./Drivers/STM32L4xx_HAL_Driver/Src/stm32l4xx_hal_pwr.o
LOAD ./Drivers/STM32L4xx_HAL_Driver/Src/stm32l4xx_hal_pwr_ex.o
LOAD ./Drivers/STM32L4xx_HAL_Driver/Src/stm32l4xx_hal_rcc.o
LOAD ./Drivers/STM32L4xx_HAL_Driver/Src/stm32l4xx_hal_rcc_ex.o
LOAD ./Drivers/STM32L4xx_HAL_Driver/Src/stm32l4xx_hal_rtc.o
LOAD ./Drivers/STM32L4xx_HAL_Driver/Src/stm32l4xx_hal_rtc_ex.o
LOAD ./Drivers/STM32L4xx_HAL_Driver/Src/stm32l4xx_hal_tim.o
LOAD ./Drivers/STM32L4xx_HAL_Driver/Src/stm32l4xx_hal_tim_ex.o
START GROUP
LOAD C:/Users/takre_9xkzqg1/Downloads/Apps/STM32CubeIDE_1.16.1/STM32CubeIDE/plugins/com.st.stm32cube.ide.mcu.externaltools.gnu-tools-for-stm32.12.3.rel1.win32_1.0.200.202406191623/tools/bin/../lib/gcc/arm-none-eabi/12.3.1/../../../../arm-none-eabi/lib/thumb/v7e-m+fp/hard\libc_nano.a
LOAD C:/Users/takre_9xkzqg1/Downloads/Apps/STM32CubeIDE_1.16.1/STM32CubeIDE/plugins/com.st.stm32cube.ide.mcu.externaltools.gnu-tools-for-stm32.12.3.rel1.win32_1.0.200.202406191623/tools/bin/../lib/gcc/arm-none-eabi/12.3.1/../../../../arm-none-eabi/lib/thumb/v7e-m+fp/hard\libm.a
END GROUP
START GROUP
LOAD C:/Users/takre_9xkzqg1/Downloads/Apps/STM32CubeIDE_1.16.1/STM32CubeIDE/plugins/com.st.stm32cube.ide.mcu.externaltools.gnu-tools-for-stm32.12.3.rel1.win32_1.0.200.202406191623/tools/bin/../lib/gcc/arm-none-eabi/12.3.1/thumb/v7e-m+fp/hard\libgcc.a
LOAD C:/Users/takre_9xkzqg1/Downloads/Apps/STM32CubeIDE_1.16.1/STM32CubeIDE/plugins/com.st.stm32cube.ide.mcu.externaltools.gnu-tools-for-stm32.12.3.rel1.win32_1.0.200.202406191623/tools/bin/../lib/gcc/arm-none-eabi/12.3.1/../../../../arm-none-eabi/lib/thumb/v7e-m+fp/hard\libc_nano.a
END GROUP
START GROUP
LOAD C:/Users/takre_9xkzqg1/Downloads/Apps/STM32CubeIDE_1.16.1/STM32CubeIDE/plugins/com.st.stm32cube.ide.mcu.externaltools.gnu-tools-for-stm32.12.3.rel1.win32_1.0.200.202406191623/tools/bin/../lib/gcc/arm-none-eabi/12.3.1/thumb/v7e-m+fp/hard\libgcc.a
LOAD C:/Users/takre_9xkzqg1/Downloads/Apps/STM32CubeIDE_1.16.1/STM32CubeIDE/plugins/com.st.stm32cube.ide.mcu.externaltools.gnu-tools-for-stm32.12.3.rel1.win32_1.0.200.202406191623/tools/bin/../lib/gcc/arm-none-eabi/12.3.1/../../../../arm-none-eabi/lib/thumb/v7e-m+fp/hard\libc_nano.a
LOAD C:/Users/takre_9xkzqg1/Downloads/Apps/STM32CubeIDE_1.16.1/STM32CubeIDE/plugins/com.st.stm32cube.ide.mcu.externaltools.gnu-tools-for-stm32.12.3.rel1.win32_1.0.200.202406191623/tools/bin/../lib/gcc/arm-none-eabi/12.3.1/../../../../arm-none-eabi/lib/thumb/v7e-m+fp/hard\libnosys.a
END GROUP
START GROUP
LOAD C:/Users/takre_9xkzqg1/Downloads/Apps/STM32CubeIDE_1.16.1/STM32CubeIDE/plugins/com.st.stm32cube.ide.mcu.externaltools.gnu-tools-for-stm32.12.3.rel1.win32_1.0.200.202406191623/tools/bin/../lib/gcc/arm-none-eabi/12.3.1/thumb/v7e-m+fp/hard\libgcc.a
LOAD C:/Users/takre_9xkzqg1/Downloads/Apps/STM32CubeIDE_1.16.1/STM32CubeIDE/plugins/com.st.stm32cube.ide.mcu.externaltools.gnu-tools-for-stm32.12.3.rel1.win32_1.0.200.202406191623/tools/bin/../lib/gcc/arm-none-eabi/12.3.1/../../../../arm-none-eabi/lib/thumb/v7e-m+fp/hard\libc_nano.a
LOAD C:/Users/takre_9xkzqg1/Downloads/Apps/STM32CubeIDE_1.16.1/STM32CubeIDE/plugins/com.st.stm32cube.ide.mcu.externaltools.gnu-tools-for-stm32.12.3.rel1.win32_1.0.200.202406191623/tools/bin/../lib/gcc/arm-none-eabi/12.3.1/../../../../arm-none-eabi/lib/thumb/v7e-m+fp/hard\libnosys.a
END GROUP
LOAD C:/Users/takre_9xkzqg1/Downloads/Apps/STM32CubeIDE_1.16.1/STM32CubeIDE/plugins/com.st.stm32cube.ide.mcu.externaltools.gnu-tools-for-stm32.12.3.rel1.win32_1.0.200.202406191623/tools/bin/../lib/gcc/arm-none-eabi/12.3.1/thumb/v7e-m+fp/hard/crtend.o
LOAD C:/Users/takre_9xkzqg1/Downloads/Apps/STM32CubeIDE_1.16.1/STM32CubeIDE/plugins/com.st.stm32cube.ide.mcu.externaltools.gnu-tools-for-stm32.12.3.rel1.win32_1.0.200.202406191623/tools/bin/../lib/gcc/arm-none-eabi/12.3.1/thumb/v7e-m+fp/hard/crtn.o
                0x20020000                        _estack = (ORIGIN (RAM) + LENGTH (RAM))
                0x00000200                        _Min_Heap_Size = 0x200
                0x00000400                        _Min_Stack_Size = 0x400

.isr_vector     0x08000000      0x194
                0x08000000                        . = ALIGN (0x4)
 *(.isr_vector)
 .isr_vector    0x08000000      0x194 ./Core/Startup/startup_stm32l452rctx.o
                0x08000000                g_pfnVectors
                0x08000194                        . = ALIGN (0x4)

.text           0x080001a0     0x860c
                0x080001a0                        . = ALIGN (0x4)
 *(.text)
 .text          0x080001a0       0x40 C:/Users/takre_9xkzqg1/Downloads/Apps/STM32CubeIDE_1.16.1/STM32CubeIDE/plugins/com.st.stm32cube.ide.mcu.externaltools.gnu-tools-for-stm32.12.3.rel1.win32_1.0.200.202406191623/tools/bin/../lib/gcc/arm-none-eabi/12.3.1/thumb/v7e-m+fp/hard/crtbegin.o
 .text          0x080001e0       0x14 C:/Users/takre_9xkzqg1/Downloads/Apps/STM32CubeIDE_1.16.1/STM32CubeIDE/plugins/com.st.stm32cube.ide.mcu.externaltools.gnu-tools-for-stm32.12.3.rel1.win32_1.0.200.202406191623/tools/bin/../lib/gcc/arm-none-eabi/12.3.1/../../../../arm-none-eabi/lib/thumb/v7e-m+fp/hard\libc_nano.a(libc_a-strcmp.o)
                0x080001e0                strcmp
 *fill*         0x080001f4        0xc 
 .text          0x08000200       0xa0 C:/Users/takre_9xkzqg1/Downloads/Apps/STM32CubeIDE_1.16.1/STM32CubeIDE/plugins/com.st.stm32cube.ide.mcu.externaltools.gnu-tools-for-stm32.12.3.rel1.win32_1.0.200.202406191623/tools/bin/../lib/gcc/arm-none-eabi/12.3.1/../../../../arm-none-eabi/lib/thumb/v7e-m+fp/hard\libc_nano.a(libc_a-memchr.o)
                0x08000200                memchr
 .text          0x080002a0      0x378 C:/Users/takre_9xkzqg1/Downloads/Apps/STM32CubeIDE_1.16.1/STM32CubeIDE/plugins/com.st.stm32cube.ide.mcu.externaltools.gnu-tools-for-stm32.12.3.rel1.win32_1.0.200.202406191623/tools/bin/../lib/gcc/arm-none-eabi/12.3.1/thumb/v7e-m+fp/hard\libgcc.a(_arm_addsubdf3.o)
                0x080002a0                __aeabi_drsub
                0x080002a8                __aeabi_dsub
                0x080002a8                __subdf3
                0x080002ac                __aeabi_dadd
                0x080002ac                __adddf3
                0x08000524                __floatunsidf
                0x08000524                __aeabi_ui2d
                0x08000544                __floatsidf
                0x08000544                __aeabi_i2d
                0x08000568                __aeabi_f2d
                0x08000568                __extendsfdf2
                0x080005ac                __floatundidf
                0x080005ac                __aeabi_ul2d
                0x080005bc                __floatdidf
                0x080005bc                __aeabi_l2d
 .text          0x08000618      0x424 C:/Users/takre_9xkzqg1/Downloads/Apps/STM32CubeIDE_1.16.1/STM32CubeIDE/plugins/com.st.stm32cube.ide.mcu.externaltools.gnu-tools-for-stm32.12.3.rel1.win32_1.0.200.202406191623/tools/bin/../lib/gcc/arm-none-eabi/12.3.1/thumb/v7e-m+fp/hard\libgcc.a(_arm_muldivdf3.o)
                0x08000618                __aeabi_dmul
                0x08000618                __muldf3
                0x0800086c                __divdf3
                0x0800086c                __aeabi_ddiv
 .text          0x08000a3c      0x110 C:/Users/takre_9xkzqg1/Downloads/Apps/STM32CubeIDE_1.16.1/STM32CubeIDE/plugins/com.st.stm32cube.ide.mcu.externaltools.gnu-tools-for-stm32.12.3.rel1.win32_1.0.200.202406191623/tools/bin/../lib/gcc/arm-none-eabi/12.3.1/thumb/v7e-m+fp/hard\libgcc.a(_arm_cmpdf2.o)
                0x08000a3c                __gtdf2
                0x08000a3c                __gedf2
                0x08000a44                __ltdf2
                0x08000a44                __ledf2
                0x08000a4c                __nedf2
                0x08000a4c                __eqdf2
                0x08000a4c                __cmpdf2
                0x08000ac8                __aeabi_cdrcmple
                0x08000ad8                __aeabi_cdcmpeq
                0x08000ad8                __aeabi_cdcmple
                0x08000ae8                __aeabi_dcmpeq
                0x08000afc                __aeabi_dcmplt
                0x08000b10                __aeabi_dcmple
                0x08000b24                __aeabi_dcmpge
                0x08000b38                __aeabi_dcmpgt
 .text          0x08000b4c       0x2c C:/Users/takre_9xkzqg1/Downloads/Apps/STM32CubeIDE_1.16.1/STM32CubeIDE/plugins/com.st.stm32cube.ide.mcu.externaltools.gnu-tools-for-stm32.12.3.rel1.win32_1.0.200.202406191623/tools/bin/../lib/gcc/arm-none-eabi/12.3.1/thumb/v7e-m+fp/hard\libgcc.a(_arm_unorddf2.o)
                0x08000b4c                __unorddf2
                0x08000b4c                __aeabi_dcmpun
 .text          0x08000b78       0x40 C:/Users/takre_9xkzqg1/Downloads/Apps/STM32CubeIDE_1.16.1/STM32CubeIDE/plugins/com.st.stm32cube.ide.mcu.externaltools.gnu-tools-for-stm32.12.3.rel1.win32_1.0.200.202406191623/tools/bin/../lib/gcc/arm-none-eabi/12.3.1/thumb/v7e-m+fp/hard\libgcc.a(_arm_fixunsdfsi.o)
                0x08000b78                __aeabi_d2uiz
                0x08000b78                __fixunsdfsi
 *(.text*)
 .text.adc_channel_conv
                0x08000bb8       0x78 ./Core/Src/adc.o
                0x08000bb8                adc_channel_conv
 .text.convert_to_lux
                0x08000c30      0x168 ./Core/Src/light_sensor.o
                0x08000c30                convert_to_lux
 .text.light_i2c_read
                0x08000d98       0x30 ./Core/Src/light_sensor.o
                0x08000d98                light_i2c_read
 .text.light_level_to_lux_high
                0x08000dc8       0x50 ./Core/Src/light_sensor.o
 .text.light_level_to_lux_low
                0x08000e18       0x50 ./Core/Src/light_sensor.o
 .text.average_optimal_light_ints
                0x08000e68       0x4c ./Core/Src/light_sensor.o
 .text.get_light_value
                0x08000eb4       0x70 ./Core/Src/light_sensor.o
                0x08000eb4                get_light_value
 .text.check_light_intensity
                0x08000f24       0x64 ./Core/Src/light_sensor.o
                0x08000f24                check_light_intensity
 .text.HD44780_Init
                0x08000f88      0x114 ./Core/Src/liquidcrystal_i2c.o
                0x08000f88                HD44780_Init
 .text.HD44780_Clear
                0x0800109c       0x16 ./Core/Src/liquidcrystal_i2c.o
                0x0800109c                HD44780_Clear
 .text.HD44780_Home
                0x080010b2       0x16 ./Core/Src/liquidcrystal_i2c.o
                0x080010b2                HD44780_Home
 .text.HD44780_SetCursor
                0x080010c8       0x64 ./Core/Src/liquidcrystal_i2c.o
                0x080010c8                HD44780_SetCursor
 .text.HD44780_Display
                0x0800112c       0x2c ./Core/Src/liquidcrystal_i2c.o
                0x0800112c                HD44780_Display
 .text.HD44780_CreateSpecialChar
                0x08001158       0x52 ./Core/Src/liquidcrystal_i2c.o
                0x08001158                HD44780_CreateSpecialChar
 .text.HD44780_PrintStr
                0x080011aa       0x2a ./Core/Src/liquidcrystal_i2c.o
                0x080011aa                HD44780_PrintStr
 .text.HD44780_NoBacklight
                0x080011d4       0x18 ./Core/Src/liquidcrystal_i2c.o
                0x080011d4                HD44780_NoBacklight
 .text.HD44780_Backlight
                0x080011ec       0x18 ./Core/Src/liquidcrystal_i2c.o
                0x080011ec                HD44780_Backlight
 .text.SendCommand
                0x08001204       0x1c ./Core/Src/liquidcrystal_i2c.o
 .text.SendChar
                0x08001220       0x1c ./Core/Src/liquidcrystal_i2c.o
 .text.Send     0x0800123c       0x42 ./Core/Src/liquidcrystal_i2c.o
 .text.Write4Bits
                0x0800127e       0x22 ./Core/Src/liquidcrystal_i2c.o
 .text.ExpanderWrite
                0x080012a0       0x38 ./Core/Src/liquidcrystal_i2c.o
 .text.PulseEnable
                0x080012d8       0x3a ./Core/Src/liquidcrystal_i2c.o
 *fill*         0x08001312        0x2 
 .text.DelayInit
                0x08001314       0x3c ./Core/Src/liquidcrystal_i2c.o
 .text.DelayUS  0x08001350       0x4c ./Core/Src/liquidcrystal_i2c.o
 .text.update   0x0800139c       0x54 ./Core/Src/liquidcrystal_i2c.o
                0x0800139c                update
 .text.display_message_left
                0x080013f0       0x68 ./Core/Src/liquidcrystal_i2c.o
                0x080013f0                display_message_left
 .text.display_off
                0x08001458       0x10 ./Core/Src/liquidcrystal_i2c.o
                0x08001458                display_off
 .text.display_on
                0x08001468       0x28 ./Core/Src/liquidcrystal_i2c.o
                0x08001468                display_on
 .text.main     0x08001490      0x230 ./Core/Src/main.o
                0x08001490                main
 .text.SystemClock_Config
                0x080016c0       0xa8 ./Core/Src/main.o
                0x080016c0                SystemClock_Config
 .text.MX_ADC1_Init
                0x08001768       0xc8 ./Core/Src/main.o
 .text.MX_I2C3_Init
                0x08001830       0x80 ./Core/Src/main.o
 .text.MX_I2C4_Init
                0x080018b0       0x80 ./Core/Src/main.o
 .text.MX_RTC_Init
                0x08001930      0x120 ./Core/Src/main.o
 .text.MX_GPIO_Init
                0x08001a50      0x210 ./Core/Src/main.o
 .text.HAL_GPIO_EXTI_Callback
                0x08001c60       0x68 ./Core/Src/main.o
                0x08001c60                HAL_GPIO_EXTI_Callback
 .text.HAL_RTC_AlarmAEventCallback
                0x08001cc8       0x50 ./Core/Src/main.o
                0x08001cc8                HAL_RTC_AlarmAEventCallback
 .text.Error_Handler
                0x08001d18        0xc ./Core/Src/main.o
                0x08001d18                Error_Handler
 *fill*         0x08001d24        0x4 
 .text.adc_to_pct_moisture
                0x08001d28       0xb0 ./Core/Src/moisture_sensor.o
 .text.moisture_at_depth
                0x08001dd8      0x1a8 ./Core/Src/moisture_sensor.o
 .text.get_moisture_value
                0x08001f80       0xb8 ./Core/Src/moisture_sensor.o
                0x08001f80                get_moisture_value
 .text.check_moisture_level
                0x08002038       0x8c ./Core/Src/moisture_sensor.o
                0x08002038                check_moisture_level
 .text.toggle_flag
                0x080020c4       0x50 ./Core/Src/setup.o
                0x080020c4                toggle_flag
 .text.clear_flag
                0x08002114       0x24 ./Core/Src/setup.o
                0x08002114                clear_flag
 .text.scroll_plant
                0x08002138       0xac ./Core/Src/setup.o
 .text.select_plant
                0x080021e4       0x98 ./Core/Src/setup.o
                0x080021e4                select_plant
 .text.calibrate_moisture
                0x0800227c       0xec ./Core/Src/setup.o
                0x0800227c                calibrate_moisture
 .text.scroll_depth
                0x08002368       0xb8 ./Core/Src/setup.o
 .text.select_pot_depth
                0x08002420       0x80 ./Core/Src/setup.o
                0x08002420                select_pot_depth
 .text.change_setup
                0x080024a0      0x110 ./Core/Src/setup.o
                0x080024a0                change_setup
 .text.HAL_MspInit
                0x080025b0       0x48 ./Core/Src/stm32l4xx_hal_msp.o
                0x080025b0                HAL_MspInit
 .text.HAL_ADC_MspInit
                0x080025f8       0xd0 ./Core/Src/stm32l4xx_hal_msp.o
                0x080025f8                HAL_ADC_MspInit
 .text.HAL_I2C_MspInit
                0x080026c8      0x18c ./Core/Src/stm32l4xx_hal_msp.o
                0x080026c8                HAL_I2C_MspInit
 .text.HAL_RTC_MspInit
                0x08002854       0x70 ./Core/Src/stm32l4xx_hal_msp.o
                0x08002854                HAL_RTC_MspInit
 .text.NMI_Handler
                0x080028c4        0x8 ./Core/Src/stm32l4xx_it.o
                0x080028c4                NMI_Handler
 .text.HardFault_Handler
                0x080028cc        0x8 ./Core/Src/stm32l4xx_it.o
                0x080028cc                HardFault_Handler
 .text.MemManage_Handler
                0x080028d4        0x8 ./Core/Src/stm32l4xx_it.o
                0x080028d4                MemManage_Handler
 .text.BusFault_Handler
                0x080028dc        0x8 ./Core/Src/stm32l4xx_it.o
                0x080028dc                BusFault_Handler
 .text.UsageFault_Handler
                0x080028e4        0x8 ./Core/Src/stm32l4xx_it.o
                0x080028e4                UsageFault_Handler
 .text.SVC_Handler
                0x080028ec        0xe ./Core/Src/stm32l4xx_it.o
                0x080028ec                SVC_Handler
 .text.DebugMon_Handler
                0x080028fa        0xe ./Core/Src/stm32l4xx_it.o
                0x080028fa                DebugMon_Handler
 .text.PendSV_Handler
                0x08002908        0xe ./Core/Src/stm32l4xx_it.o
                0x08002908                PendSV_Handler
 .text.SysTick_Handler
                0x08002916        0xc ./Core/Src/stm32l4xx_it.o
                0x08002916                SysTick_Handler
 .text.EXTI1_IRQHandler
                0x08002922        0xe ./Core/Src/stm32l4xx_it.o
                0x08002922                EXTI1_IRQHandler
 .text.EXTI2_IRQHandler
                0x08002930        0xe ./Core/Src/stm32l4xx_it.o
                0x08002930                EXTI2_IRQHandler
 .text.EXTI9_5_IRQHandler
                0x0800293e        0xe ./Core/Src/stm32l4xx_it.o
                0x0800293e                EXTI9_5_IRQHandler
 .text.EXTI15_10_IRQHandler
                0x0800294c       0x10 ./Core/Src/stm32l4xx_it.o
                0x0800294c                EXTI15_10_IRQHandler
 .text.RTC_Alarm_IRQHandler
                0x0800295c       0x14 ./Core/Src/stm32l4xx_it.o
                0x0800295c                RTC_Alarm_IRQHandler
 .text._sbrk    0x08002970       0x6c ./Core/Src/sysmem.o
                0x08002970                _sbrk
 .text.SystemInit
                0x080029dc       0x24 ./Core/Src/system_stm32l4xx.o
                0x080029dc                SystemInit
 .text.display_alert
                0x08002a00      0x104 ./Core/Src/user_interaction.o
 .text.update_alert
                0x08002b04       0x2c ./Core/Src/user_interaction.o
                0x08002b04                update_alert
 .text.count_alerts
                0x08002b30       0x4c ./Core/Src/user_interaction.o
                0x08002b30                count_alerts
 .text.show_alerts
                0x08002b7c      0x158 ./Core/Src/user_interaction.o
                0x08002b7c                show_alerts
 .text.display_toggle
                0x08002cd4       0x3c ./Core/Src/user_interaction.o
                0x08002cd4                display_toggle
 .text._write_register
                0x08002d10       0x48 ./Core/Src/veml7700.o
 .text._read_register
                0x08002d58       0x5a ./Core/Src/veml7700.o
 .text.veml7700_init
                0x08002db2       0x44 ./Core/Src/veml7700.o
                0x08002db2                veml7700_init
 .text.veml7700_power_on
                0x08002df6       0x32 ./Core/Src/veml7700.o
                0x08002df6                veml7700_power_on
 .text.veml7700_shutdown
                0x08002e28       0x32 ./Core/Src/veml7700.o
                0x08002e28                veml7700_shutdown
 .text.veml7700_read_als
                0x08002e5a       0x1a ./Core/Src/veml7700.o
                0x08002e5a                veml7700_read_als
 .text.Reset_Handler
                0x08002e74       0x50 ./Core/Startup/startup_stm32l452rctx.o
                0x08002e74                Reset_Handler
 .text.Default_Handler
                0x08002ec4        0x2 ./Core/Startup/startup_stm32l452rctx.o
                0x08002ec4                TIM1_CC_IRQHandler
                0x08002ec4                TSC_IRQHandler
                0x08002ec4                TAMP_STAMP_IRQHandler
                0x08002ec4                EXTI3_IRQHandler
                0x08002ec4                LPTIM2_IRQHandler
                0x08002ec4                DFSDM1_FLT1_IRQHandler
                0x08002ec4                I2C3_ER_IRQHandler
                0x08002ec4                EXTI0_IRQHandler
                0x08002ec4                I2C2_EV_IRQHandler
                0x08002ec4                CAN1_RX0_IRQHandler
                0x08002ec4                FPU_IRQHandler
                0x08002ec4                TIM1_UP_TIM16_IRQHandler
                0x08002ec4                SPI1_IRQHandler
                0x08002ec4                TIM6_DAC_IRQHandler
                0x08002ec4                DMA2_Channel2_IRQHandler
                0x08002ec4                DMA1_Channel4_IRQHandler
                0x08002ec4                ADC1_IRQHandler
                0x08002ec4                USART3_IRQHandler
                0x08002ec4                DMA1_Channel7_IRQHandler
                0x08002ec4                CAN1_RX1_IRQHandler
                0x08002ec4                DMA2_Channel1_IRQHandler
                0x08002ec4                QUADSPI_IRQHandler
                0x08002ec4                I2C1_EV_IRQHandler
                0x08002ec4                DMA1_Channel6_IRQHandler
                0x08002ec4                UART4_IRQHandler
                0x08002ec4                DMA2_Channel4_IRQHandler
                0x08002ec4                TIM3_IRQHandler
                0x08002ec4                RCC_IRQHandler
                0x08002ec4                TIM1_TRG_COM_IRQHandler
                0x08002ec4                DMA1_Channel1_IRQHandler
                0x08002ec4                Default_Handler
                0x08002ec4                DMA2_Channel7_IRQHandler
                0x08002ec4                SDMMC1_IRQHandler
                0x08002ec4                I2C3_EV_IRQHandler
                0x08002ec4                USB_IRQHandler
                0x08002ec4                RTC_WKUP_IRQHandler
                0x08002ec4                PVD_PVM_IRQHandler
                0x08002ec4                SPI2_IRQHandler
                0x08002ec4                CAN1_TX_IRQHandler
                0x08002ec4                DMA2_Channel5_IRQHandler
                0x08002ec4                CRS_IRQHandler
                0x08002ec4                DMA1_Channel5_IRQHandler
                0x08002ec4                EXTI4_IRQHandler
                0x08002ec4                RNG_IRQHandler
                0x08002ec4                DMA1_Channel3_IRQHandler
                0x08002ec4                COMP_IRQHandler
                0x08002ec4                WWDG_IRQHandler
                0x08002ec4                I2C4_EV_IRQHandler
                0x08002ec4                LPUART1_IRQHandler
                0x08002ec4                DMA2_Channel6_IRQHandler
                0x08002ec4                TIM2_IRQHandler
                0x08002ec4                USART2_IRQHandler
                0x08002ec4                DFSDM1_FLT0_IRQHandler
                0x08002ec4                I2C2_ER_IRQHandler
                0x08002ec4                DMA1_Channel2_IRQHandler
                0x08002ec4                CAN1_SCE_IRQHandler
                0x08002ec4                FLASH_IRQHandler
                0x08002ec4                USART1_IRQHandler
                0x08002ec4                SPI3_IRQHandler
                0x08002ec4                I2C1_ER_IRQHandler
                0x08002ec4                LPTIM1_IRQHandler
                0x08002ec4                I2C4_ER_IRQHandler
                0x08002ec4                SAI1_IRQHandler
                0x08002ec4                DMA2_Channel3_IRQHandler
                0x08002ec4                TIM1_BRK_TIM15_IRQHandler
 .text.HAL_Init
                0x08002ec6       0x30 ./Drivers/STM32L4xx_HAL_Driver/Src/stm32l4xx_hal.o
                0x08002ec6                HAL_Init
 *fill*         0x08002ef6        0x2 
 .text.HAL_InitTick
                0x08002ef8       0x78 ./Drivers/STM32L4xx_HAL_Driver/Src/stm32l4xx_hal.o
                0x08002ef8                HAL_InitTick
 .text.HAL_IncTick
                0x08002f70       0x28 ./Drivers/STM32L4xx_HAL_Driver/Src/stm32l4xx_hal.o
                0x08002f70                HAL_IncTick
 .text.HAL_GetTick
                0x08002f98       0x18 ./Drivers/STM32L4xx_HAL_Driver/Src/stm32l4xx_hal.o
                0x08002f98                HAL_GetTick
 .text.HAL_Delay
                0x08002fb0       0x48 ./Drivers/STM32L4xx_HAL_Driver/Src/stm32l4xx_hal.o
                0x08002fb0                HAL_Delay
 .text.LL_ADC_SetCommonClock
                0x08002ff8       0x26 ./Drivers/STM32L4xx_HAL_Driver/Src/stm32l4xx_hal_adc.o
 .text.LL_ADC_SetCommonPathInternalCh
                0x0800301e       0x26 ./Drivers/STM32L4xx_HAL_Driver/Src/stm32l4xx_hal_adc.o
 .text.LL_ADC_GetCommonPathInternalCh
                0x08003044       0x1c ./Drivers/STM32L4xx_HAL_Driver/Src/stm32l4xx_hal_adc.o
 .text.LL_ADC_SetOffset
                0x08003060       0x48 ./Drivers/STM32L4xx_HAL_Driver/Src/stm32l4xx_hal_adc.o
 .text.LL_ADC_GetOffsetChannel
                0x080030a8       0x2c ./Drivers/STM32L4xx_HAL_Driver/Src/stm32l4xx_hal_adc.o
 .text.LL_ADC_SetOffsetState
                0x080030d4       0x36 ./Drivers/STM32L4xx_HAL_Driver/Src/stm32l4xx_hal_adc.o
 .text.LL_ADC_SetSamplingTimeCommonConfig
                0x0800310a       0x26 ./Drivers/STM32L4xx_HAL_Driver/Src/stm32l4xx_hal_adc.o
 .text.LL_ADC_REG_IsTriggerSourceSWStart
                0x08003130       0x26 ./Drivers/STM32L4xx_HAL_Driver/Src/stm32l4xx_hal_adc.o
 .text.LL_ADC_REG_SetSequencerRanks
                0x08003156       0x58 ./Drivers/STM32L4xx_HAL_Driver/Src/stm32l4xx_hal_adc.o
 .text.LL_ADC_SetChannelSamplingTime
                0x080031ae       0x56 ./Drivers/STM32L4xx_HAL_Driver/Src/stm32l4xx_hal_adc.o
 .text.LL_ADC_SetChannelSingleDiff
                0x08003204       0x48 ./Drivers/STM32L4xx_HAL_Driver/Src/stm32l4xx_hal_adc.o
 .text.LL_ADC_DisableDeepPowerDown
                0x0800324c       0x24 ./Drivers/STM32L4xx_HAL_Driver/Src/stm32l4xx_hal_adc.o
 .text.LL_ADC_IsDeepPowerDownEnabled
                0x08003270       0x28 ./Drivers/STM32L4xx_HAL_Driver/Src/stm32l4xx_hal_adc.o
 .text.LL_ADC_EnableInternalRegulator
                0x08003298       0x28 ./Drivers/STM32L4xx_HAL_Driver/Src/stm32l4xx_hal_adc.o
 .text.LL_ADC_IsInternalRegulatorEnabled
                0x080032c0       0x28 ./Drivers/STM32L4xx_HAL_Driver/Src/stm32l4xx_hal_adc.o
 .text.LL_ADC_Enable
                0x080032e8       0x28 ./Drivers/STM32L4xx_HAL_Driver/Src/stm32l4xx_hal_adc.o
 .text.LL_ADC_IsEnabled
                0x08003310       0x26 ./Drivers/STM32L4xx_HAL_Driver/Src/stm32l4xx_hal_adc.o
 .text.LL_ADC_REG_StartConversion
                0x08003336       0x28 ./Drivers/STM32L4xx_HAL_Driver/Src/stm32l4xx_hal_adc.o
 .text.LL_ADC_REG_IsConversionOngoing
                0x0800335e       0x26 ./Drivers/STM32L4xx_HAL_Driver/Src/stm32l4xx_hal_adc.o
 .text.LL_ADC_INJ_IsConversionOngoing
                0x08003384       0x26 ./Drivers/STM32L4xx_HAL_Driver/Src/stm32l4xx_hal_adc.o
 *fill*         0x080033aa        0x2 
 .text.HAL_ADC_Init
                0x080033ac      0x28c ./Drivers/STM32L4xx_HAL_Driver/Src/stm32l4xx_hal_adc.o
                0x080033ac                HAL_ADC_Init
 .text.HAL_ADC_Start
                0x08003638       0xc6 ./Drivers/STM32L4xx_HAL_Driver/Src/stm32l4xx_hal_adc.o
                0x08003638                HAL_ADC_Start
 .text.HAL_ADC_PollForConversion
                0x080036fe      0x11e ./Drivers/STM32L4xx_HAL_Driver/Src/stm32l4xx_hal_adc.o
                0x080036fe                HAL_ADC_PollForConversion
 .text.HAL_ADC_GetValue
                0x0800381c       0x1a ./Drivers/STM32L4xx_HAL_Driver/Src/stm32l4xx_hal_adc.o
                0x0800381c                HAL_ADC_GetValue
 *fill*         0x08003836        0x2 
 .text.HAL_ADC_ConfigChannel
                0x08003838      0x7f8 ./Drivers/STM32L4xx_HAL_Driver/Src/stm32l4xx_hal_adc.o
                0x08003838                HAL_ADC_ConfigChannel
 .text.ADC_Enable
                0x08004030      0x10c ./Drivers/STM32L4xx_HAL_Driver/Src/stm32l4xx_hal_adc.o
                0x08004030                ADC_Enable
 .text.__NVIC_SetPriorityGrouping
                0x0800413c       0x48 ./Drivers/STM32L4xx_HAL_Driver/Src/stm32l4xx_hal_cortex.o
 .text.__NVIC_GetPriorityGrouping
                0x08004184       0x1c ./Drivers/STM32L4xx_HAL_Driver/Src/stm32l4xx_hal_cortex.o
 .text.__NVIC_EnableIRQ
                0x080041a0       0x3c ./Drivers/STM32L4xx_HAL_Driver/Src/stm32l4xx_hal_cortex.o
 .text.__NVIC_SetPriority
                0x080041dc       0x54 ./Drivers/STM32L4xx_HAL_Driver/Src/stm32l4xx_hal_cortex.o
 .text.NVIC_EncodePriority
                0x08004230       0x66 ./Drivers/STM32L4xx_HAL_Driver/Src/stm32l4xx_hal_cortex.o
 *fill*         0x08004296        0x2 
 .text.SysTick_Config
                0x08004298       0x44 ./Drivers/STM32L4xx_HAL_Driver/Src/stm32l4xx_hal_cortex.o
 .text.HAL_NVIC_SetPriorityGrouping
                0x080042dc       0x16 ./Drivers/STM32L4xx_HAL_Driver/Src/stm32l4xx_hal_cortex.o
                0x080042dc                HAL_NVIC_SetPriorityGrouping
 .text.HAL_NVIC_SetPriority
                0x080042f2       0x38 ./Drivers/STM32L4xx_HAL_Driver/Src/stm32l4xx_hal_cortex.o
                0x080042f2                HAL_NVIC_SetPriority
 .text.HAL_NVIC_EnableIRQ
                0x0800432a       0x1c ./Drivers/STM32L4xx_HAL_Driver/Src/stm32l4xx_hal_cortex.o
                0x0800432a                HAL_NVIC_EnableIRQ
 .text.HAL_SYSTICK_Config
                0x08004346       0x18 ./Drivers/STM32L4xx_HAL_Driver/Src/stm32l4xx_hal_cortex.o
                0x08004346                HAL_SYSTICK_Config
 *fill*         0x0800435e        0x2 
 .text.HAL_GPIO_Init
                0x08004360      0x2f4 ./Drivers/STM32L4xx_HAL_Driver/Src/stm32l4xx_hal_gpio.o
                0x08004360                HAL_GPIO_Init
 .text.HAL_GPIO_WritePin
                0x08004654       0x30 ./Drivers/STM32L4xx_HAL_Driver/Src/stm32l4xx_hal_gpio.o
                0x08004654                HAL_GPIO_WritePin
 .text.HAL_GPIO_EXTI_IRQHandler
                0x08004684       0x30 ./Drivers/STM32L4xx_HAL_Driver/Src/stm32l4xx_hal_gpio.o
                0x08004684                HAL_GPIO_EXTI_IRQHandler
 .text.HAL_I2C_Init
                0x080046b4      0x136 ./Drivers/STM32L4xx_HAL_Driver/Src/stm32l4xx_hal_i2c.o
                0x080046b4                HAL_I2C_Init
 *fill*         0x080047ea        0x2 
 .text.HAL_I2C_Master_Transmit
                0x080047ec      0x230 ./Drivers/STM32L4xx_HAL_Driver/Src/stm32l4xx_hal_i2c.o
                0x080047ec                HAL_I2C_Master_Transmit
 .text.HAL_I2C_Mem_Read
                0x08004a1c      0x234 ./Drivers/STM32L4xx_HAL_Driver/Src/stm32l4xx_hal_i2c.o
                0x08004a1c                HAL_I2C_Mem_Read
 .text.I2C_RequestMemoryRead
                0x08004c50       0xa8 ./Drivers/STM32L4xx_HAL_Driver/Src/stm32l4xx_hal_i2c.o
 .text.I2C_Flush_TXDR
                0x08004cf8       0x48 ./Drivers/STM32L4xx_HAL_Driver/Src/stm32l4xx_hal_i2c.o
 .text.I2C_WaitOnFlagUntilTimeout
                0x08004d40       0xb2 ./Drivers/STM32L4xx_HAL_Driver/Src/stm32l4xx_hal_i2c.o
 .text.I2C_WaitOnTXISFlagUntilTimeout
                0x08004df2       0x8e ./Drivers/STM32L4xx_HAL_Driver/Src/stm32l4xx_hal_i2c.o
 .text.I2C_WaitOnSTOPFlagUntilTimeout
                0x08004e80       0x86 ./Drivers/STM32L4xx_HAL_Driver/Src/stm32l4xx_hal_i2c.o
 *fill*         0x08004f06        0x2 
 .text.I2C_IsErrorOccurred
                0x08004f08      0x1c0 ./Drivers/STM32L4xx_HAL_Driver/Src/stm32l4xx_hal_i2c.o
 .text.I2C_TransferConfig
                0x080050c8       0x64 ./Drivers/STM32L4xx_HAL_Driver/Src/stm32l4xx_hal_i2c.o
 .text.HAL_I2CEx_ConfigAnalogFilter
                0x0800512c       0x96 ./Drivers/STM32L4xx_HAL_Driver/Src/stm32l4xx_hal_i2c_ex.o
                0x0800512c                HAL_I2CEx_ConfigAnalogFilter
 .text.HAL_I2CEx_ConfigDigitalFilter
                0x080051c2       0x98 ./Drivers/STM32L4xx_HAL_Driver/Src/stm32l4xx_hal_i2c_ex.o
                0x080051c2                HAL_I2CEx_ConfigDigitalFilter
 *fill*         0x0800525a        0x2 
 .text.HAL_PWREx_GetVoltageRange
                0x0800525c       0x1c ./Drivers/STM32L4xx_HAL_Driver/Src/stm32l4xx_hal_pwr_ex.o
                0x0800525c                HAL_PWREx_GetVoltageRange
 .text.HAL_PWREx_ControlVoltageScaling
                0x08005278       0xac ./Drivers/STM32L4xx_HAL_Driver/Src/stm32l4xx_hal_pwr_ex.o
                0x08005278                HAL_PWREx_ControlVoltageScaling
 .text.HAL_RCC_OscConfig
                0x08005324      0x828 ./Drivers/STM32L4xx_HAL_Driver/Src/stm32l4xx_hal_rcc.o
                0x08005324                HAL_RCC_OscConfig
 .text.HAL_RCC_ClockConfig
                0x08005b4c      0x200 ./Drivers/STM32L4xx_HAL_Driver/Src/stm32l4xx_hal_rcc.o
                0x08005b4c                HAL_RCC_ClockConfig
 .text.HAL_RCC_GetSysClockFreq
                0x08005d4c      0x118 ./Drivers/STM32L4xx_HAL_Driver/Src/stm32l4xx_hal_rcc.o
                0x08005d4c                HAL_RCC_GetSysClockFreq
 .text.RCC_SetFlashLatencyFromMSIRange
                0x08005e64       0xc0 ./Drivers/STM32L4xx_HAL_Driver/Src/stm32l4xx_hal_rcc.o
 .text.HAL_RCCEx_PeriphCLKConfig
                0x08005f24      0x4d8 ./Drivers/STM32L4xx_HAL_Driver/Src/stm32l4xx_hal_rcc_ex.o
                0x08005f24                HAL_RCCEx_PeriphCLKConfig
 .text.RCCEx_PLLSAI1_Config
                0x080063fc      0x1e4 ./Drivers/STM32L4xx_HAL_Driver/Src/stm32l4xx_hal_rcc_ex.o
 .text.HAL_RTC_Init
                0x080065e0      0x110 ./Drivers/STM32L4xx_HAL_Driver/Src/stm32l4xx_hal_rtc.o
                0x080065e0                HAL_RTC_Init
 .text.HAL_RTC_SetTime
                0x080066f0      0x13a ./Drivers/STM32L4xx_HAL_Driver/Src/stm32l4xx_hal_rtc.o
                0x080066f0                HAL_RTC_SetTime
 .text.HAL_RTC_SetDate
                0x0800682a      0x10e ./Drivers/STM32L4xx_HAL_Driver/Src/stm32l4xx_hal_rtc.o
                0x0800682a                HAL_RTC_SetDate
 .text.HAL_RTC_SetAlarm_IT
                0x08006938      0x278 ./Drivers/STM32L4xx_HAL_Driver/Src/stm32l4xx_hal_rtc.o
                0x08006938                HAL_RTC_SetAlarm_IT
 .text.HAL_RTC_GetAlarm
                0x08006bb0      0x180 ./Drivers/STM32L4xx_HAL_Driver/Src/stm32l4xx_hal_rtc.o
                0x08006bb0                HAL_RTC_GetAlarm
 .text.HAL_RTC_AlarmIRQHandler
                0x08006d30       0x8c ./Drivers/STM32L4xx_HAL_Driver/Src/stm32l4xx_hal_rtc.o
                0x08006d30                HAL_RTC_AlarmIRQHandler
 .text.HAL_RTC_WaitForSynchro
                0x08006dbc       0x48 ./Drivers/STM32L4xx_HAL_Driver/Src/stm32l4xx_hal_rtc.o
                0x08006dbc                HAL_RTC_WaitForSynchro
 .text.RTC_EnterInitMode
                0x08006e04       0x66 ./Drivers/STM32L4xx_HAL_Driver/Src/stm32l4xx_hal_rtc.o
                0x08006e04                RTC_EnterInitMode
 *fill*         0x08006e6a        0x2 
 .text.RTC_ExitInitMode
                0x08006e6c       0x7c ./Drivers/STM32L4xx_HAL_Driver/Src/stm32l4xx_hal_rtc.o
                0x08006e6c                RTC_ExitInitMode
 .text.RTC_ByteToBcd2
                0x08006ee8       0x40 ./Drivers/STM32L4xx_HAL_Driver/Src/stm32l4xx_hal_rtc.o
                0x08006ee8                RTC_ByteToBcd2
 .text.RTC_Bcd2ToByte
                0x08006f28       0x34 ./Drivers/STM32L4xx_HAL_Driver/Src/stm32l4xx_hal_rtc.o
                0x08006f28                RTC_Bcd2ToByte
 .text.HAL_RTCEx_AlarmBEventCallback
                0x08006f5c       0x14 ./Drivers/STM32L4xx_HAL_Driver/Src/stm32l4xx_hal_rtc_ex.o
                0x08006f5c                HAL_RTCEx_AlarmBEventCallback
 .text.sprintf  0x08006f70       0x40 C:/Users/takre_9xkzqg1/Downloads/Apps/STM32CubeIDE_1.16.1/STM32CubeIDE/plugins/com.st.stm32cube.ide.mcu.externaltools.gnu-tools-for-stm32.12.3.rel1.win32_1.0.200.202406191623/tools/bin/../lib/gcc/arm-none-eabi/12.3.1/../../../../arm-none-eabi/lib/thumb/v7e-m+fp/hard\libc_nano.a(libc_a-sprintf.o)
                0x08006f70                siprintf
                0x08006f70                sprintf
 .text.memset   0x08006fb0       0x10 C:/Users/takre_9xkzqg1/Downloads/Apps/STM32CubeIDE_1.16.1/STM32CubeIDE/plugins/com.st.stm32cube.ide.mcu.externaltools.gnu-tools-for-stm32.12.3.rel1.win32_1.0.200.202406191623/tools/bin/../lib/gcc/arm-none-eabi/12.3.1/../../../../arm-none-eabi/lib/thumb/v7e-m+fp/hard\libc_nano.a(libc_a-memset.o)
                0x08006fb0                memset
 .text.strncpy  0x08006fc0       0x26 C:/Users/takre_9xkzqg1/Downloads/Apps/STM32CubeIDE_1.16.1/STM32CubeIDE/plugins/com.st.stm32cube.ide.mcu.externaltools.gnu-tools-for-stm32.12.3.rel1.win32_1.0.200.202406191623/tools/bin/../lib/gcc/arm-none-eabi/12.3.1/../../../../arm-none-eabi/lib/thumb/v7e-m+fp/hard\libc_nano.a(libc_a-strncpy.o)
                0x08006fc0                strncpy
 *fill*         0x08006fe6        0x2 
 .text.__errno  0x08006fe8        0xc C:/Users/takre_9xkzqg1/Downloads/Apps/STM32CubeIDE_1.16.1/STM32CubeIDE/plugins/com.st.stm32cube.ide.mcu.externaltools.gnu-tools-for-stm32.12.3.rel1.win32_1.0.200.202406191623/tools/bin/../lib/gcc/arm-none-eabi/12.3.1/../../../../arm-none-eabi/lib/thumb/v7e-m+fp/hard\libc_nano.a(libc_a-errno.o)
                0x08006fe8                __errno
 .text.__libc_init_array
                0x08006ff4       0x48 C:/Users/takre_9xkzqg1/Downloads/Apps/STM32CubeIDE_1.16.1/STM32CubeIDE/plugins/com.st.stm32cube.ide.mcu.externaltools.gnu-tools-for-stm32.12.3.rel1.win32_1.0.200.202406191623/tools/bin/../lib/gcc/arm-none-eabi/12.3.1/../../../../arm-none-eabi/lib/thumb/v7e-m+fp/hard\libc_nano.a(libc_a-init.o)
                0x08006ff4                __libc_init_array
 .text.__retarget_lock_acquire_recursive
                0x0800703c        0x2 C:/Users/takre_9xkzqg1/Downloads/Apps/STM32CubeIDE_1.16.1/STM32CubeIDE/plugins/com.st.stm32cube.ide.mcu.externaltools.gnu-tools-for-stm32.12.3.rel1.win32_1.0.200.202406191623/tools/bin/../lib/gcc/arm-none-eabi/12.3.1/../../../../arm-none-eabi/lib/thumb/v7e-m+fp/hard\libc_nano.a(libc_a-lock.o)
                0x0800703c                __retarget_lock_acquire_recursive
 .text.__retarget_lock_release_recursive
                0x0800703e        0x2 C:/Users/takre_9xkzqg1/Downloads/Apps/STM32CubeIDE_1.16.1/STM32CubeIDE/plugins/com.st.stm32cube.ide.mcu.externaltools.gnu-tools-for-stm32.12.3.rel1.win32_1.0.200.202406191623/tools/bin/../lib/gcc/arm-none-eabi/12.3.1/../../../../arm-none-eabi/lib/thumb/v7e-m+fp/hard\libc_nano.a(libc_a-lock.o)
                0x0800703e                __retarget_lock_release_recursive
 .text.memcpy   0x08007040       0x1c C:/Users/takre_9xkzqg1/Downloads/Apps/STM32CubeIDE_1.16.1/STM32CubeIDE/plugins/com.st.stm32cube.ide.mcu.externaltools.gnu-tools-for-stm32.12.3.rel1.win32_1.0.200.202406191623/tools/bin/../lib/gcc/arm-none-eabi/12.3.1/../../../../arm-none-eabi/lib/thumb/v7e-m+fp/hard\libc_nano.a(libc_a-memcpy-stub.o)
                0x08007040                memcpy
 .text._free_r  0x0800705c       0x94 C:/Users/takre_9xkzqg1/Downloads/Apps/STM32CubeIDE_1.16.1/STM32CubeIDE/plugins/com.st.stm32cube.ide.mcu.externaltools.gnu-tools-for-stm32.12.3.rel1.win32_1.0.200.202406191623/tools/bin/../lib/gcc/arm-none-eabi/12.3.1/../../../../arm-none-eabi/lib/thumb/v7e-m+fp/hard\libc_nano.a(libc_a-freer.o)
                0x0800705c                _free_r
 .text.sbrk_aligned
                0x080070f0       0x44 C:/Users/takre_9xkzqg1/Downloads/Apps/STM32CubeIDE_1.16.1/STM32CubeIDE/plugins/com.st.stm32cube.ide.mcu.externaltools.gnu-tools-for-stm32.12.3.rel1.win32_1.0.200.202406191623/tools/bin/../lib/gcc/arm-none-eabi/12.3.1/../../../../arm-none-eabi/lib/thumb/v7e-m+fp/hard\libc_nano.a(libc_a-mallocr.o)
 .text._malloc_r
                0x08007134      0x100 C:/Users/takre_9xkzqg1/Downloads/Apps/STM32CubeIDE_1.16.1/STM32CubeIDE/plugins/com.st.stm32cube.ide.mcu.externaltools.gnu-tools-for-stm32.12.3.rel1.win32_1.0.200.202406191623/tools/bin/../lib/gcc/arm-none-eabi/12.3.1/../../../../arm-none-eabi/lib/thumb/v7e-m+fp/hard\libc_nano.a(libc_a-mallocr.o)
                0x08007134                _malloc_r
 .text.__malloc_lock
                0x08007234        0xc C:/Users/takre_9xkzqg1/Downloads/Apps/STM32CubeIDE_1.16.1/STM32CubeIDE/plugins/com.st.stm32cube.ide.mcu.externaltools.gnu-tools-for-stm32.12.3.rel1.win32_1.0.200.202406191623/tools/bin/../lib/gcc/arm-none-eabi/12.3.1/../../../../arm-none-eabi/lib/thumb/v7e-m+fp/hard\libc_nano.a(libc_a-mlock.o)
                0x08007234                __malloc_lock
 .text.__malloc_unlock
                0x08007240        0xc C:/Users/takre_9xkzqg1/Downloads/Apps/STM32CubeIDE_1.16.1/STM32CubeIDE/plugins/com.st.stm32cube.ide.mcu.externaltools.gnu-tools-for-stm32.12.3.rel1.win32_1.0.200.202406191623/tools/bin/../lib/gcc/arm-none-eabi/12.3.1/../../../../arm-none-eabi/lib/thumb/v7e-m+fp/hard\libc_nano.a(libc_a-mlock.o)
                0x08007240                __malloc_unlock
 .text.__ssputs_r
                0x0800724c       0xb6 C:/Users/takre_9xkzqg1/Downloads/Apps/STM32CubeIDE_1.16.1/STM32CubeIDE/plugins/com.st.stm32cube.ide.mcu.externaltools.gnu-tools-for-stm32.12.3.rel1.win32_1.0.200.202406191623/tools/bin/../lib/gcc/arm-none-eabi/12.3.1/../../../../arm-none-eabi/lib/thumb/v7e-m+fp/hard\libc_nano.a(libc_a-nano-svfprintf.o)
                0x0800724c                __ssputs_r
 *fill*         0x08007302        0x2 
 .text._svfprintf_r
                0x08007304      0x1f8 C:/Users/takre_9xkzqg1/Downloads/Apps/STM32CubeIDE_1.16.1/STM32CubeIDE/plugins/com.st.stm32cube.ide.mcu.externaltools.gnu-tools-for-stm32.12.3.rel1.win32_1.0.200.202406191623/tools/bin/../lib/gcc/arm-none-eabi/12.3.1/../../../../arm-none-eabi/lib/thumb/v7e-m+fp/hard\libc_nano.a(libc_a-nano-svfprintf.o)
                0x08007304                _svfiprintf_r
                0x08007304                _svfprintf_r
 .text._printf_common
                0x080074fc       0xda C:/Users/takre_9xkzqg1/Downloads/Apps/STM32CubeIDE_1.16.1/STM32CubeIDE/plugins/com.st.stm32cube.ide.mcu.externaltools.gnu-tools-for-stm32.12.3.rel1.win32_1.0.200.202406191623/tools/bin/../lib/gcc/arm-none-eabi/12.3.1/../../../../arm-none-eabi/lib/thumb/v7e-m+fp/hard\libc_nano.a(libc_a-nano-vfprintf_i.o)
                0x080074fc                _printf_common
 *fill*         0x080075d6        0x2 
 .text._printf_i
                0x080075d8      0x240 C:/Users/takre_9xkzqg1/Downloads/Apps/STM32CubeIDE_1.16.1/STM32CubeIDE/plugins/com.st.stm32cube.ide.mcu.externaltools.gnu-tools-for-stm32.12.3.rel1.win32_1.0.200.202406191623/tools/bin/../lib/gcc/arm-none-eabi/12.3.1/../../../../arm-none-eabi/lib/thumb/v7e-m+fp/hard\libc_nano.a(libc_a-nano-vfprintf_i.o)
                0x080075d8                _printf_i
 .text.memmove  0x08007818       0x34 C:/Users/takre_9xkzqg1/Downloads/Apps/STM32CubeIDE_1.16.1/STM32CubeIDE/plugins/com.st.stm32cube.ide.mcu.externaltools.gnu-tools-for-stm32.12.3.rel1.win32_1.0.200.202406191623/tools/bin/../lib/gcc/arm-none-eabi/12.3.1/../../../../arm-none-eabi/lib/thumb/v7e-m+fp/hard\libc_nano.a(libc_a-memmove.o)
                0x08007818                memmove
 .text._sbrk_r  0x0800784c       0x20 C:/Users/takre_9xkzqg1/Downloads/Apps/STM32CubeIDE_1.16.1/STM32CubeIDE/plugins/com.st.stm32cube.ide.mcu.externaltools.gnu-tools-for-stm32.12.3.rel1.win32_1.0.200.202406191623/tools/bin/../lib/gcc/arm-none-eabi/12.3.1/../../../../arm-none-eabi/lib/thumb/v7e-m+fp/hard\libc_nano.a(libc_a-sbrkr.o)
                0x0800784c                _sbrk_r
 .text._realloc_r
                0x0800786c       0x5c C:/Users/takre_9xkzqg1/Downloads/Apps/STM32CubeIDE_1.16.1/STM32CubeIDE/plugins/com.st.stm32cube.ide.mcu.externaltools.gnu-tools-for-stm32.12.3.rel1.win32_1.0.200.202406191623/tools/bin/../lib/gcc/arm-none-eabi/12.3.1/../../../../arm-none-eabi/lib/thumb/v7e-m+fp/hard\libc_nano.a(libc_a-reallocr.o)
                0x0800786c                _realloc_r
 .text._malloc_usable_size_r
                0x080078c8       0x10 C:/Users/takre_9xkzqg1/Downloads/Apps/STM32CubeIDE_1.16.1/STM32CubeIDE/plugins/com.st.stm32cube.ide.mcu.externaltools.gnu-tools-for-stm32.12.3.rel1.win32_1.0.200.202406191623/tools/bin/../lib/gcc/arm-none-eabi/12.3.1/../../../../arm-none-eabi/lib/thumb/v7e-m+fp/hard\libc_nano.a(libc_a-msizer.o)
                0x080078c8                _malloc_usable_size_r
 .text.pow      0x080078d8       0xe0 C:/Users/takre_9xkzqg1/Downloads/Apps/STM32CubeIDE_1.16.1/STM32CubeIDE/plugins/com.st.stm32cube.ide.mcu.externaltools.gnu-tools-for-stm32.12.3.rel1.win32_1.0.200.202406191623/tools/bin/../lib/gcc/arm-none-eabi/12.3.1/../../../../arm-none-eabi/lib/thumb/v7e-m+fp/hard\libm.a(libm_a-w_pow.o)
                0x080078d8                pow
 .text.finite   0x080079b8       0x16 C:/Users/takre_9xkzqg1/Downloads/Apps/STM32CubeIDE_1.16.1/STM32CubeIDE/plugins/com.st.stm32cube.ide.mcu.externaltools.gnu-tools-for-stm32.12.3.rel1.win32_1.0.200.202406191623/tools/bin/../lib/gcc/arm-none-eabi/12.3.1/../../../../arm-none-eabi/lib/thumb/v7e-m+fp/hard\libm.a(libm_a-s_finite.o)
                0x080079b8                finite
 *fill*         0x080079ce        0x2 
 .text.__ieee754_pow
                0x080079d0      0xa88 C:/Users/takre_9xkzqg1/Downloads/Apps/STM32CubeIDE_1.16.1/STM32CubeIDE/plugins/com.st.stm32cube.ide.mcu.externaltools.gnu-tools-for-stm32.12.3.rel1.win32_1.0.200.202406191623/tools/bin/../lib/gcc/arm-none-eabi/12.3.1/../../../../arm-none-eabi/lib/thumb/v7e-m+fp/hard\libm.a(libm_a-e_pow.o)
                0x080079d0                __ieee754_pow
 .text.fabs     0x08008458       0x10 C:/Users/takre_9xkzqg1/Downloads/Apps/STM32CubeIDE_1.16.1/STM32CubeIDE/plugins/com.st.stm32cube.ide.mcu.externaltools.gnu-tools-for-stm32.12.3.rel1.win32_1.0.200.202406191623/tools/bin/../lib/gcc/arm-none-eabi/12.3.1/../../../../arm-none-eabi/lib/thumb/v7e-m+fp/hard\libm.a(libm_a-s_fabs.o)
                0x08008458                fabs
 .text.scalbn   0x08008468       0xfc C:/Users/takre_9xkzqg1/Downloads/Apps/STM32CubeIDE_1.16.1/STM32CubeIDE/plugins/com.st.stm32cube.ide.mcu.externaltools.gnu-tools-for-stm32.12.3.rel1.win32_1.0.200.202406191623/tools/bin/../lib/gcc/arm-none-eabi/12.3.1/../../../../arm-none-eabi/lib/thumb/v7e-m+fp/hard\libm.a(libm_a-s_scalbn.o)
                0x08008468                scalbn
 .text.with_errno
                0x08008564       0x24 C:/Users/takre_9xkzqg1/Downloads/Apps/STM32CubeIDE_1.16.1/STM32CubeIDE/plugins/com.st.stm32cube.ide.mcu.externaltools.gnu-tools-for-stm32.12.3.rel1.win32_1.0.200.202406191623/tools/bin/../lib/gcc/arm-none-eabi/12.3.1/../../../../arm-none-eabi/lib/thumb/v7e-m+fp/hard\libm.a(libm_a-math_err.o)
 .text.xflow    0x08008588       0x32 C:/Users/takre_9xkzqg1/Downloads/Apps/STM32CubeIDE_1.16.1/STM32CubeIDE/plugins/com.st.stm32cube.ide.mcu.externaltools.gnu-tools-for-stm32.12.3.rel1.win32_1.0.200.202406191623/tools/bin/../lib/gcc/arm-none-eabi/12.3.1/../../../../arm-none-eabi/lib/thumb/v7e-m+fp/hard\libm.a(libm_a-math_err.o)
 *fill*         0x080085ba        0x6 
 .text.__math_uflow
                0x080085c0       0x10 C:/Users/takre_9xkzqg1/Downloads/Apps/STM32CubeIDE_1.16.1/STM32CubeIDE/plugins/com.st.stm32cube.ide.mcu.externaltools.gnu-tools-for-stm32.12.3.rel1.win32_1.0.200.202406191623/tools/bin/../lib/gcc/arm-none-eabi/12.3.1/../../../../arm-none-eabi/lib/thumb/v7e-m+fp/hard\libm.a(libm_a-math_err.o)
                0x080085c0                __math_uflow
 .text.__math_oflow
                0x080085d0       0x10 C:/Users/takre_9xkzqg1/Downloads/Apps/STM32CubeIDE_1.16.1/STM32CubeIDE/plugins/com.st.stm32cube.ide.mcu.externaltools.gnu-tools-for-stm32.12.3.rel1.win32_1.0.200.202406191623/tools/bin/../lib/gcc/arm-none-eabi/12.3.1/../../../../arm-none-eabi/lib/thumb/v7e-m+fp/hard\libm.a(libm_a-math_err.o)
                0x080085d0                __math_oflow
 .text.__ieee754_sqrt
                0x080085e0      0x1b4 C:/Users/takre_9xkzqg1/Downloads/Apps/STM32CubeIDE_1.16.1/STM32CubeIDE/plugins/com.st.stm32cube.ide.mcu.externaltools.gnu-tools-for-stm32.12.3.rel1.win32_1.0.200.202406191623/tools/bin/../lib/gcc/arm-none-eabi/12.3.1/../../../../arm-none-eabi/lib/thumb/v7e-m+fp/hard\libm.a(libm_a-e_sqrt.o)
                0x080085e0                __ieee754_sqrt
 *(.glue_7)
 .glue_7        0x08008794        0x0 linker stubs
 *(.glue_7t)
 .glue_7t       0x08008794        0x0 linker stubs
 *(.eh_frame)
 .eh_frame      0x08008794        0x0 C:/Users/takre_9xkzqg1/Downloads/Apps/STM32CubeIDE_1.16.1/STM32CubeIDE/plugins/com.st.stm32cube.ide.mcu.externaltools.gnu-tools-for-stm32.12.3.rel1.win32_1.0.200.202406191623/tools/bin/../lib/gcc/arm-none-eabi/12.3.1/thumb/v7e-m+fp/hard/crtbegin.o
 *(.init)
 .init          0x08008794        0x4 C:/Users/takre_9xkzqg1/Downloads/Apps/STM32CubeIDE_1.16.1/STM32CubeIDE/plugins/com.st.stm32cube.ide.mcu.externaltools.gnu-tools-for-stm32.12.3.rel1.win32_1.0.200.202406191623/tools/bin/../lib/gcc/arm-none-eabi/12.3.1/thumb/v7e-m+fp/hard/crti.o
                0x08008794                _init
 .init          0x08008798        0x8 C:/Users/takre_9xkzqg1/Downloads/Apps/STM32CubeIDE_1.16.1/STM32CubeIDE/plugins/com.st.stm32cube.ide.mcu.externaltools.gnu-tools-for-stm32.12.3.rel1.win32_1.0.200.202406191623/tools/bin/../lib/gcc/arm-none-eabi/12.3.1/thumb/v7e-m+fp/hard/crtn.o
 *(.fini)
 .fini          0x080087a0        0x4 C:/Users/takre_9xkzqg1/Downloads/Apps/STM32CubeIDE_1.16.1/STM32CubeIDE/plugins/com.st.stm32cube.ide.mcu.externaltools.gnu-tools-for-stm32.12.3.rel1.win32_1.0.200.202406191623/tools/bin/../lib/gcc/arm-none-eabi/12.3.1/thumb/v7e-m+fp/hard/crti.o
                0x080087a0                _fini
 .fini          0x080087a4        0x8 C:/Users/takre_9xkzqg1/Downloads/Apps/STM32CubeIDE_1.16.1/STM32CubeIDE/plugins/com.st.stm32cube.ide.mcu.externaltools.gnu-tools-for-stm32.12.3.rel1.win32_1.0.200.202406191623/tools/bin/../lib/gcc/arm-none-eabi/12.3.1/thumb/v7e-m+fp/hard/crtn.o
                0x080087ac                        . = ALIGN (0x4)
                0x080087ac                        _etext = .

.vfp11_veneer   0x080087ac        0x0
 .vfp11_veneer  0x080087ac        0x0 linker stubs

.v4_bx          0x080087ac        0x0
 .v4_bx         0x080087ac        0x0 linker stubs

.iplt           0x080087ac        0x0
 .iplt          0x080087ac        0x0 C:/Users/takre_9xkzqg1/Downloads/Apps/STM32CubeIDE_1.16.1/STM32CubeIDE/plugins/com.st.stm32cube.ide.mcu.externaltools.gnu-tools-for-stm32.12.3.rel1.win32_1.0.200.202406191623/tools/bin/../lib/gcc/arm-none-eabi/12.3.1/thumb/v7e-m+fp/hard/crtbegin.o

.rodata         0x080087b0      0x2b0
                0x080087b0                        . = ALIGN (0x4)
 *(.rodata)
 .rodata        0x080087b0       0x13 ./Core/Src/liquidcrystal_i2c.o
 *fill*         0x080087c3        0x1 
 .rodata        0x080087c4       0x32 ./Core/Src/main.o
 *fill*         0x080087f6        0x2 
 .rodata        0x080087f8       0xfe ./Core/Src/setup.o
 *fill*         0x080088f6        0x2 
 .rodata        0x080088f8       0xba ./Core/Src/user_interaction.o
 *(.rodata*)
 *fill*         0x080089b2        0x2 
 .rodata.DRY_ADC_LEVEL
                0x080089b4        0x4 ./Core/Src/setup.o
                0x080089b4                DRY_ADC_LEVEL
 .rodata.AHBPrescTable
                0x080089b8       0x10 ./Core/Src/system_stm32l4xx.o
                0x080089b8                AHBPrescTable
 .rodata.MSIRangeTable
                0x080089c8       0x30 ./Core/Src/system_stm32l4xx.o
                0x080089c8                MSIRangeTable
 .rodata._svfprintf_r.str1.1
                0x080089f8       0x11 C:/Users/takre_9xkzqg1/Downloads/Apps/STM32CubeIDE_1.16.1/STM32CubeIDE/plugins/com.st.stm32cube.ide.mcu.externaltools.gnu-tools-for-stm32.12.3.rel1.win32_1.0.200.202406191623/tools/bin/../lib/gcc/arm-none-eabi/12.3.1/../../../../arm-none-eabi/lib/thumb/v7e-m+fp/hard\libc_nano.a(libc_a-nano-svfprintf.o)
 .rodata._printf_i.str1.1
                0x08008a09       0x22 C:/Users/takre_9xkzqg1/Downloads/Apps/STM32CubeIDE_1.16.1/STM32CubeIDE/plugins/com.st.stm32cube.ide.mcu.externaltools.gnu-tools-for-stm32.12.3.rel1.win32_1.0.200.202406191623/tools/bin/../lib/gcc/arm-none-eabi/12.3.1/../../../../arm-none-eabi/lib/thumb/v7e-m+fp/hard\libc_nano.a(libc_a-nano-vfprintf_i.o)
 *fill*         0x08008a2b        0x5 
 .rodata.dp_l   0x08008a30       0x10 C:/Users/takre_9xkzqg1/Downloads/Apps/STM32CubeIDE_1.16.1/STM32CubeIDE/plugins/com.st.stm32cube.ide.mcu.externaltools.gnu-tools-for-stm32.12.3.rel1.win32_1.0.200.202406191623/tools/bin/../lib/gcc/arm-none-eabi/12.3.1/../../../../arm-none-eabi/lib/thumb/v7e-m+fp/hard\libm.a(libm_a-e_pow.o)
 .rodata.dp_h   0x08008a40       0x10 C:/Users/takre_9xkzqg1/Downloads/Apps/STM32CubeIDE_1.16.1/STM32CubeIDE/plugins/com.st.stm32cube.ide.mcu.externaltools.gnu-tools-for-stm32.12.3.rel1.win32_1.0.200.202406191623/tools/bin/../lib/gcc/arm-none-eabi/12.3.1/../../../../arm-none-eabi/lib/thumb/v7e-m+fp/hard\libm.a(libm_a-e_pow.o)
 .rodata.bp     0x08008a50       0x10 C:/Users/takre_9xkzqg1/Downloads/Apps/STM32CubeIDE_1.16.1/STM32CubeIDE/plugins/com.st.stm32cube.ide.mcu.externaltools.gnu-tools-for-stm32.12.3.rel1.win32_1.0.200.202406191623/tools/bin/../lib/gcc/arm-none-eabi/12.3.1/../../../../arm-none-eabi/lib/thumb/v7e-m+fp/hard\libm.a(libm_a-e_pow.o)
                0x08008a60                        . = ALIGN (0x4)

.ARM.extab      0x08008a60        0x0
                0x08008a60                        . = ALIGN (0x4)
 *(.ARM.extab* .gnu.linkonce.armextab.*)
                0x08008a60                        . = ALIGN (0x4)

.ARM            0x08008a60        0x8
                0x08008a60                        . = ALIGN (0x4)
                0x08008a60                        __exidx_start = .
 *(.ARM.exidx*)
 .ARM.exidx     0x08008a60        0x8 C:/Users/takre_9xkzqg1/Downloads/Apps/STM32CubeIDE_1.16.1/STM32CubeIDE/plugins/com.st.stm32cube.ide.mcu.externaltools.gnu-tools-for-stm32.12.3.rel1.win32_1.0.200.202406191623/tools/bin/../lib/gcc/arm-none-eabi/12.3.1/../../../../arm-none-eabi/lib/thumb/v7e-m+fp/hard\libc_nano.a(libc_a-strcmp.o)
 .ARM.exidx     0x08008a68        0x0 C:/Users/takre_9xkzqg1/Downloads/Apps/STM32CubeIDE_1.16.1/STM32CubeIDE/plugins/com.st.stm32cube.ide.mcu.externaltools.gnu-tools-for-stm32.12.3.rel1.win32_1.0.200.202406191623/tools/bin/../lib/gcc/arm-none-eabi/12.3.1/../../../../arm-none-eabi/lib/thumb/v7e-m+fp/hard\libc_nano.a(libc_a-memchr.o)
                                  0x8 (size before relaxing)
                0x08008a68                        __exidx_end = .
                0x08008a68                        . = ALIGN (0x4)

.preinit_array  0x08008a68        0x0
                0x08008a68                        . = ALIGN (0x4)
                0x08008a68                        PROVIDE (__preinit_array_start = .)
 *(.preinit_array*)
                0x08008a68                        PROVIDE (__preinit_array_end = .)
                0x08008a68                        . = ALIGN (0x4)

.init_array     0x08008a68        0x4
                0x08008a68                        . = ALIGN (0x4)
                0x08008a68                        PROVIDE (__init_array_start = .)
 *(SORT_BY_NAME(.init_array.*))
 *(.init_array*)
 .init_array    0x08008a68        0x4 C:/Users/takre_9xkzqg1/Downloads/Apps/STM32CubeIDE_1.16.1/STM32CubeIDE/plugins/com.st.stm32cube.ide.mcu.externaltools.gnu-tools-for-stm32.12.3.rel1.win32_1.0.200.202406191623/tools/bin/../lib/gcc/arm-none-eabi/12.3.1/thumb/v7e-m+fp/hard/crtbegin.o
                0x08008a6c                        PROVIDE (__init_array_end = .)
                0x08008a6c                        . = ALIGN (0x4)

.fini_array     0x08008a6c        0x4
                0x08008a6c                        . = ALIGN (0x4)
                [!provide]                        PROVIDE (__fini_array_start = .)
 *(SORT_BY_NAME(.fini_array.*))
 *(.fini_array*)
 .fini_array    0x08008a6c        0x4 C:/Users/takre_9xkzqg1/Downloads/Apps/STM32CubeIDE_1.16.1/STM32CubeIDE/plugins/com.st.stm32cube.ide.mcu.externaltools.gnu-tools-for-stm32.12.3.rel1.win32_1.0.200.202406191623/tools/bin/../lib/gcc/arm-none-eabi/12.3.1/thumb/v7e-m+fp/hard/crtbegin.o
                [!provide]                        PROVIDE (__fini_array_end = .)
                0x08008a70                        . = ALIGN (0x4)
                0x08008a70                        _sidata = LOADADDR (.data)

.rel.dyn        0x08008a70        0x0
 .rel.iplt      0x08008a70        0x0 C:/Users/takre_9xkzqg1/Downloads/Apps/STM32CubeIDE_1.16.1/STM32CubeIDE/plugins/com.st.stm32cube.ide.mcu.externaltools.gnu-tools-for-stm32.12.3.rel1.win32_1.0.200.202406191623/tools/bin/../lib/gcc/arm-none-eabi/12.3.1/thumb/v7e-m+fp/hard/crtbegin.o

.data           0x20000000      0x150 load address 0x08008a70
                0x20000000                        . = ALIGN (0x4)
                0x20000000                        _sdata = .
 *(.data)
 *(.data*)
 .data.ADC_Channels
                0x20000000       0x14 ./Core/Src/adc.o
                0x20000000                ADC_Channels
 .data.special1
                0x20000014        0x8 ./Core/Src/liquidcrystal_i2c.o
                0x20000014                special1
 .data.special2
                0x2000001c        0x8 ./Core/Src/liquidcrystal_i2c.o
                0x2000001c                special2
 .data.special3
                0x20000024        0x8 ./Core/Src/liquidcrystal_i2c.o
                0x20000024                special3
 .data.flower   0x2000002c       0x18 ./Core/Src/plant_database.o
                0x2000002c                flower
 .data.tree     0x20000044       0x18 ./Core/Src/plant_database.o
                0x20000044                tree
 .data.succulent
                0x2000005c       0x18 ./Core/Src/plant_database.o
                0x2000005c                succulent
 .data.plant_list
                0x20000074        0xc ./Core/Src/plant_database.o
                0x20000074                plant_list
 .data.user_selected_plant
                0x20000080       0x18 ./Core/Src/setup.o
                0x20000080                user_selected_plant
 .data.flags    0x20000098       0x14 ./Core/Src/setup.o
                0x20000098                flags
 .data.SystemCoreClock
                0x200000ac        0x4 ./Core/Src/system_stm32l4xx.o
                0x200000ac                SystemCoreClock
 .data.display_is_on
                0x200000b0        0x1 ./Core/Src/user_interaction.o
                0x200000b0                display_is_on
 .data.new_data
                0x200000b1        0x1 ./Core/Src/user_interaction.o
                0x200000b1                new_data
 *fill*         0x200000b2        0x2 
 .data.alert_array
                0x200000b4       0x30 ./Core/Src/user_interaction.o
                0x200000b4                alert_array
 .data.uwTickPrio
                0x200000e4        0x4 ./Drivers/STM32L4xx_HAL_Driver/Src/stm32l4xx_hal.o
                0x200000e4                uwTickPrio
 .data.uwTickFreq
                0x200000e8        0x1 ./Drivers/STM32L4xx_HAL_Driver/Src/stm32l4xx_hal.o
                0x200000e8                uwTickFreq
 *fill*         0x200000e9        0x3 
 .data._impure_ptr
                0x200000ec        0x4 C:/Users/takre_9xkzqg1/Downloads/Apps/STM32CubeIDE_1.16.1/STM32CubeIDE/plugins/com.st.stm32cube.ide.mcu.externaltools.gnu-tools-for-stm32.12.3.rel1.win32_1.0.200.202406191623/tools/bin/../lib/gcc/arm-none-eabi/12.3.1/../../../../arm-none-eabi/lib/thumb/v7e-m+fp/hard\libc_nano.a(libc_a-impure.o)
                0x200000ec                _impure_ptr
 .data._impure_data
                0x200000f0       0x4c C:/Users/takre_9xkzqg1/Downloads/Apps/STM32CubeIDE_1.16.1/STM32CubeIDE/plugins/com.st.stm32cube.ide.mcu.externaltools.gnu-tools-for-stm32.12.3.rel1.win32_1.0.200.202406191623/tools/bin/../lib/gcc/arm-none-eabi/12.3.1/../../../../arm-none-eabi/lib/thumb/v7e-m+fp/hard\libc_nano.a(libc_a-impure.o)
                0x200000f0                _impure_data
 *fill*         0x2000013c        0x4 
 .data.tiny     0x20000140        0x8 C:/Users/takre_9xkzqg1/Downloads/Apps/STM32CubeIDE_1.16.1/STM32CubeIDE/plugins/com.st.stm32cube.ide.mcu.externaltools.gnu-tools-for-stm32.12.3.rel1.win32_1.0.200.202406191623/tools/bin/../lib/gcc/arm-none-eabi/12.3.1/../../../../arm-none-eabi/lib/thumb/v7e-m+fp/hard\libm.a(libm_a-e_sqrt.o)
 .data.one      0x20000148        0x8 C:/Users/takre_9xkzqg1/Downloads/Apps/STM32CubeIDE_1.16.1/STM32CubeIDE/plugins/com.st.stm32cube.ide.mcu.externaltools.gnu-tools-for-stm32.12.3.rel1.win32_1.0.200.202406191623/tools/bin/../lib/gcc/arm-none-eabi/12.3.1/../../../../arm-none-eabi/lib/thumb/v7e-m+fp/hard\libm.a(libm_a-e_sqrt.o)
 *(.RamFunc)
 *(.RamFunc*)
                0x20000150                        . = ALIGN (0x4)
                0x20000150                        _edata = .

.igot.plt       0x20000150        0x0 load address 0x08008bc0
 .igot.plt      0x20000150        0x0 C:/Users/takre_9xkzqg1/Downloads/Apps/STM32CubeIDE_1.16.1/STM32CubeIDE/plugins/com.st.stm32cube.ide.mcu.externaltools.gnu-tools-for-stm32.12.3.rel1.win32_1.0.200.202406191623/tools/bin/../lib/gcc/arm-none-eabi/12.3.1/thumb/v7e-m+fp/hard/crtbegin.o
                0x20000150                        . = ALIGN (0x4)

.bss            0x20000150      0x57c load address 0x08008bc0
                0x20000150                        _sbss = .
                0x20000150                        __bss_start__ = _sbss
 *(.bss)
 .bss           0x20000150       0x1c C:/Users/takre_9xkzqg1/Downloads/Apps/STM32CubeIDE_1.16.1/STM32CubeIDE/plugins/com.st.stm32cube.ide.mcu.externaltools.gnu-tools-for-stm32.12.3.rel1.win32_1.0.200.202406191623/tools/bin/../lib/gcc/arm-none-eabi/12.3.1/thumb/v7e-m+fp/hard/crtbegin.o
 *(.bss*)
 .bss.ADC_CH_Cfg
                0x2000016c       0x18 ./Core/Src/adc.o
                0x2000016c                ADC_CH_Cfg
 .bss.light_int_24_hrs
                0x20000184      0x240 ./Core/Src/light_sensor.o
                0x20000184                light_int_24_hrs
 .bss.daily_max_ints
                0x200003c4        0xc ./Core/Src/light_sensor.o
                0x200003c4                daily_max_ints
 .bss.light_24h_counter
                0x200003d0        0x4 ./Core/Src/light_sensor.o
                0x200003d0                light_24h_counter
 .bss.dpFunction
                0x200003d4        0x1 ./Core/Src/liquidcrystal_i2c.o
                0x200003d4                dpFunction
 .bss.dpControl
                0x200003d5        0x1 ./Core/Src/liquidcrystal_i2c.o
                0x200003d5                dpControl
 .bss.dpMode    0x200003d6        0x1 ./Core/Src/liquidcrystal_i2c.o
                0x200003d6                dpMode
 .bss.dpRows    0x200003d7        0x1 ./Core/Src/liquidcrystal_i2c.o
                0x200003d7                dpRows
 .bss.dpBacklight
                0x200003d8        0x1 ./Core/Src/liquidcrystal_i2c.o
                0x200003d8                dpBacklight
 .bss.just_on   0x200003d9        0x1 ./Core/Src/liquidcrystal_i2c.o
                0x200003d9                just_on
 *fill*         0x200003da        0x2 
 .bss.line1     0x200003dc       0x11 ./Core/Src/liquidcrystal_i2c.o
                0x200003dc                line1
 *fill*         0x200003ed        0x3 
 .bss.line2     0x200003f0       0x11 ./Core/Src/liquidcrystal_i2c.o
                0x200003f0                line2
 *fill*         0x20000401        0x3 
 .bss.hadc1     0x20000404       0x68 ./Core/Src/main.o
                0x20000404                hadc1
 .bss.hi2c3     0x2000046c       0x54 ./Core/Src/main.o
                0x2000046c                hi2c3
 .bss.hi2c4     0x200004c0       0x54 ./Core/Src/main.o
                0x200004c0                hi2c4
 .bss.hrtc      0x20000514       0x24 ./Core/Src/main.o
                0x20000514                hrtc
 .bss.veml      0x20000538        0x8 ./Core/Src/main.o
                0x20000538                veml
 .bss.last_interrupt_time.0
                0x20000540        0x4 ./Core/Src/main.o
 .bss.moisture_sensor_readings
                0x20000544        0x4 ./Core/Src/moisture_sensor.o
                0x20000544                moisture_sensor_readings
 .bss.calibrated_wet_level
                0x20000548        0x2 ./Core/Src/setup.o
                0x20000548                calibrated_wet_level
 .bss.pot_depth
                0x2000054a        0x2 ./Core/Src/setup.o
                0x2000054a                pot_depth
 .bss.rtc_flag  0x2000054c        0x4 ./Core/Src/setup.o
                0x2000054c                rtc_flag
 .bss.flag_1    0x20000550        0x4 ./Core/Src/setup.o
                0x20000550                flag_1
 .bss.flag_2    0x20000554        0x4 ./Core/Src/setup.o
                0x20000554                flag_2
 .bss.flag_3    0x20000558        0x4 ./Core/Src/setup.o
                0x20000558                flag_3
 .bss.flag_4    0x2000055c        0x4 ./Core/Src/setup.o
                0x2000055c                flag_4
 .bss.__sbrk_heap_end
                0x20000560        0x4 ./Core/Src/sysmem.o
 .bss.alerts_set
                0x20000564        0x1 ./Core/Src/user_interaction.o
                0x20000564                alerts_set
 *fill*         0x20000565        0x1 
 .bss.A_more_light
                0x20000566        0x2 ./Core/Src/user_interaction.o
                0x20000566                A_more_light
 .bss.A_less_light
                0x20000568        0x2 ./Core/Src/user_interaction.o
                0x20000568                A_less_light
 .bss.A_brighter
                0x2000056a        0x2 ./Core/Src/user_interaction.o
                0x2000056a                A_brighter
 .bss.A_darker  0x2000056c        0x2 ./Core/Src/user_interaction.o
                0x2000056c                A_darker
 .bss.A_too_hot
                0x2000056e        0x2 ./Core/Src/user_interaction.o
                0x2000056e                A_too_hot
 .bss.A_too_cold
                0x20000570        0x2 ./Core/Src/user_interaction.o
                0x20000570                A_too_cold
 .bss.A_too_humid
                0x20000572        0x2 ./Core/Src/user_interaction.o
                0x20000572                A_too_humid
 .bss.A_too_dry
                0x20000574        0x2 ./Core/Src/user_interaction.o
                0x20000574                A_too_dry
 .bss.A_water   0x20000576        0x2 ./Core/Src/user_interaction.o
                0x20000576                A_water
 .bss.A_fertilize
                0x20000578        0x2 ./Core/Src/user_interaction.o
                0x20000578                A_fertilize
 .bss.A_dust    0x2000057a        0x2 ./Core/Src/user_interaction.o
                0x2000057a                A_dust
 .bss.A_low_battery
                0x2000057c        0x2 ./Core/Src/user_interaction.o
                0x2000057c                A_low_battery
 *fill*         0x2000057e        0x2 
 .bss.uwTick    0x20000580        0x4 ./Drivers/STM32L4xx_HAL_Driver/Src/stm32l4xx_hal.o
                0x20000580                uwTick
 .bss.__sf      0x20000584      0x138 C:/Users/takre_9xkzqg1/Downloads/Apps/STM32CubeIDE_1.16.1/STM32CubeIDE/plugins/com.st.stm32cube.ide.mcu.externaltools.gnu-tools-for-stm32.12.3.rel1.win32_1.0.200.202406191623/tools/bin/../lib/gcc/arm-none-eabi/12.3.1/../../../../arm-none-eabi/lib/thumb/v7e-m+fp/hard\libc_nano.a(libc_a-findfp.o)
                0x20000584                __sf
 .bss.errno     0x200006bc        0x4 C:/Users/takre_9xkzqg1/Downloads/Apps/STM32CubeIDE_1.16.1/STM32CubeIDE/plugins/com.st.stm32cube.ide.mcu.externaltools.gnu-tools-for-stm32.12.3.rel1.win32_1.0.200.202406191623/tools/bin/../lib/gcc/arm-none-eabi/12.3.1/../../../../arm-none-eabi/lib/thumb/v7e-m+fp/hard\libc_nano.a(libc_a-reent.o)
                0x200006bc                errno
 .bss.__lock___malloc_recursive_mutex
                0x200006c0        0x1 C:/Users/takre_9xkzqg1/Downloads/Apps/STM32CubeIDE_1.16.1/STM32CubeIDE/plugins/com.st.stm32cube.ide.mcu.externaltools.gnu-tools-for-stm32.12.3.rel1.win32_1.0.200.202406191623/tools/bin/../lib/gcc/arm-none-eabi/12.3.1/../../../../arm-none-eabi/lib/thumb/v7e-m+fp/hard\libc_nano.a(libc_a-lock.o)
                0x200006c0                __lock___malloc_recursive_mutex
 *fill*         0x200006c1        0x3 
 .bss.__malloc_sbrk_start
                0x200006c4        0x4 C:/Users/takre_9xkzqg1/Downloads/Apps/STM32CubeIDE_1.16.1/STM32CubeIDE/plugins/com.st.stm32cube.ide.mcu.externaltools.gnu-tools-for-stm32.12.3.rel1.win32_1.0.200.202406191623/tools/bin/../lib/gcc/arm-none-eabi/12.3.1/../../../../arm-none-eabi/lib/thumb/v7e-m+fp/hard\libc_nano.a(libc_a-mallocr.o)
                0x200006c4                __malloc_sbrk_start
 .bss.__malloc_free_list
                0x200006c8        0x4 C:/Users/takre_9xkzqg1/Downloads/Apps/STM32CubeIDE_1.16.1/STM32CubeIDE/plugins/com.st.stm32cube.ide.mcu.externaltools.gnu-tools-for-stm32.12.3.rel1.win32_1.0.200.202406191623/tools/bin/../lib/gcc/arm-none-eabi/12.3.1/../../../../arm-none-eabi/lib/thumb/v7e-m+fp/hard\libc_nano.a(libc_a-mallocr.o)
                0x200006c8                __malloc_free_list
 *(COMMON)
                0x200006cc                        . = ALIGN (0x4)
                0x200006cc                        _ebss = .
                0x200006cc                        __bss_end__ = _ebss

._user_heap_stack
                0x200006cc      0x604 load address 0x08008bc0
                0x200006d0                        . = ALIGN (0x8)
 *fill*         0x200006cc        0x4 
                [!provide]                        PROVIDE (end = .)
                0x200006d0                        PROVIDE (_end = .)
                0x200008d0                        . = (. + _Min_Heap_Size)
 *fill*         0x200006d0      0x200 
                0x20000cd0                        . = (. + _Min_Stack_Size)
 *fill*         0x200008d0      0x400 
                0x20000cd0                        . = ALIGN (0x8)

/DISCARD/
 libc.a(*)
 libm.a(*)
 libgcc.a(*)

.ARM.attributes
                0x00000000       0x30
 *(.ARM.attributes)
 .ARM.attributes
                0x00000000       0x22 C:/Users/takre_9xkzqg1/Downloads/Apps/STM32CubeIDE_1.16.1/STM32CubeIDE/plugins/com.st.stm32cube.ide.mcu.externaltools.gnu-tools-for-stm32.12.3.rel1.win32_1.0.200.202406191623/tools/bin/../lib/gcc/arm-none-eabi/12.3.1/thumb/v7e-m+fp/hard/crti.o
 .ARM.attributes
                0x00000022       0x34 C:/Users/takre_9xkzqg1/Downloads/Apps/STM32CubeIDE_1.16.1/STM32CubeIDE/plugins/com.st.stm32cube.ide.mcu.externaltools.gnu-tools-for-stm32.12.3.rel1.win32_1.0.200.202406191623/tools/bin/../lib/gcc/arm-none-eabi/12.3.1/thumb/v7e-m+fp/hard/crtbegin.o
 .ARM.attributes
                0x00000056       0x34 ./Core/Src/adc.o
 .ARM.attributes
                0x0000008a       0x34 ./Core/Src/light_sensor.o
 .ARM.attributes
                0x000000be       0x34 ./Core/Src/liquidcrystal_i2c.o
 .ARM.attributes
                0x000000f2       0x34 ./Core/Src/main.o
 .ARM.attributes
                0x00000126       0x34 ./Core/Src/moisture_sensor.o
 .ARM.attributes
                0x0000015a       0x34 ./Core/Src/plant_database.o
 .ARM.attributes
                0x0000018e       0x34 ./Core/Src/setup.o
 .ARM.attributes
                0x000001c2       0x34 ./Core/Src/stm32l4xx_hal_msp.o
 .ARM.attributes
                0x000001f6       0x34 ./Core/Src/stm32l4xx_it.o
 .ARM.attributes
                0x0000022a       0x34 ./Core/Src/sysmem.o
 .ARM.attributes
                0x0000025e       0x34 ./Core/Src/system_stm32l4xx.o
 .ARM.attributes
                0x00000292       0x34 ./Core/Src/user_interaction.o
 .ARM.attributes
                0x000002c6       0x34 ./Core/Src/veml7700.o
 .ARM.attributes
                0x000002fa       0x21 ./Core/Startup/startup_stm32l452rctx.o
 .ARM.attributes
                0x0000031b       0x34 ./Drivers/STM32L4xx_HAL_Driver/Src/stm32l4xx_hal.o
 .ARM.attributes
                0x0000034f       0x34 ./Drivers/STM32L4xx_HAL_Driver/Src/stm32l4xx_hal_adc.o
 .ARM.attributes
                0x00000383       0x34 ./Drivers/STM32L4xx_HAL_Driver/Src/stm32l4xx_hal_cortex.o
 .ARM.attributes
                0x000003b7       0x34 ./Drivers/STM32L4xx_HAL_Driver/Src/stm32l4xx_hal_gpio.o
 .ARM.attributes
                0x000003eb       0x34 ./Drivers/STM32L4xx_HAL_Driver/Src/stm32l4xx_hal_i2c.o
 .ARM.attributes
                0x0000041f       0x34 ./Drivers/STM32L4xx_HAL_Driver/Src/stm32l4xx_hal_i2c_ex.o
 .ARM.attributes
                0x00000453       0x34 ./Drivers/STM32L4xx_HAL_Driver/Src/stm32l4xx_hal_pwr_ex.o
 .ARM.attributes
                0x00000487       0x34 ./Drivers/STM32L4xx_HAL_Driver/Src/stm32l4xx_hal_rcc.o
 .ARM.attributes
                0x000004bb       0x34 ./Drivers/STM32L4xx_HAL_Driver/Src/stm32l4xx_hal_rcc_ex.o
 .ARM.attributes
                0x000004ef       0x34 ./Drivers/STM32L4xx_HAL_Driver/Src/stm32l4xx_hal_rtc.o
 .ARM.attributes
                0x00000523       0x34 ./Drivers/STM32L4xx_HAL_Driver/Src/stm32l4xx_hal_rtc_ex.o
 .ARM.attributes
                0x00000557       0x34 C:/Users/takre_9xkzqg1/Downloads/Apps/STM32CubeIDE_1.16.1/STM32CubeIDE/plugins/com.st.stm32cube.ide.mcu.externaltools.gnu-tools-for-stm32.12.3.rel1.win32_1.0.200.202406191623/tools/bin/../lib/gcc/arm-none-eabi/12.3.1/../../../../arm-none-eabi/lib/thumb/v7e-m+fp/hard\libc_nano.a(libc_a-findfp.o)
 .ARM.attributes
                0x0000058b       0x34 C:/Users/takre_9xkzqg1/Downloads/Apps/STM32CubeIDE_1.16.1/STM32CubeIDE/plugins/com.st.stm32cube.ide.mcu.externaltools.gnu-tools-for-stm32.12.3.rel1.win32_1.0.200.202406191623/tools/bin/../lib/gcc/arm-none-eabi/12.3.1/../../../../arm-none-eabi/lib/thumb/v7e-m+fp/hard\libc_nano.a(libc_a-sprintf.o)
 .ARM.attributes
                0x000005bf       0x34 C:/Users/takre_9xkzqg1/Downloads/Apps/STM32CubeIDE_1.16.1/STM32CubeIDE/plugins/com.st.stm32cube.ide.mcu.externaltools.gnu-tools-for-stm32.12.3.rel1.win32_1.0.200.202406191623/tools/bin/../lib/gcc/arm-none-eabi/12.3.1/../../../../arm-none-eabi/lib/thumb/v7e-m+fp/hard\libc_nano.a(libc_a-memset.o)
 .ARM.attributes
                0x000005f3       0x34 C:/Users/takre_9xkzqg1/Downloads/Apps/STM32CubeIDE_1.16.1/STM32CubeIDE/plugins/com.st.stm32cube.ide.mcu.externaltools.gnu-tools-for-stm32.12.3.rel1.win32_1.0.200.202406191623/tools/bin/../lib/gcc/arm-none-eabi/12.3.1/../../../../arm-none-eabi/lib/thumb/v7e-m+fp/hard\libc_nano.a(libc_a-strncpy.o)
 .ARM.attributes
                0x00000627       0x34 C:/Users/takre_9xkzqg1/Downloads/Apps/STM32CubeIDE_1.16.1/STM32CubeIDE/plugins/com.st.stm32cube.ide.mcu.externaltools.gnu-tools-for-stm32.12.3.rel1.win32_1.0.200.202406191623/tools/bin/../lib/gcc/arm-none-eabi/12.3.1/../../../../arm-none-eabi/lib/thumb/v7e-m+fp/hard\libc_nano.a(libc_a-reent.o)
 .ARM.attributes
                0x0000065b       0x34 C:/Users/takre_9xkzqg1/Downloads/Apps/STM32CubeIDE_1.16.1/STM32CubeIDE/plugins/com.st.stm32cube.ide.mcu.externaltools.gnu-tools-for-stm32.12.3.rel1.win32_1.0.200.202406191623/tools/bin/../lib/gcc/arm-none-eabi/12.3.1/../../../../arm-none-eabi/lib/thumb/v7e-m+fp/hard\libc_nano.a(libc_a-impure.o)
 .ARM.attributes
                0x0000068f       0x34 C:/Users/takre_9xkzqg1/Downloads/Apps/STM32CubeIDE_1.16.1/STM32CubeIDE/plugins/com.st.stm32cube.ide.mcu.externaltools.gnu-tools-for-stm32.12.3.rel1.win32_1.0.200.202406191623/tools/bin/../lib/gcc/arm-none-eabi/12.3.1/../../../../arm-none-eabi/lib/thumb/v7e-m+fp/hard\libc_nano.a(libc_a-errno.o)
 .ARM.attributes
                0x000006c3       0x34 C:/Users/takre_9xkzqg1/Downloads/Apps/STM32CubeIDE_1.16.1/STM32CubeIDE/plugins/com.st.stm32cube.ide.mcu.externaltools.gnu-tools-for-stm32.12.3.rel1.win32_1.0.200.202406191623/tools/bin/../lib/gcc/arm-none-eabi/12.3.1/../../../../arm-none-eabi/lib/thumb/v7e-m+fp/hard\libc_nano.a(libc_a-init.o)
 .ARM.attributes
                0x000006f7       0x34 C:/Users/takre_9xkzqg1/Downloads/Apps/STM32CubeIDE_1.16.1/STM32CubeIDE/plugins/com.st.stm32cube.ide.mcu.externaltools.gnu-tools-for-stm32.12.3.rel1.win32_1.0.200.202406191623/tools/bin/../lib/gcc/arm-none-eabi/12.3.1/../../../../arm-none-eabi/lib/thumb/v7e-m+fp/hard\libc_nano.a(libc_a-lock.o)
 .ARM.attributes
                0x0000072b       0x20 C:/Users/takre_9xkzqg1/Downloads/Apps/STM32CubeIDE_1.16.1/STM32CubeIDE/plugins/com.st.stm32cube.ide.mcu.externaltools.gnu-tools-for-stm32.12.3.rel1.win32_1.0.200.202406191623/tools/bin/../lib/gcc/arm-none-eabi/12.3.1/../../../../arm-none-eabi/lib/thumb/v7e-m+fp/hard\libc_nano.a(libc_a-strcmp.o)
 .ARM.attributes
                0x0000074b       0x34 C:/Users/takre_9xkzqg1/Downloads/Apps/STM32CubeIDE_1.16.1/STM32CubeIDE/plugins/com.st.stm32cube.ide.mcu.externaltools.gnu-tools-for-stm32.12.3.rel1.win32_1.0.200.202406191623/tools/bin/../lib/gcc/arm-none-eabi/12.3.1/../../../../arm-none-eabi/lib/thumb/v7e-m+fp/hard\libc_nano.a(libc_a-memcpy-stub.o)
 .ARM.attributes
                0x0000077f       0x34 C:/Users/takre_9xkzqg1/Downloads/Apps/STM32CubeIDE_1.16.1/STM32CubeIDE/plugins/com.st.stm32cube.ide.mcu.externaltools.gnu-tools-for-stm32.12.3.rel1.win32_1.0.200.202406191623/tools/bin/../lib/gcc/arm-none-eabi/12.3.1/../../../../arm-none-eabi/lib/thumb/v7e-m+fp/hard\libc_nano.a(libc_a-freer.o)
 .ARM.attributes
                0x000007b3       0x34 C:/Users/takre_9xkzqg1/Downloads/Apps/STM32CubeIDE_1.16.1/STM32CubeIDE/plugins/com.st.stm32cube.ide.mcu.externaltools.gnu-tools-for-stm32.12.3.rel1.win32_1.0.200.202406191623/tools/bin/../lib/gcc/arm-none-eabi/12.3.1/../../../../arm-none-eabi/lib/thumb/v7e-m+fp/hard\libc_nano.a(libc_a-mallocr.o)
 .ARM.attributes
                0x000007e7       0x34 C:/Users/takre_9xkzqg1/Downloads/Apps/STM32CubeIDE_1.16.1/STM32CubeIDE/plugins/com.st.stm32cube.ide.mcu.externaltools.gnu-tools-for-stm32.12.3.rel1.win32_1.0.200.202406191623/tools/bin/../lib/gcc/arm-none-eabi/12.3.1/../../../../arm-none-eabi/lib/thumb/v7e-m+fp/hard\libc_nano.a(libc_a-mlock.o)
 .ARM.attributes
                0x0000081b       0x34 C:/Users/takre_9xkzqg1/Downloads/Apps/STM32CubeIDE_1.16.1/STM32CubeIDE/plugins/com.st.stm32cube.ide.mcu.externaltools.gnu-tools-for-stm32.12.3.rel1.win32_1.0.200.202406191623/tools/bin/../lib/gcc/arm-none-eabi/12.3.1/../../../../arm-none-eabi/lib/thumb/v7e-m+fp/hard\libc_nano.a(libc_a-nano-svfprintf.o)
 .ARM.attributes
                0x0000084f       0x34 C:/Users/takre_9xkzqg1/Downloads/Apps/STM32CubeIDE_1.16.1/STM32CubeIDE/plugins/com.st.stm32cube.ide.mcu.externaltools.gnu-tools-for-stm32.12.3.rel1.win32_1.0.200.202406191623/tools/bin/../lib/gcc/arm-none-eabi/12.3.1/../../../../arm-none-eabi/lib/thumb/v7e-m+fp/hard\libc_nano.a(libc_a-nano-vfprintf_i.o)
 .ARM.attributes
                0x00000883       0x34 C:/Users/takre_9xkzqg1/Downloads/Apps/STM32CubeIDE_1.16.1/STM32CubeIDE/plugins/com.st.stm32cube.ide.mcu.externaltools.gnu-tools-for-stm32.12.3.rel1.win32_1.0.200.202406191623/tools/bin/../lib/gcc/arm-none-eabi/12.3.1/../../../../arm-none-eabi/lib/thumb/v7e-m+fp/hard\libc_nano.a(libc_a-memmove.o)
 .ARM.attributes
                0x000008b7       0x34 C:/Users/takre_9xkzqg1/Downloads/Apps/STM32CubeIDE_1.16.1/STM32CubeIDE/plugins/com.st.stm32cube.ide.mcu.externaltools.gnu-tools-for-stm32.12.3.rel1.win32_1.0.200.202406191623/tools/bin/../lib/gcc/arm-none-eabi/12.3.1/../../../../arm-none-eabi/lib/thumb/v7e-m+fp/hard\libc_nano.a(libc_a-sbrkr.o)
 .ARM.attributes
                0x000008eb       0x1c C:/Users/takre_9xkzqg1/Downloads/Apps/STM32CubeIDE_1.16.1/STM32CubeIDE/plugins/com.st.stm32cube.ide.mcu.externaltools.gnu-tools-for-stm32.12.3.rel1.win32_1.0.200.202406191623/tools/bin/../lib/gcc/arm-none-eabi/12.3.1/../../../../arm-none-eabi/lib/thumb/v7e-m+fp/hard\libc_nano.a(libc_a-memchr.o)
 .ARM.attributes
                0x00000907       0x34 C:/Users/takre_9xkzqg1/Downloads/Apps/STM32CubeIDE_1.16.1/STM32CubeIDE/plugins/com.st.stm32cube.ide.mcu.externaltools.gnu-tools-for-stm32.12.3.rel1.win32_1.0.200.202406191623/tools/bin/../lib/gcc/arm-none-eabi/12.3.1/../../../../arm-none-eabi/lib/thumb/v7e-m+fp/hard\libc_nano.a(libc_a-reallocr.o)
 .ARM.attributes
                0x0000093b       0x34 C:/Users/takre_9xkzqg1/Downloads/Apps/STM32CubeIDE_1.16.1/STM32CubeIDE/plugins/com.st.stm32cube.ide.mcu.externaltools.gnu-tools-for-stm32.12.3.rel1.win32_1.0.200.202406191623/tools/bin/../lib/gcc/arm-none-eabi/12.3.1/../../../../arm-none-eabi/lib/thumb/v7e-m+fp/hard\libc_nano.a(libc_a-msizer.o)
 .ARM.attributes
                0x0000096f       0x34 C:/Users/takre_9xkzqg1/Downloads/Apps/STM32CubeIDE_1.16.1/STM32CubeIDE/plugins/com.st.stm32cube.ide.mcu.externaltools.gnu-tools-for-stm32.12.3.rel1.win32_1.0.200.202406191623/tools/bin/../lib/gcc/arm-none-eabi/12.3.1/../../../../arm-none-eabi/lib/thumb/v7e-m+fp/hard\libm.a(libm_a-w_pow.o)
 .ARM.attributes
                0x000009a3       0x34 C:/Users/takre_9xkzqg1/Downloads/Apps/STM32CubeIDE_1.16.1/STM32CubeIDE/plugins/com.st.stm32cube.ide.mcu.externaltools.gnu-tools-for-stm32.12.3.rel1.win32_1.0.200.202406191623/tools/bin/../lib/gcc/arm-none-eabi/12.3.1/../../../../arm-none-eabi/lib/thumb/v7e-m+fp/hard\libm.a(libm_a-s_finite.o)
 .ARM.attributes
                0x000009d7       0x34 C:/Users/takre_9xkzqg1/Downloads/Apps/STM32CubeIDE_1.16.1/STM32CubeIDE/plugins/com.st.stm32cube.ide.mcu.externaltools.gnu-tools-for-stm32.12.3.rel1.win32_1.0.200.202406191623/tools/bin/../lib/gcc/arm-none-eabi/12.3.1/../../../../arm-none-eabi/lib/thumb/v7e-m+fp/hard\libm.a(libm_a-e_pow.o)
 .ARM.attributes
                0x00000a0b       0x34 C:/Users/takre_9xkzqg1/Downloads/Apps/STM32CubeIDE_1.16.1/STM32CubeIDE/plugins/com.st.stm32cube.ide.mcu.externaltools.gnu-tools-for-stm32.12.3.rel1.win32_1.0.200.202406191623/tools/bin/../lib/gcc/arm-none-eabi/12.3.1/../../../../arm-none-eabi/lib/thumb/v7e-m+fp/hard\libm.a(libm_a-s_fabs.o)
 .ARM.attributes
                0x00000a3f       0x34 C:/Users/takre_9xkzqg1/Downloads/Apps/STM32CubeIDE_1.16.1/STM32CubeIDE/plugins/com.st.stm32cube.ide.mcu.externaltools.gnu-tools-for-stm32.12.3.rel1.win32_1.0.200.202406191623/tools/bin/../lib/gcc/arm-none-eabi/12.3.1/../../../../arm-none-eabi/lib/thumb/v7e-m+fp/hard\libm.a(libm_a-s_scalbn.o)
 .ARM.attributes
                0x00000a73       0x34 C:/Users/takre_9xkzqg1/Downloads/Apps/STM32CubeIDE_1.16.1/STM32CubeIDE/plugins/com.st.stm32cube.ide.mcu.externaltools.gnu-tools-for-stm32.12.3.rel1.win32_1.0.200.202406191623/tools/bin/../lib/gcc/arm-none-eabi/12.3.1/../../../../arm-none-eabi/lib/thumb/v7e-m+fp/hard\libm.a(libm_a-math_err.o)
 .ARM.attributes
                0x00000aa7       0x34 C:/Users/takre_9xkzqg1/Downloads/Apps/STM32CubeIDE_1.16.1/STM32CubeIDE/plugins/com.st.stm32cube.ide.mcu.externaltools.gnu-tools-for-stm32.12.3.rel1.win32_1.0.200.202406191623/tools/bin/../lib/gcc/arm-none-eabi/12.3.1/../../../../arm-none-eabi/lib/thumb/v7e-m+fp/hard\libm.a(libm_a-e_sqrt.o)
 .ARM.attributes
                0x00000adb       0x22 C:/Users/takre_9xkzqg1/Downloads/Apps/STM32CubeIDE_1.16.1/STM32CubeIDE/plugins/com.st.stm32cube.ide.mcu.externaltools.gnu-tools-for-stm32.12.3.rel1.win32_1.0.200.202406191623/tools/bin/../lib/gcc/arm-none-eabi/12.3.1/thumb/v7e-m+fp/hard\libgcc.a(_arm_addsubdf3.o)
 .ARM.attributes
                0x00000afd       0x22 C:/Users/takre_9xkzqg1/Downloads/Apps/STM32CubeIDE_1.16.1/STM32CubeIDE/plugins/com.st.stm32cube.ide.mcu.externaltools.gnu-tools-for-stm32.12.3.rel1.win32_1.0.200.202406191623/tools/bin/../lib/gcc/arm-none-eabi/12.3.1/thumb/v7e-m+fp/hard\libgcc.a(_arm_muldivdf3.o)
 .ARM.attributes
                0x00000b1f       0x22 C:/Users/takre_9xkzqg1/Downloads/Apps/STM32CubeIDE_1.16.1/STM32CubeIDE/plugins/com.st.stm32cube.ide.mcu.externaltools.gnu-tools-for-stm32.12.3.rel1.win32_1.0.200.202406191623/tools/bin/../lib/gcc/arm-none-eabi/12.3.1/thumb/v7e-m+fp/hard\libgcc.a(_arm_cmpdf2.o)
 .ARM.attributes
                0x00000b41       0x22 C:/Users/takre_9xkzqg1/Downloads/Apps/STM32CubeIDE_1.16.1/STM32CubeIDE/plugins/com.st.stm32cube.ide.mcu.externaltools.gnu-tools-for-stm32.12.3.rel1.win32_1.0.200.202406191623/tools/bin/../lib/gcc/arm-none-eabi/12.3.1/thumb/v7e-m+fp/hard\libgcc.a(_arm_unorddf2.o)
 .ARM.attributes
                0x00000b63       0x22 C:/Users/takre_9xkzqg1/Downloads/Apps/STM32CubeIDE_1.16.1/STM32CubeIDE/plugins/com.st.stm32cube.ide.mcu.externaltools.gnu-tools-for-stm32.12.3.rel1.win32_1.0.200.202406191623/tools/bin/../lib/gcc/arm-none-eabi/12.3.1/thumb/v7e-m+fp/hard\libgcc.a(_arm_fixunsdfsi.o)
 .ARM.attributes
                0x00000b85       0x22 C:/Users/takre_9xkzqg1/Downloads/Apps/STM32CubeIDE_1.16.1/STM32CubeIDE/plugins/com.st.stm32cube.ide.mcu.externaltools.gnu-tools-for-stm32.12.3.rel1.win32_1.0.200.202406191623/tools/bin/../lib/gcc/arm-none-eabi/12.3.1/thumb/v7e-m+fp/hard/crtn.o
OUTPUT(soilsense_demo.elf elf32-littlearm)
LOAD linker stubs
LOAD C:/Users/takre_9xkzqg1/Downloads/Apps/STM32CubeIDE_1.16.1/STM32CubeIDE/plugins/com.st.stm32cube.ide.mcu.externaltools.gnu-tools-for-stm32.12.3.rel1.win32_1.0.200.202406191623/tools/bin/../lib/gcc/arm-none-eabi/12.3.1/../../../../arm-none-eabi/lib/thumb/v7e-m+fp/hard\libc.a
LOAD C:/Users/takre_9xkzqg1/Downloads/Apps/STM32CubeIDE_1.16.1/STM32CubeIDE/plugins/com.st.stm32cube.ide.mcu.externaltools.gnu-tools-for-stm32.12.3.rel1.win32_1.0.200.202406191623/tools/bin/../lib/gcc/arm-none-eabi/12.3.1/../../../../arm-none-eabi/lib/thumb/v7e-m+fp/hard\libm.a
LOAD C:/Users/takre_9xkzqg1/Downloads/Apps/STM32CubeIDE_1.16.1/STM32CubeIDE/plugins/com.st.stm32cube.ide.mcu.externaltools.gnu-tools-for-stm32.12.3.rel1.win32_1.0.200.202406191623/tools/bin/../lib/gcc/arm-none-eabi/12.3.1/thumb/v7e-m+fp/hard\libgcc.a

.debug_info     0x00000000    0x139ea
 .debug_info    0x00000000      0x886 ./Core/Src/adc.o
 .debug_info    0x00000886      0xb38 ./Core/Src/light_sensor.o
 .debug_info    0x000013be      0xfc8 ./Core/Src/liquidcrystal_i2c.o
 .debug_info    0x00002386     0x2006 ./Core/Src/main.o
 .debug_info    0x0000438c      0xa45 ./Core/Src/moisture_sensor.o
 .debug_info    0x00004dd1      0x18a ./Core/Src/plant_database.o
 .debug_info    0x00004f5b      0xa7d ./Core/Src/setup.o
 .debug_info    0x000059d8     0x1792 ./Core/Src/stm32l4xx_hal_msp.o
 .debug_info    0x0000716a      0x569 ./Core/Src/stm32l4xx_it.o
 .debug_info    0x000076d3      0x168 ./Core/Src/sysmem.o
 .debug_info    0x0000783b      0x5cd ./Core/Src/system_stm32l4xx.o
 .debug_info    0x00007e08      0xa51 ./Core/Src/user_interaction.o
 .debug_info    0x00008859      0x926 ./Core/Src/veml7700.o
 .debug_info    0x0000917f       0x30 ./Core/Startup/startup_stm32l452rctx.o
 .debug_info    0x000091af      0xabf ./Drivers/STM32L4xx_HAL_Driver/Src/stm32l4xx_hal.o
 .debug_info    0x00009c6e     0x1d07 ./Drivers/STM32L4xx_HAL_Driver/Src/stm32l4xx_hal_adc.o
 .debug_info    0x0000b975      0xd39 ./Drivers/STM32L4xx_HAL_Driver/Src/stm32l4xx_hal_cortex.o
 .debug_info    0x0000c6ae      0x763 ./Drivers/STM32L4xx_HAL_Driver/Src/stm32l4xx_hal_gpio.o
 .debug_info    0x0000ce11     0x20d2 ./Drivers/STM32L4xx_HAL_Driver/Src/stm32l4xx_hal_i2c.o
 .debug_info    0x0000eee3      0x98d ./Drivers/STM32L4xx_HAL_Driver/Src/stm32l4xx_hal_i2c_ex.o
 .debug_info    0x0000f870      0x920 ./Drivers/STM32L4xx_HAL_Driver/Src/stm32l4xx_hal_pwr_ex.o
 .debug_info    0x00010190      0xbd0 ./Drivers/STM32L4xx_HAL_Driver/Src/stm32l4xx_hal_rcc.o
 .debug_info    0x00010d60      0xf34 ./Drivers/STM32L4xx_HAL_Driver/Src/stm32l4xx_hal_rcc_ex.o
 .debug_info    0x00011c94      0xd7d ./Drivers/STM32L4xx_HAL_Driver/Src/stm32l4xx_hal_rtc.o
 .debug_info    0x00012a11      0xfd9 ./Drivers/STM32L4xx_HAL_Driver/Src/stm32l4xx_hal_rtc_ex.o

.debug_abbrev   0x00000000     0x33b8
 .debug_abbrev  0x00000000      0x1c1 ./Core/Src/adc.o
 .debug_abbrev  0x000001c1      0x2be ./Core/Src/light_sensor.o
 .debug_abbrev  0x0000047f      0x2e6 ./Core/Src/liquidcrystal_i2c.o
 .debug_abbrev  0x00000765      0x331 ./Core/Src/main.o
 .debug_abbrev  0x00000a96      0x255 ./Core/Src/moisture_sensor.o
 .debug_abbrev  0x00000ceb       0xaa ./Core/Src/plant_database.o
 .debug_abbrev  0x00000d95      0x29e ./Core/Src/setup.o
 .debug_abbrev  0x00001033      0x21b ./Core/Src/stm32l4xx_hal_msp.o
 .debug_abbrev  0x0000124e      0x164 ./Core/Src/stm32l4xx_it.o
 .debug_abbrev  0x000013b2       0xbc ./Core/Src/sysmem.o
 .debug_abbrev  0x0000146e      0x11a ./Core/Src/system_stm32l4xx.o
 .debug_abbrev  0x00001588      0x2a3 ./Core/Src/user_interaction.o
 .debug_abbrev  0x0000182b      0x1ce ./Core/Src/veml7700.o
 .debug_abbrev  0x000019f9       0x24 ./Core/Startup/startup_stm32l452rctx.o
 .debug_abbrev  0x00001a1d      0x242 ./Drivers/STM32L4xx_HAL_Driver/Src/stm32l4xx_hal.o
 .debug_abbrev  0x00001c5f      0x2d7 ./Drivers/STM32L4xx_HAL_Driver/Src/stm32l4xx_hal_adc.o
 .debug_abbrev  0x00001f36      0x31c ./Drivers/STM32L4xx_HAL_Driver/Src/stm32l4xx_hal_cortex.o
 .debug_abbrev  0x00002252      0x1cb ./Drivers/STM32L4xx_HAL_Driver/Src/stm32l4xx_hal_gpio.o
 .debug_abbrev  0x0000241d      0x261 ./Drivers/STM32L4xx_HAL_Driver/Src/stm32l4xx_hal_i2c.o
 .debug_abbrev  0x0000267e      0x1c3 ./Drivers/STM32L4xx_HAL_Driver/Src/stm32l4xx_hal_i2c_ex.o
 .debug_abbrev  0x00002841      0x1f9 ./Drivers/STM32L4xx_HAL_Driver/Src/stm32l4xx_hal_pwr_ex.o
 .debug_abbrev  0x00002a3a      0x2cb ./Drivers/STM32L4xx_HAL_Driver/Src/stm32l4xx_hal_rcc.o
 .debug_abbrev  0x00002d05      0x2a1 ./Drivers/STM32L4xx_HAL_Driver/Src/stm32l4xx_hal_rcc_ex.o
 .debug_abbrev  0x00002fa6      0x201 ./Drivers/STM32L4xx_HAL_Driver/Src/stm32l4xx_hal_rtc.o
 .debug_abbrev  0x000031a7      0x211 ./Drivers/STM32L4xx_HAL_Driver/Src/stm32l4xx_hal_rtc_ex.o

.debug_aranges  0x00000000     0x11a0
 .debug_aranges
                0x00000000       0x20 ./Core/Src/adc.o
 .debug_aranges
                0x00000020       0x70 ./Core/Src/light_sensor.o
 .debug_aranges
                0x00000090      0x168 ./Core/Src/liquidcrystal_i2c.o
 .debug_aranges
                0x000001f8       0x78 ./Core/Src/main.o
 .debug_aranges
                0x00000270       0x38 ./Core/Src/moisture_sensor.o
 .debug_aranges
                0x000002a8       0x18 ./Core/Src/plant_database.o
 .debug_aranges
                0x000002c0       0x60 ./Core/Src/setup.o
 .debug_aranges
                0x00000320       0x50 ./Core/Src/stm32l4xx_hal_msp.o
 .debug_aranges
                0x00000370       0x88 ./Core/Src/stm32l4xx_it.o
 .debug_aranges
                0x000003f8       0x20 ./Core/Src/sysmem.o
 .debug_aranges
                0x00000418       0x28 ./Core/Src/system_stm32l4xx.o
 .debug_aranges
                0x00000440       0x48 ./Core/Src/user_interaction.o
 .debug_aranges
                0x00000488       0x70 ./Core/Src/veml7700.o
 .debug_aranges
                0x000004f8       0x28 ./Core/Startup/startup_stm32l452rctx.o
 .debug_aranges
                0x00000520      0x130 ./Drivers/STM32L4xx_HAL_Driver/Src/stm32l4xx_hal.o
 .debug_aranges
                0x00000650      0x218 ./Drivers/STM32L4xx_HAL_Driver/Src/stm32l4xx_hal_adc.o
 .debug_aranges
                0x00000868      0x128 ./Drivers/STM32L4xx_HAL_Driver/Src/stm32l4xx_hal_cortex.o
 .debug_aranges
                0x00000990       0x58 ./Drivers/STM32L4xx_HAL_Driver/Src/stm32l4xx_hal_gpio.o
 .debug_aranges
                0x000009e8      0x2a0 ./Drivers/STM32L4xx_HAL_Driver/Src/stm32l4xx_hal_i2c.o
 .debug_aranges
                0x00000c88       0x48 ./Drivers/STM32L4xx_HAL_Driver/Src/stm32l4xx_hal_i2c_ex.o
 .debug_aranges
                0x00000cd0      0x128 ./Drivers/STM32L4xx_HAL_Driver/Src/stm32l4xx_hal_pwr_ex.o
 .debug_aranges
                0x00000df8       0x90 ./Drivers/STM32L4xx_HAL_Driver/Src/stm32l4xx_hal_rcc.o
 .debug_aranges
                0x00000e88       0xf0 ./Drivers/STM32L4xx_HAL_Driver/Src/stm32l4xx_hal_rcc_ex.o
 .debug_aranges
                0x00000f78       0xe8 ./Drivers/STM32L4xx_HAL_Driver/Src/stm32l4xx_hal_rtc.o
 .debug_aranges
                0x00001060      0x140 ./Drivers/STM32L4xx_HAL_Driver/Src/stm32l4xx_hal_rtc_ex.o

.debug_rnglists
                0x00000000      0xd47
 .debug_rnglists
                0x00000000       0x13 ./Core/Src/adc.o
 .debug_rnglists