../Core/Src/liquidcrystal_i2c.c:43:6:HD44780_Init	16	static
../Core/Src/liquidcrystal_i2c.c:80:6:HD44780_Clear	8	static
../Core/Src/liquidcrystal_i2c.c:85:6:HD44780_Home	8	static
../Core/Src/liquidcrystal_i2c.c:90:6:HD44780_SetCursor	40	static
../Core/Src/liquidcrystal_i2c.c:96:6:HD44780_Display	8	static
../Core/Src/liquidcrystal_i2c.c:97:6:HD44780_NoDisplay	8	static
../Core/Src/liquidcrystal_i2c.c:98:6:HD44780_Cursor	8	static
../Core/Src/liquidcrystal_i2c.c:99:6:HD44780_NoCursor	8	static
../Core/Src/liquidcrystal_i2c.c:100:6:HD44780_Blink	8	static
../Core/Src/liquidcrystal_i2c.c:101:6:HD44780_NoBlink	8	static
../Core/Src/liquidcrystal_i2c.c:102:6:HD44780_ScrollDisplayLeft	8	static
../Core/Src/liquidcrystal_i2c.c:103:6:HD44780_ScrollDisplayRight	8	static
../Core/Src/liquidcrystal_i2c.c:104:6:HD44780_LeftToRight	8	static
../Core/Src/liquidcrystal_i2c.c:105:6:HD44780_RightToLeft	8	static
../Core/Src/liquidcrystal_i2c.c:106:6:HD44780_AutoScroll	8	static
../Core/Src/liquidcrystal_i2c.c:107:6:HD44780_NoAutoScroll	8	static
../Core/Src/liquidcrystal_i2c.c:109:6:HD44780_CreateSpecialChar	24	static
../Core/Src/liquidcrystal_i2c.c:115:6:HD44780_PrintSpecialChar	16	static
../Core/Src/liquidcrystal_i2c.c:119:6:HD44780_LoadCustomCharacter	16	static
../Core/Src/liquidcrystal_i2c.c:123:6:HD44780_PrintStr	16	static
../Core/Src/liquidcrystal_i2c.c:127:6:HD44780_SetBacklight	16	static
../Core/Src/liquidcrystal_i2c.c:132:6:HD44780_NoBacklight	8	static
../Core/Src/liquidcrystal_i2c.c:137:6:HD44780_Backlight	8	static
../Core/Src/liquidcrystal_i2c.c:142:13:SendCommand	16	static
../Core/Src/liquidcrystal_i2c.c:143:13:SendChar	16	static
../Core/Src/liquidcrystal_i2c.c:144:13:Send	24	static
../Core/Src/liquidcrystal_i2c.c:151:13:Write4Bits	16	static
../Core/Src/liquidcrystal_i2c.c:156:13:ExpanderWrite	32	static
../Core/Src/liquidcrystal_i2c.c:161:13:PulseEnable	16	static
../Core/Src/liquidcrystal_i2c.c:168:13:DelayInit	4	static,ignoring_inline_asm
../Core/Src/liquidcrystal_i2c.c:175:13:DelayUS	24	static
../Core/Src/liquidcrystal_i2c.c:184:5:update	16	static
../Core/Src/liquidcrystal_i2c.c:188:6:display_message_left	16	static
../Core/Src/liquidcrystal_i2c.c:200:6:display_message_center	24	static
../Core/Src/liquidcrystal_i2c.c:214:6:convert_number_to_string	16	static
../Core/Src/liquidcrystal_i2c.c:218:6:convert_float_to_string	16	static
../Core/Src/liquidcrystal_i2c.c:222:6:display_message_left_int	48	static
../Core/Src/liquidcrystal_i2c.c:229:6:display_message_left_float	48	static
../Core/Src/liquidcrystal_i2c.c:236:6:display_message_center_int	48	static
../Core/Src/liquidcrystal_i2c.c:243:6:display_message_center_float	48	static
../Core/Src/liquidcrystal_i2c.c:250:6:display_off	8	static
../Core/Src/liquidcrystal_i2c.c:255:6:display_on	8	static
